Component: ARM Compiler 5.05 update 1 (build 106) Tool: armlink [4d0efa]

==============================================================================

Section Cross References

    main.o(.text) refers to port.o(.text) for vPortEnterCritical
    main.o(.text) refers to tasks.o(.text) for xTaskCreate
    main.o(.text) refers to system.o(.text) for systemInit
    main.o(.text) refers to balance.o(.text) for Balance_task
    main.o(.text) refers to mpu6050.o(.text) for MPU6050_task
    main.o(.text) refers to show.o(.text) for show_task
    main.o(.text) refers to led.o(.text) for led_task
    main.o(.text) refers to can.o(.text) for data_task
    main.o(.text) refers to main.o(.data) for .data
    system_stm32f10x.o(.text) refers to system_stm32f10x.o(.data) for .data
    encoder.o(.text) refers to stm32f10x_rcc.o(.text) for RCC_APB1PeriphClockCmd
    encoder.o(.text) refers to stm32f10x_gpio.o(.text) for GPIO_PinRemapConfig
    encoder.o(.text) refers to stm32f10x_tim.o(.text) for TIM_TimeBaseStructInit
    ioi2c.o(.text) refers to stm32f10x_rcc.o(.text) for RCC_APB2PeriphClockCmd
    ioi2c.o(.text) refers to stm32f10x_gpio.o(.text) for GPIO_Init
    ioi2c.o(.text) refers to delay.o(.text) for delay_us
    led.o(.text) refers to stm32f10x_rcc.o(.text) for RCC_APB2PeriphClockCmd
    led.o(.text) refers to stm32f10x_gpio.o(.text) for GPIO_Init
    led.o(.text) refers to tasks.o(.text) for vTaskDelay
    led.o(.text) refers to led.o(.data) for .data
    motor.o(.text) refers to stm32f10x_rcc.o(.text) for RCC_APB2PeriphClockCmd
    motor.o(.text) refers to stm32f10x_gpio.o(.text) for GPIO_Init
    motor.o(.text) refers to stm32f10x_tim.o(.text) for TIM_TimeBaseInit
    oled.o(.text) refers to stm32f10x_rcc.o(.text) for RCC_APB2PeriphClockCmd
    oled.o(.text) refers to stm32f10x_gpio.o(.text) for GPIO_Init
    oled.o(.text) refers to stm32f10x_pwr.o(.text) for PWR_BackupAccessCmd
    oled.o(.text) refers to stm32f10x_bkp.o(.text) for BKP_TamperPinCmd
    oled.o(.text) refers to delay.o(.text) for delay_ms
    oled.o(.text) refers to oled.o(.bss) for .bss
    oled.o(.text) refers to oled.o(.constdata) for .constdata
    usartx.o(.text) refers to stm32f10x_rcc.o(.text) for RCC_APB2PeriphClockCmd
    usartx.o(.text) refers to stm32f10x_gpio.o(.text) for GPIO_Init
    usartx.o(.text) refers to misc.o(.text) for NVIC_Init
    usartx.o(.text) refers to stm32f10x_usart.o(.text) for USART_Init
    usartx.o(.text) refers to usartx.o(.bss) for .bss
    key.o(.text) refers to stm32f10x_rcc.o(.text) for RCC_APB2PeriphClockCmd
    key.o(.text) refers to stm32f10x_gpio.o(.text) for GPIO_Init
    key.o(.text) refers to key.o(.data) for .data
    timer.o(.text) refers to stm32f10x_rcc.o(.text) for RCC_APB2PeriphClockCmd
    timer.o(.text) refers to stm32f10x_gpio.o(.text) for GPIO_Init
    timer.o(.text) refers to stm32f10x_tim.o(.text) for TIM_TimeBaseInit
    timer.o(.text) refers to misc.o(.text) for NVIC_Init
    timer.o(.text) refers to timer.o(.data) for .data
    can.o(.text) refers to delay.o(.text) for getSysTickCnt
    can.o(.text) refers to tasks.o(.text) for vTaskDelayUntil
    can.o(.text) refers to stm32f10x_rcc.o(.text) for RCC_APB2PeriphClockCmd
    can.o(.text) refers to stm32f10x_gpio.o(.text) for GPIO_PinRemapConfig
    can.o(.text) refers to misc.o(.text) for NVIC_Init
    can.o(.text) refers to stm32f10x_can.o(.text) for CAN_ITConfig
    can.o(.text) refers to can.o(.bss) for .bss
    can.o(.text) refers to mpu6050.o(.data) for gyro
    can.o(.text) refers to balance.o(.bss) for MOTOR_A
    can.o(.text) refers to can.o(.data) for .data
    delay.o(.text) refers to misc.o(.text) for SysTick_CLKSourceConfig
    delay.o(.text) refers to tasks.o(.text) for xTaskGetSchedulerState
    delay.o(.text) refers to port.o(.text) for xPortSysTickHandler
    delay.o(.text) refers to system_stm32f10x.o(.data) for SystemCoreClock
    delay.o(.text) refers to delay.o(.data) for .data
    usart.o(.text) refers (Special) to use_no_semi_2.o(.text) for __use_no_semihosting
    usart.o(.text) refers to stm32f10x_rcc.o(.text) for RCC_APB2PeriphClockCmd
    usart.o(.text) refers to stm32f10x_gpio.o(.text) for GPIO_Init
    usart.o(.text) refers to stm32f10x_usart.o(.text) for USART_Init
    usart.o(.bss) refers (Special) to use_no_semi_2.o(.text) for __use_no_semihosting
    usart.o(.data) refers (Special) to use_no_semi_2.o(.text) for __use_no_semihosting
    usart.o(.data) refers (Special) to use_no_semi_2.o(.text) for __use_no_semihosting
    startup_stm32f10x_hd.o(STACK) refers (Special) to heapauxi.o(.text) for __use_two_region_memory
    startup_stm32f10x_hd.o(HEAP) refers (Special) to heapauxi.o(.text) for __use_two_region_memory
    startup_stm32f10x_hd.o(RESET) refers (Special) to heapauxi.o(.text) for __use_two_region_memory
    startup_stm32f10x_hd.o(RESET) refers to startup_stm32f10x_hd.o(STACK) for __initial_sp
[...]
    .bss                                     0x200005cc   Section      740  tasks.o(.bss)
    pxReadyTasksLists                        0x200005cc   Data         640  tasks.o(.bss)
    xDelayedTaskList1                        0x2000084c   Data          20  tasks.o(.bss)
    xDelayedTaskList2                        0x20000860   Data          20  tasks.o(.bss)
    xPendingReadyList                        0x20000874   Data          20  tasks.o(.bss)
    xTasksWaitingTermination                 0x20000888   Data          20  tasks.o(.bss)
    xSuspendedTaskList                       0x2000089c   Data          20  tasks.o(.bss)
    .bss                                     0x200008b0   Section       40  timers.o(.bss)
    xActiveTimerList1                        0x200008b0   Data          20  timers.o(.bss)
    xActiveTimerList2                        0x200008c4   Data          20  timers.o(.bss)
    .bss                                     0x200008d8   Section    20480  heap_4.o(.bss)
    ucHeap                                   0x200008d8   Data       20480  heap_4.o(.bss)
    .bss                                     0x200058d8   Section       48  balance.o(.bss)
    .bss                                     0x20005908   Section       96  libspace.o(.bss)
    HEAP                                     0x20005968   Section      512  startup_stm32f10x_hd.o(HEAP)
    Heap_Mem                                 0x20005968   Data         512  startup_stm32f10x_hd.o(HEAP)
    STACK                                    0x20005b68   Section     1024  startup_stm32f10x_hd.o(STACK)
    Stack_Mem                                0x20005b68   Data        1024  startup_stm32f10x_hd.o(STACK)
    __initial_sp                             0x20005f68   Data           0  startup_stm32f10x_hd.o(STACK)

    Global Symbols

    Symbol Name                              Value     Ov Type        Size  Object(Section)

    BuildAttributes$$THM_ISAv4$P$D$K$B$S$PE$A:L22UL41UL21$X:L11$S22US41US21$IEEE1$IW$USESV6$~STKCKD$USESV7$~SHL$OSPACE$ROPI$EBA8$UX$STANDARDLIB$REQ8$PRES8$EABIv2 0x00000000   Number         0  anon$$obj.o ABSOLUTE
    __ARM_use_no_argv                        0x00000000   Number         0  main.o ABSOLUTE
    __ARM_exceptions_init                     - Undefined Weak Reference
    __alloca_initialize                       - Undefined Weak Reference
    __arm_preinit_                            - Undefined Weak Reference
    __cpp_initialize__aeabi_                  - Undefined Weak Reference
    __cxa_finalize                            - Undefined Weak Reference
    __rt_locale                               - Undefined Weak Reference
    __sigvec_lookup                           - Undefined Weak Reference
    _atexit_init                              - Undefined Weak Reference
    _call_atexit_fns                          - Undefined Weak Reference
    _clock_init                               - Undefined Weak Reference
    _fp_trap_init                             - Undefined Weak Reference
    _fp_trap_shutdown                         - Undefined Weak Reference
    _get_lc_collate                           - Undefined Weak Reference
    _get_lc_ctype                             - Undefined Weak Reference
    _get_lc_monetary                          - Undefined Weak Reference
    _get_lc_numeric                           - Undefined Weak Reference
    _get_lc_time                              - Undefined Weak Reference
    _getenv_init                              - Undefined Weak Reference
    _handle_redirection                       - Undefined Weak Reference
    _init_alloc                               - Undefined Weak Reference
    _init_user_alloc                          - Undefined Weak Reference
    _initio                                   - Undefined Weak Reference
    _mutex_acquire                            - Undefined Weak Reference
    _mutex_release                            - Undefined Weak Reference
    _printf_mbtowc                            - Undefined Weak Reference
    _printf_post_padding                      - Undefined Weak Reference
    _printf_pre_padding                       - Undefined Weak Reference
    _printf_truncate_signed                   - Undefined Weak Reference
    _printf_truncate_unsigned                 - Undefined Weak Reference
    _rand_init                                - Undefined Weak Reference
    _signal_finish                            - Undefined Weak Reference
    _signal_init                              - Undefined Weak Reference
    _terminate_alloc                          - Undefined Weak Reference
    _terminate_user_alloc                     - Undefined Weak Reference
    _terminateio                              - Undefined Weak Reference
    __Vectors_Size                           0x00000130   Number         0  startup_stm32f10x_hd.o ABSOLUTE
    __Vectors                                0x08000000   Data           4  startup_stm32f10x_hd.o(RESET)
    __Vectors_End                            0x08000130   Data           0  startup_stm32f10x_hd.o(RESET)
    __main                                   0x08000131   Thumb Code     8  __main.o(!!!main)
    __scatterload                            0x08000139   Thumb Code     0  __scatter.o(!!!scatter)
    __scatterload_rt2                        0x08000139   Thumb Code    44  __scatter.o(!!!scatter)
    __scatterload_rt2_thumb_only             0x08000139   Thumb Code     0  __scatter.o(!!!scatter)
    __scatterload_null                       0x08000147   Thumb Code     0  __scatter.o(!!!scatter)
    __decompress                             0x0800016d   Thumb Code    90  __dczerorl2.o(!!dczerorl2)
    __decompress1                            0x0800016d   Thumb Code     0  __dczerorl2.o(!!dczerorl2)
    __scatterload_zeroinit                   0x080001c9   Thumb Code    28  __scatter_zi.o(!!handler_zi)
    _printf_d                                0x080001e5   Thumb Code     0  _printf_d.o(.ARM.Collect$$_printf_percent$$00000009)
    _printf_percent                          0x080001e5   Thumb Code     0  _printf_percent.o(.ARM.Collect$$_printf_percent$$00000000)
    _printf_u                                0x080001eb   Thumb Code     0  _printf_u.o(.ARM.Collect$$_printf_percent$$0000000A)
    _printf_c                                0x080001f1   Thumb Code     0  _printf_c.o(.ARM.Collect$$_printf_percent$$00000013)
    _printf_s                                0x080001f7   Thumb Code     0  _printf_s.o(.ARM.Collect$$_printf_percent$$00000014)
    _printf_percent_end                      0x080001fd   Thumb Code     0  _printf_percent_end.o(.ARM.Collect$$_printf_percent$$00000017)
    __rt_lib_init                            0x08000201   Thumb Code     0  libinit.o(.ARM.Collect$$libinit$$00000000)
    __rt_lib_init_alloca_1                   0x08000203   Thumb Code     0  libinit2.o(.ARM.Collect$$libinit$$0000002E)
    __rt_lib_init_argv_1                     0x08000203   Thumb Code     0  libinit2.o(.ARM.Collect$$libinit$$0000002C)
    __rt_lib_init_atexit_1                   0x08000203   Thumb Code     0  libinit2.o(.ARM.Collect$$libinit$$0000001B)
    __rt_lib_init_clock_1                    0x08000203   Thumb Code     0  libinit2.o(.ARM.Collect$$libinit$$00000021)
    __rt_lib_init_cpp_1                      0x08000203   Thumb Code     0  libinit2.o(.ARM.Collect$$libinit$$00000032)
    __rt_lib_init_exceptions_1               0x08000203   Thumb Code     0  libinit2.o(.ARM.Collect$$libinit$$00000030)
    __rt_lib_init_fp_1                       0x08000203   Thumb Code     0  libinit2.o(.ARM.Collect$$libinit$$00000002)
    __rt_lib_init_fp_trap_1                  0x08000203   Thumb Code     0  libinit2.o(.ARM.Collect$$libinit$$0000001F)
    __rt_lib_init_getenv_1                   0x08000203   Thumb Code     0  libinit2.o(.ARM.Collect$$libinit$$00000023)
    __rt_lib_init_heap_1                     0x08000203   Thumb Code     0  libinit2.o(.ARM.Collect$$libinit$$0000000A)
    __rt_lib_init_lc_collate_1               0x08000203   Thumb Code     0  libinit2.o(.ARM.Collect$$libinit$$00000011)
    __rt_lib_init_lc_ctype_1                 0x08000203   Thumb Code     0  libinit2.o(.ARM.Collect$$libinit$$00000013)
    __rt_lib_init_lc_monetary_1              0x08000203   Thumb Code     0  libinit2.o(.ARM.Collect$$libinit$$00000015)
    __rt_lib_init_lc_numeric_1               0x08000203   Thumb Code     0  libinit2.o(.ARM.Collect$$libinit$$00000017)
    __rt_lib_init_lc_time_1                  0x08000203   Thumb Code     0  libinit2.o(.ARM.Collect$$libinit$$00000019)
    __rt_lib_init_preinit_1                  0x08000203   Thumb Code     0  libinit2.o(.ARM.Collect$$libinit$$00000004)
    __rt_lib_init_rand_1                     0x08000203   Thumb Code     0  libinit2.o(.ARM.Collect$$libinit$$0000000E)
    __rt_lib_init_return                     0x08000203   Thumb Code     0  libinit2.o(.ARM.Collect$$libinit$$00000033)
    __rt_lib_init_signal_1                   0x08000203   Thumb Code     0  libinit2.o(.ARM.Collect$$libinit$$0000001D)
    __rt_lib_init_stdio_1                    0x08000203   Thumb Code     0  libinit2.o(.ARM.Collect$$libinit$$00000025)
    __rt_lib_init_user_alloc_1               0x08000203   Thumb Code     0  libinit2.o(.ARM.Collect$$libinit$$0000000C)
    __rt_lib_shutdown                        0x08000205   Thumb Code     0  libshutdown.o(.ARM.Collect$$libshutdown$$00000000)
    __rt_lib_shutdown_fp_trap_1              0x08000207   Thumb Code     0  libshutdown2.o(.ARM.Collect$$libshutdown$$00000006)
    __rt_lib_shutdown_heap_1                 0x08000207   Thumb Code     0  libshutdown2.o(.ARM.Collect$$libshutdown$$0000000E)
    __rt_lib_shutdown_return                 0x08000207   Thumb Code     0  libshutdown2.o(.ARM.Collect$$libshutdown$$0000000F)
    __rt_lib_shutdown_signal_1               0x08000207   Thumb Code     0  libshutdown2.o(.ARM.Collect$$libshutdown$$00000009)
    __rt_lib_shutdown_stdio_1                0x08000207   Thumb Code     0  libshutdown2.o(.ARM.Collect$$libshutdown$$00000003)
    __rt_lib_shutdown_user_alloc_1           0x08000207   Thumb Code     0  libshutdown2.o(.ARM.Collect$$libshutdown$$0000000B)
    __rt_entry                               0x08000209   Thumb Code     0  __rtentry.o(.ARM.Collect$$rtentry$$00000000)
    __rt_entry_presh_1                       0x08000209   Thumb Code     0  __rtentry2.o(.ARM.Collect$$rtentry$$00000002)
    __rt_entry_sh                            0x08000209   Thumb Code     0  __rtentry4.o(.ARM.Collect$$rtentry$$00000004)
    __rt_entry_li                            0x0800020f   Thumb Code     0  __rtentry2.o(.ARM.Collect$$rtentry$$0000000A)
    __rt_entry_postsh_1                      0x0800020f   Thumb Code     0  __rtentry2.o(.ARM.Collect$$rtentry$$00000009)
    __rt_entry_main                          0x08000213   Thumb Code     0  __rtentry2.o(.ARM.Collect$$rtentry$$0000000D)
    __rt_entry_postli_1                      0x08000213   Thumb Code     0  __rtentry2.o(.ARM.Collect$$rtentry$$0000000C)
    __rt_exit                                0x0800021b   Thumb Code     0  rtexit.o(.ARM.Collect$$rtexit$$00000000)
    __rt_exit_ls                             0x0800021d   Thumb Code     0  rtexit2.o(.ARM.Collect$$rtexit$$00000003)
    __rt_exit_prels_1                        0x0800021d   Thumb Code     0  rtexit2.o(.ARM.Collect$$rtexit$$00000002)
    __rt_exit_exit                           0x08000221   Thumb Code     0  rtexit2.o(.ARM.Collect$$rtexit$$00000004)
    SVC_Handler                              0x08000229   Thumb Code    32  port.o(.emb_text)
    __asm___6_port_c_39a90d8d__prvStartFirstTask 0x0800024d   Thumb Code    28  port.o(.emb_text)
    PendSV_Handler                           0x0800026d   Thumb Code    72  port.o(.emb_text)
    vPortGetIPSR                             0x080002b9   Thumb Code     6  port.o(.emb_text)
    start_task                               0x080002c1   Thumb Code   116  main.o(.text)
    main                                     0x08000335   Thumb Code    36  main.o(.text)
    NMI_Handler                              0x080003c1   Thumb Code     2  stm32f10x_it.o(.text)
    HardFault_Handler                        0x080003c3   Thumb Code     2  stm32f10x_it.o(.text)
    MemManage_Handler                        0x080003c5   Thumb Code     2  stm32f10x_it.o(.text)
    BusFault_Handler                         0x080003c7   Thumb Code     2  stm32f10x_it.o(.text)
    UsageFault_Handler                       0x080003c9   Thumb Code     2  stm32f10x_it.o(.text)
    DebugMon_Handler                         0x080003cb   Thumb Code     2  stm32f10x_it.o(.text)
    SystemInit                               0x0800046d   Thumb Code    64  system_stm32f10x.o(.text)
    SystemCoreClockUpdate                    0x080004ad   Thumb Code    86  system_stm32f10x.o(.text)
    Encoder_Init_TIM2                        0x08000525   Thumb Code   192  encoder.o(.text)
    Encoder_Init_TIM5                        0x080005e5   Thumb Code   146  encoder.o(.text)
    Encoder_Init_TIM3                        0x08000677   Thumb Code   154  encoder.o(.text)
    Encoder_Init_TIM4                        0x08000711   Thumb Code   146  encoder.o(.text)
    Read_Encoder                             0x080007a3   Thumb Code    58  encoder.o(.text)
    TIM2_IRQHandler                          0x080007dd   Thumb Code    16  encoder.o(.text)
    TIM3_IRQHandler                          0x080007ed   Thumb Code    16  encoder.o(.text)
    TIM4_IRQHandler                          0x080007fd   Thumb Code    16  encoder.o(.text)
    TIM5_IRQHandler                          0x0800080d   Thumb Code    16  encoder.o(.text)
    IIC_Init                                 0x08000839   Thumb Code    40  ioi2c.o(.text)
    IIC_Start                                0x08000861   Thumb Code    58  ioi2c.o(.text)
    IIC_Stop                                 0x0800089b   Thumb Code    60  ioi2c.o(.text)
    IIC_Wait_Ack                             0x080008d7   Thumb Code    80  ioi2c.o(.text)
    IIC_Ack                                  0x08000927   Thumb Code    58  ioi2c.o(.text)
    IIC_NAck                                 0x08000961   Thumb Code    58  ioi2c.o(.text)
    IIC_Send_Byte                            0x0800099b   Thumb Code    88  ioi2c.o(.text)
    IIC_Read_Byte                            0x080009f3   Thumb Code   102  ioi2c.o(.text)
    LED_Init                                 0x08000a61   Thumb Code    50  led.o(.text)
    led_task                                 0x08000a93   Thumb Code    22  led.o(.text)
    MiniBalance_Motor_Init                   0x08000ab5   Thumb Code   154  motor.o(.text)
    MiniBalance_PWM_Init                     0x08000b4f   Thumb Code   198  motor.o(.text)
    Enable_Pin                               0x08000c15   Thumb Code    34  motor.o(.text)
    OLED_WR_Byte                             0x08000c4d   Thumb Code    62  oled.o(.text)
    OLED_Refresh_Gram                        0x08000c8b   Thumb Code    66  oled.o(.text)
    OLED_Display_On                          0x08000ccd   Thumb Code    28  oled.o(.text)
    OLED_Display_Off                         0x08000ce9   Thumb Code    28  oled.o(.text)
    OLED_Clear                               0x08000d05   Thumb Code    36  oled.o(.text)
    OLED_DrawPoint                           0x08000d29   Thumb Code    54  oled.o(.text)
    OLED_ShowChar                            0x08000d5f   Thumb Code   130  oled.o(.text)
    oled_pow                                 0x08000de1   Thumb Code    16  oled.o(.text)
    OLED_ShowNumber                          0x08000df1   Thumb Code   118  oled.o(.text)
    OLED_ShowString                          0x08000e67   Thumb Code    62  oled.o(.text)
    OLED_Init                                0x08000ea5   Thumb Code   298  oled.o(.text)
    KEY_Init                                 0x08000fe5   Thumb Code    34  key.o(.text)
    click                                    0x08001007   Thumb Code    40  key.o(.text)
    Delay_ms                                 0x0800102f   Thumb Code    22  key.o(.text)
    Long_Press                               0x08001045   Thumb Code    66  key.o(.text)
    TIM1_Cap_Init                            0x08001095   Thumb Code   254  timer.o(.text)
    TIM1_CC_IRQHandler                       0x08001193   Thumb Code   526  timer.o(.text)
    TIM1_UP_IRQHandler                       0x080013a1   Thumb Code    14  timer.o(.text)
    CAN1_Tx_Staus                            0x080013c1   Thumb Code    94  can.o(.text)
    CAN1_Tx_Msg                              0x0800141f   Thumb Code   164  can.o(.text)
    CAN1_Send_Num                            0x080014c3   Thumb Code    54  can.o(.text)
    CAN_SEND                                 0x080014f9   Thumb Code    58  can.o(.text)
    data_transition                          0x08001533   Thumb Code    56  can.o(.text)
    data_task                                0x0800156b   Thumb Code    26  can.o(.text)
    CAN1_Mode_Init                           0x08001585   Thumb Code   410  can.o(.text)
    CAN1_Msg_Pend                            0x0800171f   Thumb Code    28  can.o(.text)
    CAN1_Rx_Msg                              0x0800173b   Thumb Code   170  can.o(.text)
    can_data_processing                      0x080017e5   Thumb Code    72  can.o(.text)
    USB_LP_CAN1_RX0_IRQHandler               0x0800182d   Thumb Code    86  can.o(.text)
    CAN1_Send_Msg                            0x08001883   Thumb Code    58  can.o(.text)
    CAN1_Receive_Msg                         0x080018bd   Thumb Code    66  can.o(.text)
    CAN1_Send_MsgTEST                        0x080018ff   Thumb Code    58  can.o(.text)
    delay_init                               0x08001955   Thumb Code    60  delay.o(.text)
    delay_us                                 0x08001991   Thumb Code    48  delay.o(.text)
    delay_ms                                 0x080019c1   Thumb Code    50  delay.o(.text)
    delay_xms                                0x080019f3   Thumb Code    26  delay.o(.text)
    SysTick_Handler                          0x08001a0d   Thumb Code    28  delay.o(.text)
    getSysTickCnt                            0x08001a29   Thumb Code    24  delay.o(.text)
    WFI_SET                                  0x08001a4d   Thumb Code     4  sys.o(.text)
    INTX_DISABLE                             0x08001a51   Thumb Code     4  sys.o(.text)
    INTX_ENABLE                              0x08001a55   Thumb Code     4  sys.o(.text)
    JTAG_Set                                 0x08001a59   Thumb Code    30  sys.o(.text)
    _sys_exit                                0x08001a81   Thumb Code     2  usart.o(.text)
    fputc                                    0x08001a83   Thumb Code    18  usart.o(.text)
    usart1_init                              0x08001a95   Thumb Code   126  usart.o(.text)
    Reset_Handler                            0x08001b21   Thumb Code     8  startup_stm32f10x_hd.o(.text)
    ADC1_2_IRQHandler                        0x08001b3b   Thumb Code     0  startup_stm32f10x_hd.o(.text)
    ADC3_IRQHandler                          0x08001b3b   Thumb Code     0  startup_stm32f10x_hd.o(.text)
    CAN1_RX1_IRQHandler                      0x08001b3b   Thumb Code     0  startup_stm32f10x_hd.o(.text)
    CAN1_SCE_IRQHandler                      0x08001b3b   Thumb Code     0  startup_stm32f10x_hd.o(.text)
    DMA1_Channel1_IRQHandler                 0x08001b3b   Thumb Code     0  startup_stm32f10x_hd.o(.text)
    DMA1_Channel2_IRQHandler                 0x08001b3b   Thumb Code     0  startup_stm32f10x_hd.o(.text)
    DMA1_Channel3_IRQHandler                 0x08001b3b   Thumb Code     0  startup_stm32f10x_hd.o(.text)
    DMA1_Channel4_IRQHandler                 0x08001b3b   Thumb Code     0  startup_stm32f10x_hd.o(.text)
    DMA1_Channel5_IRQHandler                 0x08001b3b   Thumb Code     0  startup_stm32f10x_hd.o(.text)
    DMA1_Channel6_IRQHandler                 0x08001b3b   Thumb Code     0  startup_stm32f10x_hd.o(.text)
    DMA1_Channel7_IRQHandler                 0x08001b3b   Thumb Code     0  startup_stm32f10x_hd.o(.text)
    DMA2_Channel1_IRQHandler                 0x08001b3b   Thumb Code     0  startup_stm32f10x_hd.o(.text)
    DMA2_Channel2_IRQHandler                 0x08001b3b   Thumb Code     0  startup_stm32f10x_hd.o(.text)
    DMA2_Channel3_IRQHandler                 0x08001b3b   Thumb Code     0  startup_stm32f10x_hd.o(.text)
    DMA2_Channel4_5_IRQHandler               0x08001b3b   Thumb Code     0  startup_stm32f10x_hd.o(.text)
    EXTI0_IRQHandler                         0x08001b3b   Thumb Code     0  startup_stm32f10x_hd.o(.text)
    EXTI15_10_IRQHandler                     0x08001b3b   Thumb Code     0  startup_stm32f10x_hd.o(.text)
    EXTI1_IRQHandler                         0x08001b3b   Thumb Code     0  startup_stm32f10x_hd.o(.text)
    EXTI2_IRQHandler                         0x08001b3b   Thumb Code     0  startup_stm32f10x_hd.o(.text)
    EXTI3_IRQHandler                         0x08001b3b   Thumb Code     0  startup_stm32f10x_hd.o(.text)
    EXTI4_IRQHandler                         0x08001b3b   Thumb Code     0  startup_stm32f10x_hd.o(.text)
    EXTI9_5_IRQHandler                       0x08001b3b   Thumb Code     0  startup_stm32f10x_hd.o(.text)
    FLASH_IRQHandler                         0x08001b3b   Thumb Code     0  startup_stm32f10x_hd.o(.text)
    FSMC_IRQHandler                          0x08001b3b   Thumb Code     0  startup_stm32f10x_hd.o(.text)
    I2C1_ER_IRQHandler                       0x08001b3b   Thumb Code     0  startup_stm32f10x_hd.o(.text)
    I2C1_EV_IRQHandler                       0x08001b3b   Thumb Code     0  startup_stm32f10x_hd.o(.text)
    I2C2_ER_IRQHandler                       0x08001b3b   Thumb Code     0  startup_stm32f10x_hd.o(.text)
    I2C2_EV_IRQHandler                       0x08001b3b   Thumb Code     0  startup_stm32f10x_hd.o(.text)
    PVD_IRQHandler                           0x08001b3b   Thumb Code     0  startup_stm32f10x_hd.o(.text)
    RCC_IRQHandler                           0x08001b3b   Thumb Code     0  startup_stm32f10x_hd.o(.text)
    RTCAlarm_IRQHandler                      0x08001b3b   Thumb Code     0  startup_stm32f10x_hd.o(.text)
    RTC_IRQHandler                           0x08001b3b   Thumb Code     0  startup_stm32f10x_hd.o(.text)
    SDIO_IRQHandler                          0x08001b3b   Thumb Code     0  startup_stm32f10x_hd.o(.text)
    SPI1_IRQHandler                          0x08001b3b   Thumb Code     0  startup_stm32f10x_hd.o(.text)
    SPI2_IRQHandler                          0x08001b3b   Thumb Code     0  startup_stm32f10x_hd.o(.text)
    SPI3_IRQHandler                          0x08001b3b   Thumb Code     0  startup_stm32f10x_hd.o(.text)
    TAMPER_IRQHandler                        0x08001b3b   Thumb Code     0  startup_stm32f10x_hd.o(.text)
    TIM1_BRK_IRQHandler                      0x08001b3b   Thumb Code     0  startup_stm32f10x_hd.o(.text)
    TIM1_TRG_COM_IRQHandler                  0x08001b3b   Thumb Code     0  startup_stm32f10x_hd.o(.text)
    TIM6_IRQHandler                          0x08001b3b   Thumb Code     0  startup_stm32f10x_hd.o(.text)
    TIM7_IRQHandler                          0x08001b3b   Thumb Code     0  startup_stm32f10x_hd.o(.text)
    TIM8_BRK_IRQHandler                      0x08001b3b   Thumb Code     0  startup_stm32f10x_hd.o(.text)
    TIM8_CC_IRQHandler                       0x08001b3b   Thumb Code     0  startup_stm32f10x_hd.o(.text)
    TIM8_TRG_COM_IRQHandler                  0x08001b3b   Thumb Code     0  startup_stm32f10x_hd.o(.text)
    TIM8_UP_IRQHandler                       0x08001b3b   Thumb Code     0  startup_stm32f10x_hd.o(.text)
    UART4_IRQHandler                         0x08001b3b   Thumb Code     0  startup_stm32f10x_hd.o(.text)
    UART5_IRQHandler                         0x08001b3b   Thumb Code     0  startup_stm32f10x_hd.o(.text)
    USART1_IRQHandler                        0x08001b3b   Thumb Code     0  startup_stm32f10x_hd.o(.text)
    USART2_IRQHandler                        0x08001b3b   Thumb Code     0  startup_stm32f10x_hd.o(.text)
    USART3_IRQHandler                        0x08001b3b   Thumb Code     0  startup_stm32f10x_hd.o(.text)
    USBWakeUp_IRQHandler                     0x08001b3b   Thumb Code     0  startup_stm32f10x_hd.o(.text)
    USB_HP_CAN1_TX_IRQHandler                0x08001b3b   Thumb Code     0  startup_stm32f10x_hd.o(.text)
    WWDG_IRQHandler                          0x08001b3b   Thumb Code     0  startup_stm32f10x_hd.o(.text)
    __user_initial_stackheap                 0x08001b3d   Thumb Code     0  startup_stm32f10x_hd.o(.text)
    NVIC_PriorityGroupConfig                 0x08001b61   Thumb Code    10  misc.o(.text)
    NVIC_Init                                0x08001b6b   Thumb Code    94  misc.o(.text)
    NVIC_SetVectorTable                      0x08001bc9   Thumb Code    14  misc.o(.text)
    NVIC_SystemLPConfig                      0x08001bd7   Thumb Code    20  misc.o(.text)
    SysTick_CLKSourceConfig                  0x08001beb   Thumb Code    24  misc.o(.text)
    GPIO_DeInit                              0x08001c11   Thumb Code   152  stm32f10x_gpio.o(.text)
    GPIO_AFIODeInit                          0x08001ca9   Thumb Code    22  stm32f10x_gpio.o(.text)
    GPIO_Init                                0x08001cbf   Thumb Code   156  stm32f10x_gpio.o(.text)
    GPIO_StructInit                          0x08001d5b   Thumb Code    16  stm32f10x_gpio.o(.text)
    GPIO_ReadInputDataBit                    0x08001d6b   Thumb Code    14  stm32f10x_gpio.o(.text)
    GPIO_ReadInputData                       0x08001d79   Thumb Code     6  stm32f10x_gpio.o(.text)
    GPIO_ReadOutputDataBit                   0x08001d7f   Thumb Code    14  stm32f10x_gpio.o(.text)
    GPIO_ReadOutputData                      0x08001d8d   Thumb Code     6  stm32f10x_gpio.o(.text)
    GPIO_SetBits                             0x08001d93   Thumb Code     4  stm32f10x_gpio.o(.text)
    GPIO_ResetBits                           0x08001d97   Thumb Code     4  stm32f10x_gpio.o(.text)
    GPIO_WriteBit                            0x08001d9b   Thumb Code    10  stm32f10x_gpio.o(.text)
    GPIO_Write                               0x08001da5   Thumb Code     4  stm32f10x_gpio.o(.text)
    GPIO_PinLockConfig                       0x08001da9   Thumb Code    16  stm32f10x_gpio.o(.text)
    GPIO_EventOutputConfig                   0x08001db9   Thumb Code    22  stm32f10x_gpio.o(.text)
    GPIO_EventOutputCmd                      0x08001dcf   Thumb Code     6  stm32f10x_gpio.o(.text)
    GPIO_PinRemapConfig                      0x08001dd5   Thumb Code    82  stm32f10x_gpio.o(.text)
    GPIO_EXTILineConfig                      0x08001e27   Thumb Code    34  stm32f10x_gpio.o(.text)
    GPIO_ETH_MediaInterfaceConfig            0x08001e49   Thumb Code     8  stm32f10x_gpio.o(.text)
    RCC_DeInit                               0x08001e75   Thumb Code    50  stm32f10x_rcc.o(.text)
    RCC_HSEConfig                            0x08001ea7   Thumb Code    48  stm32f10x_rcc.o(.text)
    RCC_GetFlagStatus                        0x08001ed7   Thumb Code    42  stm32f10x_rcc.o(.text)
    RCC_WaitForHSEStartUp                    0x08001f01   Thumb Code    44  stm32f10x_rcc.o(.text)
    RCC_AdjustHSICalibrationValue            0x08001f2d   Thumb Code    16  stm32f10x_rcc.o(.text)
    RCC_HSICmd                               0x08001f3d   Thumb Code     6  stm32f10x_rcc.o(.text)
    RCC_PLLConfig                            0x08001f43   Thumb Code    16  stm32f10x_rcc.o(.text)
    RCC_PLLCmd                               0x08001f53   Thumb Code     6  stm32f10x_rcc.o(.text)
    RCC_SYSCLKConfig                         0x08001f59   Thumb Code    14  stm32f10x_rcc.o(.text)
    RCC_GetSYSCLKSource                      0x08001f67   Thumb Code    10  stm32f10x_rcc.o(.text)
    RCC_HCLKConfig                           0x08001f71   Thumb Code    14  stm32f10x_rcc.o(.text)
    RCC_PCLK1Config                          0x08001f7f   Thumb Code    14  stm32f10x_rcc.o(.text)
    RCC_PCLK2Config                          0x08001f8d   Thumb Code    16  stm32f10x_rcc.o(.text)
    RCC_ITConfig                             0x08001f9d   Thumb Code    18  stm32f10x_rcc.o(.text)
    RCC_USBCLKConfig                         0x08001faf   Thumb Code     8  stm32f10x_rcc.o(.text)
    RCC_ADCCLKConfig                         0x08001fb7   Thumb Code    14  stm32f10x_rcc.o(.text)
    RCC_LSEConfig                            0x08001fc5   Thumb Code    28  stm32f10x_rcc.o(.text)
    RCC_LSICmd                               0x08001fe1   Thumb Code     6  stm32f10x_rcc.o(.text)
    RCC_RTCCLKConfig                         0x08001fe7   Thumb Code    10  stm32f10x_rcc.o(.text)
    RCC_RTCCLKCmd                            0x08001ff1   Thumb Code     8  stm32f10x_rcc.o(.text)
    RCC_GetClocksFreq                        0x08001ff9   Thumb Code   132  stm32f10x_rcc.o(.text)
    RCC_AHBPeriphClockCmd                    0x0800207d   Thumb Code    18  stm32f10x_rcc.o(.text)
    RCC_APB2PeriphClockCmd                   0x0800208f   Thumb Code    18  stm32f10x_rcc.o(.text)
    RCC_APB1PeriphClockCmd                   0x080020a1   Thumb Code    18  stm32f10x_rcc.o(.text)
    RCC_APB2PeriphResetCmd                   0x080020b3   Thumb Code    18  stm32f10x_rcc.o(.text)
    RCC_APB1PeriphResetCmd                   0x080020c5   Thumb Code    18  stm32f10x_rcc.o(.text)
    RCC_BackupResetCmd                       0x080020d7   Thumb Code     8  stm32f10x_rcc.o(.text)
    RCC_ClockSecuritySystemCmd               0x080020df   Thumb Code     6  stm32f10x_rcc.o(.text)
    RCC_MCOConfig                            0x080020e5   Thumb Code     6  stm32f10x_rcc.o(.text)
    RCC_ClearFlag                            0x080020eb   Thumb Code    12  stm32f10x_rcc.o(.text)
    RCC_GetITStatus                          0x080020f7   Thumb Code    16  stm32f10x_rcc.o(.text)
    RCC_ClearITPendingBit                    0x08002107   Thumb Code     6  stm32f10x_rcc.o(.text)
    USART_DeInit                             0x0800212d   Thumb Code    96  stm32f10x_usart.o(.text)
    USART_Init                               0x0800218d   Thumb Code   166  stm32f10x_usart.o(.text)
    USART_StructInit                         0x08002233   Thumb Code    22  stm32f10x_usart.o(.text)
    USART_ClockInit                          0x08002249   Thumb Code    30  stm32f10x_usart.o(.text)
    USART_ClockStructInit                    0x08002267   Thumb Code    12  stm32f10x_usart.o(.text)
    USART_Cmd                                0x08002273   Thumb Code    20  stm32f10x_usart.o(.text)
    USART_ITConfig                           0x08002287   Thumb Code    48  stm32f10x_usart.o(.text)
    USART_DMACmd                             0x080022b7   Thumb Code    16  stm32f10x_usart.o(.text)
    USART_SetAddress                         0x080022c7   Thumb Code    16  stm32f10x_usart.o(.text)
    USART_WakeUpConfig                       0x080022d7   Thumb Code    16  stm32f10x_usart.o(.text)
    USART_ReceiverWakeUpCmd                  0x080022e7   Thumb Code    20  stm32f10x_usart.o(.text)
    USART_LINBreakDetectLengthConfig         0x080022fb   Thumb Code    16  stm32f10x_usart.o(.text)
    USART_LINCmd                             0x0800230b   Thumb Code    20  stm32f10x_usart.o(.text)
    USART_SendData                           0x0800231f   Thumb Code     8  stm32f10x_usart.o(.text)
    USART_ReceiveData                        0x08002327   Thumb Code     8  stm32f10x_usart.o(.text)
    USART_SendBreak                          0x0800232f   Thumb Code    10  stm32f10x_usart.o(.text)
    USART_SetGuardTime                       0x08002339   Thumb Code    16  stm32f10x_usart.o(.text)
    USART_SetPrescaler                       0x08002349   Thumb Code    16  stm32f10x_usart.o(.text)
    USART_SmartCardCmd                       0x08002359   Thumb Code    20  stm32f10x_usart.o(.text)
    USART_SmartCardNACKCmd                   0x0800236d   Thumb Code    20  stm32f10x_usart.o(.text)
    USART_HalfDuplexCmd                      0x08002381   Thumb Code    20  stm32f10x_usart.o(.text)
    USART_OverSampling8Cmd                   0x08002395   Thumb Code    20  stm32f10x_usart.o(.text)
    USART_OneBitMethodCmd                    0x080023a9   Thumb Code    20  stm32f10x_usart.o(.text)
    USART_IrDAConfig                         0x080023bd   Thumb Code    16  stm32f10x_usart.o(.text)
    USART_IrDACmd                            0x080023cd   Thumb Code    20  stm32f10x_usart.o(.text)
    USART_GetFlagStatus                      0x080023e1   Thumb Code    14  stm32f10x_usart.o(.text)
    USART_ClearFlag                          0x080023ef   Thumb Code     6  stm32f10x_usart.o(.text)
    USART_GetITStatus                        0x080023f5   Thumb Code    62  stm32f10x_usart.o(.text)
    USART_ClearITPendingBit                  0x08002433   Thumb Code    12  stm32f10x_usart.o(.text)
    TIM_DeInit                               0x08002455   Thumb Code   304  stm32f10x_tim.o(.text)
    TIM_TimeBaseInit                         0x08002585   Thumb Code   114  stm32f10x_tim.o(.text)
    TIM_OC1Init                              0x080025f7   Thumb Code   106  stm32f10x_tim.o(.text)
    TIM_OC2Init                              0x08002661   Thumb Code   120  stm32f10x_tim.o(.text)
    TIM_OC3Init                              0x080026d9   Thumb Code   116  stm32f10x_tim.o(.text)
    TIM_OC4Init                              0x0800274d   Thumb Code    90  stm32f10x_tim.o(.text)
    TIM_SetIC4Prescaler                      0x080027a7   Thumb Code    24  stm32f10x_tim.o(.text)
    TIM_SetIC3Prescaler                      0x080027bf   Thumb Code    16  stm32f10x_tim.o(.text)
    TIM_SetIC2Prescaler                      0x080027cf   Thumb Code    24  stm32f10x_tim.o(.text)
    TIM_SetIC1Prescaler                      0x0800288d   Thumb Code    16  stm32f10x_tim.o(.text)
    TIM_ICInit                               0x080028f5   Thumb Code   270  stm32f10x_tim.o(.text)
    TIM_PWMIConfig                           0x08002a03   Thumb Code   104  stm32f10x_tim.o(.text)
    TIM_BDTRConfig                           0x08002a6b   Thumb Code    34  stm32f10x_tim.o(.text)
    TIM_TimeBaseStructInit                   0x08002a8d   Thumb Code    18  stm32f10x_tim.o(.text)
    TIM_OCStructInit                         0x08002a9f   Thumb Code    20  stm32f10x_tim.o(.text)
    TIM_ICStructInit                         0x08002ab3   Thumb Code    16  stm32f10x_tim.o(.text)
    TIM_BDTRStructInit                       0x08002ac3   Thumb Code    18  stm32f10x_tim.o(.text)
    TIM_Cmd                                  0x08002ad5   Thumb Code    20  stm32f10x_tim.o(.text)
    TIM_CtrlPWMOutputs                       0x08002ae9   Thumb Code    22  stm32f10x_tim.o(.text)
    TIM_ITConfig                             0x08002aff   Thumb Code    16  stm32f10x_tim.o(.text)
    TIM_GenerateEvent                        0x08002b0f   Thumb Code     4  stm32f10x_tim.o(.text)
    TIM_DMAConfig                            0x08002b13   Thumb Code     8  stm32f10x_tim.o(.text)
    TIM_DMACmd                               0x08002b1b   Thumb Code    16  stm32f10x_tim.o(.text)
    TIM_InternalClockConfig                  0x08002b2b   Thumb Code    10  stm32f10x_tim.o(.text)
    TIM_SelectInputTrigger                   0x08002b35   Thumb Code    12  stm32f10x_tim.o(.text)
    TIM_ITRxExternalClockConfig              0x08002b41   Thumb Code    18  stm32f10x_tim.o(.text)
    TIM_TIxExternalClockConfig               0x08002b53   Thumb Code    46  stm32f10x_tim.o(.text)
    TIM_ETRConfig                            0x08002b81   Thumb Code    24  stm32f10x_tim.o(.text)
    TIM_ETRClockMode1Config                  0x08002b99   Thumb Code    18  stm32f10x_tim.o(.text)
    TIM_ETRClockMode2Config                  0x08002bab   Thumb Code    18  stm32f10x_tim.o(.text)
    TIM_PrescalerConfig                      0x08002bbd   Thumb Code     6  stm32f10x_tim.o(.text)
    TIM_CounterModeConfig                    0x08002bc3   Thumb Code    12  stm32f10x_tim.o(.text)
    TIM_EncoderInterfaceConfig               0x08002bcf   Thumb Code    50  stm32f10x_tim.o(.text)
    TIM_ForcedOC1Config                      0x08002c01   Thumb Code    12  stm32f10x_tim.o(.text)
    TIM_ForcedOC2Config                      0x08002c0d   Thumb Code    20  stm32f10x_tim.o(.text)
    TIM_ForcedOC3Config                      0x08002c21   Thumb Code    12  stm32f10x_tim.o(.text)
    TIM_ForcedOC4Config                      0x08002c2d   Thumb Code    20  stm32f10x_tim.o(.text)
    TIM_ARRPreloadConfig                     0x08002c41   Thumb Code    20  stm32f10x_tim.o(.text)
    TIM_SelectCOM                            0x08002c55   Thumb Code    20  stm32f10x_tim.o(.text)
    TIM_SelectCCDMA                          0x08002c69   Thumb Code    20  stm32f10x_tim.o(.text)
    TIM_CCPreloadControl                     0x08002c7d   Thumb Code    20  stm32f10x_tim.o(.text)
    TIM_OC1PreloadConfig                     0x08002c91   Thumb Code    32  stm32f10x_tim.o(.text)
    TIM_OC2PreloadConfig                     0x08002cb1   Thumb Code    20  stm32f10x_tim.o(.text)
    TIM_OC3PreloadConfig                     0x08002cc5   Thumb Code    12  stm32f10x_tim.o(.text)
    TIM_OC4PreloadConfig                     0x08002cd1   Thumb Code    20  stm32f10x_tim.o(.text)
    TIM_OC1FastConfig                        0x08002ce5   Thumb Code    12  stm32f10x_tim.o(.text)
    TIM_OC2FastConfig                        0x08002cf1   Thumb Code    20  stm32f10x_tim.o(.text)
    TIM_OC3FastConfig                        0x08002d05   Thumb Code    12  stm32f10x_tim.o(.text)
    TIM_OC4FastConfig                        0x08002d11   Thumb Code    20  stm32f10x_tim.o(.text)
    TIM_ClearOC1Ref                          0x08002d25   Thumb Code    12  stm32f10x_tim.o(.text)
    TIM_ClearOC2Ref                          0x08002d31   Thumb Code    20  stm32f10x_tim.o(.text)
    TIM_ClearOC3Ref                          0x08002d45   Thumb Code    12  stm32f10x_tim.o(.text)
    TIM_ClearOC4Ref                          0x08002d51   Thumb Code    20  stm32f10x_tim.o(.text)
    TIM_OC1PolarityConfig                    0x08002d65   Thumb Code    12  stm32f10x_tim.o(.text)
    TIM_OC1NPolarityConfig                   0x08002d71   Thumb Code    12  stm32f10x_tim.o(.text)
    TIM_OC2PolarityConfig                    0x08002d7d   Thumb Code    20  stm32f10x_tim.o(.text)
    TIM_OC2NPolarityConfig                   0x08002d91   Thumb Code    20  stm32f10x_tim.o(.text)
    TIM_OC3PolarityConfig                    0x08002da5   Thumb Code    20  stm32f10x_tim.o(.text)
    TIM_OC3NPolarityConfig                   0x08002db9   Thumb Code    20  stm32f10x_tim.o(.text)
    TIM_OC4PolarityConfig                    0x08002dcd   Thumb Code    20  stm32f10x_tim.o(.text)
    TIM_CCxCmd                               0x08002de1   Thumb Code    22  stm32f10x_tim.o(.text)
    TIM_CCxNCmd                              0x08002df7   Thumb Code    22  stm32f10x_tim.o(.text)
    TIM_SelectOCxM                           0x08002e0d   Thumb Code    70  stm32f10x_tim.o(.text)
    TIM_UpdateDisableConfig                  0x08002e53   Thumb Code    20  stm32f10x_tim.o(.text)
    TIM_UpdateRequestConfig                  0x08002e67   Thumb Code    20  stm32f10x_tim.o(.text)
    TIM_SelectHallSensor                     0x08002e7b   Thumb Code    20  stm32f10x_tim.o(.text)
    TIM_SelectOnePulseMode                   0x08002e8f   Thumb Code    16  stm32f10x_tim.o(.text)
    TIM_SelectOutputTrigger                  0x08002e9f   Thumb Code    16  stm32f10x_tim.o(.text)
    TIM_SelectSlaveMode                      0x08002eaf   Thumb Code    16  stm32f10x_tim.o(.text)
    TIM_SelectMasterSlaveMode                0x08002ebf   Thumb Code    16  stm32f10x_tim.o(.text)
    TIM_SetCounter                           0x08002ecf   Thumb Code     4  stm32f10x_tim.o(.text)
    TIM_SetAutoreload                        0x08002ed3   Thumb Code     4  stm32f10x_tim.o(.text)
    TIM_SetCompare1                          0x08002ed7   Thumb Code     4  stm32f10x_tim.o(.text)
    TIM_SetCompare2                          0x08002edb   Thumb Code     4  stm32f10x_tim.o(.text)
    TIM_SetCompare3                          0x08002edf   Thumb Code     4  stm32f10x_tim.o(.text)
    TIM_SetCompare4                          0x08002ee3   Thumb Code     6  stm32f10x_tim.o(.text)
    TIM_SetClockDivision                     0x08002ee9   Thumb Code    16  stm32f10x_tim.o(.text)
    TIM_GetCapture1                          0x08002ef9   Thumb Code     4  stm32f10x_tim.o(.text)
    TIM_GetCapture2                          0x08002efd   Thumb Code     4  stm32f10x_tim.o(.text)
    TIM_GetCapture3                          0x08002f01   Thumb Code     4  stm32f10x_tim.o(.text)
    TIM_GetCapture4                          0x08002f05   Thumb Code     6  stm32f10x_tim.o(.text)
    TIM_GetCounter                           0x08002f0b   Thumb Code     4  stm32f10x_tim.o(.text)
    TIM_GetPrescaler                         0x08002f0f   Thumb Code     4  stm32f10x_tim.o(.text)
    TIM_GetFlagStatus                        0x08002f13   Thumb Code    14  stm32f10x_tim.o(.text)
    TIM_ClearFlag                            0x08002f21   Thumb Code     6  stm32f10x_tim.o(.text)
    TIM_GetITStatus                          0x08002f27   Thumb Code    24  stm32f10x_tim.o(.text)
    TIM_ClearITPendingBit                    0x08002f3f   Thumb Code     6  stm32f10x_tim.o(.text)
    CAN_DeInit                               0x08002f45   Thumb Code    38  stm32f10x_can.o(.text)
    CAN_Init                                 0x08002f6b   Thumb Code   232  stm32f10x_can.o(.text)
    CAN_FilterInit                           0x08003053   Thumb Code   194  stm32f10x_can.o(.text)
    CAN_StructInit                           0x08003115   Thumb Code    32  stm32f10x_can.o(.text)
    CAN_SlaveStartBank                       0x08003135   Thumb Code    38  stm32f10x_can.o(.text)
    CAN_DBGFreeze                            0x0800315b   Thumb Code    20  stm32f10x_can.o(.text)
    CAN_TTComModeCmd                         0x0800316f   Thumb Code    90  stm32f10x_can.o(.text)
    CAN_Transmit                             0x080031c9   Thumb Code   164  stm32f10x_can.o(.text)
    CAN_TransmitStatus                       0x0800326d   Thumb Code    88  stm32f10x_can.o(.text)
    CAN_CancelTransmit                       0x080032c5   Thumb Code    36  stm32f10x_can.o(.text)
    CAN_Receive                              0x080032e9   Thumb Code   178  stm32f10x_can.o(.text)
    CAN_FIFORelease                          0x0800339b   Thumb Code    22  stm32f10x_can.o(.text)
    CAN_MessagePending                       0x080033b1   Thumb Code    22  stm32f10x_can.o(.text)
    CAN_OperatingModeRequest                 0x080033c7   Thumb Code   140  stm32f10x_can.o(.text)
    CAN_Sleep                                0x08003453   Thumb Code    30  stm32f10x_can.o(.text)
    CAN_WakeUp                               0x08003471   Thumb Code    40  stm32f10x_can.o(.text)
    CAN_GetLastErrorCode                     0x08003499   Thumb Code    10  stm32f10x_can.o(.text)
    CAN_GetReceiveErrorCounter               0x080034a3   Thumb Code     6  stm32f10x_can.o(.text)
    CAN_GetLSBTransmitErrorCounter           0x080034a9   Thumb Code     8  stm32f10x_can.o(.text)
    CAN_ITConfig                             0x080034b1   Thumb Code    16  stm32f10x_can.o(.text)
    CAN_GetFlagStatus                        0x080034c1   Thumb Code    52  stm32f10x_can.o(.text)
    CAN_ClearFlag                            0x080034f5   Thumb Code    44  stm32f10x_can.o(.text)
    CAN_GetITStatus                          0x08003521   Thumb Code   162  stm32f10x_can.o(.text)
    CAN_ClearITPendingBit                    0x080035c3   Thumb Code   116  stm32f10x_can.o(.text)
    BKP_DeInit                               0x0800364d   Thumb Code    18  stm32f10x_bkp.o(.text)
    BKP_TamperPinLevelConfig                 0x0800365f   Thumb Code     6  stm32f10x_bkp.o(.text)
    BKP_TamperPinCmd                         0x08003665   Thumb Code     8  stm32f10x_bkp.o(.text)
    BKP_ITConfig                             0x0800366d   Thumb Code     8  stm32f10x_bkp.o(.text)
    BKP_RTCOutputConfig                      0x08003675   Thumb Code    14  stm32f10x_bkp.o(.text)
    BKP_SetRTCCalibrationValue               0x08003683   Thumb Code    14  stm32f10x_bkp.o(.text)
    BKP_WriteBackupRegister                  0x08003691   Thumb Code    14  stm32f10x_bkp.o(.text)
    BKP_ReadBackupRegister                   0x0800369f   Thumb Code    14  stm32f10x_bkp.o(.text)
    BKP_GetFlagStatus                        0x080036ad   Thumb Code    10  stm32f10x_bkp.o(.text)
    BKP_ClearFlag                            0x080036b7   Thumb Code    14  stm32f10x_bkp.o(.text)
    BKP_GetITStatus                          0x080036c5   Thumb Code    10  stm32f10x_bkp.o(.text)
    BKP_ClearITPendingBit                    0x080036cf   Thumb Code    14  stm32f10x_bkp.o(.text)
    PWR_DeInit                               0x080036e5   Thumb Code    24  stm32f10x_pwr.o(.text)
    PWR_BackupAccessCmd                      0x080036fd   Thumb Code     6  stm32f10x_pwr.o(.text)
    PWR_PVDCmd                               0x08003703   Thumb Code     6  stm32f10x_pwr.o(.text)
    PWR_PVDLevelConfig                       0x08003709   Thumb Code    14  stm32f10x_pwr.o(.text)
    PWR_WakeUpPinCmd                         0x08003717   Thumb Code     8  stm32f10x_pwr.o(.text)
    PWR_EnterSTOPMode                        0x0800371f   Thumb Code    42  stm32f10x_pwr.o(.text)
    PWR_EnterSTANDBYMode                     0x08003749   Thumb Code    32  stm32f10x_pwr.o(.text)
    PWR_GetFlagStatus                        0x08003769   Thumb Code    16  stm32f10x_pwr.o(.text)
    PWR_ClearFlag                            0x08003779   Thumb Code    12  stm32f10x_pwr.o(.text)
    vListInitialise                          0x08003791   Thumb Code    22  list.o(.text)
    vListInitialiseItem                      0x080037a7   Thumb Code     6  list.o(.text)
    vListInsertEnd                           0x080037ad   Thumb Code    24  list.o(.text)
    vListInsert                              0x080037c5   Thumb Code    48  list.o(.text)
    uxListRemove                             0x080037f5   Thumb Code    36  list.o(.text)
    xQueueGenericReset                       0x08003819   Thumb Code   128  queue.o(.text)
    xQueueGenericCreate                      0x08003899   Thumb Code    82  queue.o(.text)
    xQueueGenericSend                        0x08003a39   Thumb Code   350  queue.o(.text)
    xQueueCreateMutex                        0x08003b97   Thumb Code    36  queue.o(.text)
    xQueueGiveMutexRecursive                 0x08003bbb   Thumb Code    98  queue.o(.text)
    xQueueGenericReceive                     0x08003c43   Thumb Code   356  queue.o(.text)
    xQueueTakeMutexRecursive                 0x08003da7   Thumb Code    68  queue.o(.text)
    xQueueCreateCountingSemaphore            0x08003deb   Thumb Code    62  queue.o(.text)
    xQueueGenericSendFromISR                 0x08003e29   Thumb Code   200  queue.o(.text)
    xQueueGiveFromISR                        0x08003ef1   Thumb Code   172  queue.o(.text)
    xQueueReceiveFromISR                     0x08003f9d   Thumb Code   150  queue.o(.text)
    xQueuePeekFromISR                        0x08004033   Thumb Code   114  queue.o(.text)
    uxQueueMessagesWaiting                   0x080040a5   Thumb Code    36  queue.o(.text)
    uxQueueSpacesAvailable                   0x080040c9   Thumb Code    40  queue.o(.text)
    uxQueueMessagesWaitingFromISR            0x080040f1   Thumb Code    26  queue.o(.text)
    vQueueUnregisterQueue                    0x0800410b   Thumb Code    36  queue.o(.text)
    vQueueDelete                             0x0800412f   Thumb Code    38  queue.o(.text)
    uxQueueGetQueueNumber                    0x08004155   Thumb Code     4  queue.o(.text)
    vQueueSetQueueNumber                     0x08004159   Thumb Code     4  queue.o(.text)
    ucQueueGetQueueType                      0x0800415d   Thumb Code     6  queue.o(.text)
    xQueueIsQueueEmptyFromISR                0x08004163   Thumb Code    34  queue.o(.text)
    xQueueIsQueueFullFromISR                 0x08004185   Thumb Code    38  queue.o(.text)
    vQueueAddToRegistry                      0x080041ab   Thumb Code    32  queue.o(.text)
    pcQueueGetName                           0x080041cb   Thumb Code    34  queue.o(.text)
    vQueueWaitForMessageRestricted           0x080041ed   Thumb Code    68  queue.o(.text)
    xQueueCreateSet                          0x08004231   Thumb Code     8  queue.o(.text)
    xQueueAddToSet                           0x08004239   Thumb Code    34  queue.o(.text)
    xQueueRemoveFromSet                      0x0800425b   Thumb Code    34  queue.o(.text)
    xQueueSelectFromSet                      0x0800427d   Thumb Code    18  queue.o(.text)
    xQueueSelectFromSetFromISR               0x0800428f   Thumb Code    18  queue.o(.text)
    xTaskCreate                              0x08004385   Thumb Code    86  tasks.o(.text)
    vTaskDelete                              0x080043db   Thumb Code   154  tasks.o(.text)
    xTaskIncrementTick                       0x08004475   Thumb Code   186  tasks.o(.text)
    xTaskResumeAll                           0x0800452f   Thumb Code   182  tasks.o(.text)
    vTaskSuspendAll                          0x0800464b   Thumb Code    10  tasks.o(.text)
    vTaskDelayUntil                          0x08004655   Thumb Code   180  tasks.o(.text)
    vTaskDelay                               0x08004709   Thumb Code    66  tasks.o(.text)
    eTaskGetState                            0x0800474b   Thumb Code    94  tasks.o(.text)
    uxTaskPriorityGet                        0x080047a9   Thumb Code    24  tasks.o(.text)
    uxTaskPriorityGetFromISR                 0x080047c1   Thumb Code    40  tasks.o(.text)
    vTaskPrioritySet                         0x080047e9   Thumb Code   184  tasks.o(.text)
    vTaskSwitchContext                       0x080048a1   Thumb Code    84  tasks.o(.text)
    vTaskSuspend                             0x080048f5   Thumb Code   156  tasks.o(.text)
    vTaskResume                              0x080049c1   Thumb Code   116  tasks.o(.text)
    xTaskResumeFromISR                       0x08004a35   Thumb Code   126  tasks.o(.text)
    vTaskStartScheduler                      0x08004ad1   Thumb Code   130  tasks.o(.text)
    vTaskEndScheduler                        0x08004b53   Thumb Code    24  tasks.o(.text)
    xTaskGetTickCount                        0x08004b6b   Thumb Code     6  tasks.o(.text)
    xTaskGetTickCountFromISR                 0x08004b71   Thumb Code    12  tasks.o(.text)
    uxTaskGetNumberOfTasks                   0x08004b7d   Thumb Code     6  tasks.o(.text)
    pcTaskGetName                            0x08004b83   Thumb Code    38  tasks.o(.text)
    vTaskGetInfo                             0x08004ba9   Thumb Code   126  tasks.o(.text)
    uxTaskGetSystemState                     0x08004c7b   Thumb Code   156  tasks.o(.text)
    vTaskPlaceOnEventList                    0x08004d17   Thumb Code    46  tasks.o(.text)
    vTaskPlaceOnUnorderedEventList           0x08004d45   Thumb Code    78  tasks.o(.text)
    vTaskPlaceOnEventListRestricted          0x08004d93   Thumb Code    54  tasks.o(.text)
    xTaskRemoveFromEventList                 0x08004dc9   Thumb Code   106  tasks.o(.text)
    xTaskRemoveFromUnorderedEventList        0x08004e33   Thumb Code   116  tasks.o(.text)
    vTaskSetTimeOutState                     0x08004ea7   Thumb Code    34  tasks.o(.text)
    xTaskCheckForTimeOut                     0x08004ec9   Thumb Code   114  tasks.o(.text)
    vTaskMissedYield                         0x08004f3b   Thumb Code     8  tasks.o(.text)
    uxTaskGetTaskNumber                      0x08004f43   Thumb Code     8  tasks.o(.text)
    vTaskSetTaskNumber                       0x08004f4b   Thumb Code     8  tasks.o(.text)
    xTaskGetCurrentTaskHandle                0x08004f53   Thumb Code     6  tasks.o(.text)
    xTaskGetSchedulerState                   0x08004f59   Thumb Code    22  tasks.o(.text)
    vTaskPriorityInherit                     0x08004f6f   Thumb Code   124  tasks.o(.text)
    xTaskPriorityDisinherit                  0x08004feb   Thumb Code   144  tasks.o(.text)
    vTaskList                                0x0800507b   Thumb Code   188  tasks.o(.text)
    uxTaskResetEventItemValue                0x08005137   Thumb Code    20  tasks.o(.text)
    pvTaskIncrementMutexHeldCount            0x0800514b   Thumb Code    18  tasks.o(.text)
    ulTaskNotifyTake                         0x0800515d   Thumb Code    96  tasks.o(.text)
    xTaskNotifyWait                          0x080051bd   Thumb Code   128  tasks.o(.text)
    xTaskGenericNotify                       0x0800523d   Thumb Code   190  tasks.o(.text)
    xTaskGenericNotifyFromISR                0x080052fb   Thumb Code   256  tasks.o(.text)
    vTaskNotifyGiveFromISR                   0x080053fb   Thumb Code   168  tasks.o(.text)
    xTaskNotifyStateClear                    0x080054a3   Thumb Code    44  tasks.o(.text)
    xTimerGenericCommand                     0x08005645   Thumb Code    98  timers.o(.text)
    xTimerCreateTimerTask                    0x080057cb   Thumb Code    58  timers.o(.text)
    xTimerCreate                             0x08005805   Thumb Code    72  timers.o(.text)
    xTimerGetTimerDaemonTaskHandle           0x0800584d   Thumb Code    24  timers.o(.text)
    xTimerGetPeriod                          0x08005865   Thumb Code    22  timers.o(.text)
    xTimerGetExpiryTime                      0x0800587b   Thumb Code    22  timers.o(.text)
    pcTimerGetName                           0x08005891   Thumb Code    22  timers.o(.text)
    xTimerIsTimerActive                      0x080058a7   Thumb Code    40  timers.o(.text)
    pvTimerGetTimerID                        0x080058cf   Thumb Code    32  timers.o(.text)
    vTimerSetTimerID                         0x080058ef   Thumb Code    34  timers.o(.text)
    xTimerPendFunctionCallFromISR            0x08005911   Thumb Code    34  timers.o(.text)
    xTimerPendFunctionCall                   0x08005933   Thumb Code    60  timers.o(.text)
    pxPortInitialiseStack                    0x08005b4b   Thumb Code    32  port.o(.text)
    vPortSetupTimerInterrupt                 0x08005b6b   Thumb Code    26  port.o(.text)
    xPortStartScheduler                      0x08005b85   Thumb Code   108  port.o(.text)
    vPortEndScheduler                        0x08005bf1   Thumb Code    24  port.o(.text)
    vPortEnterCritical                       0x08005c09   Thumb Code    52  port.o(.text)
    vPortExitCritical                        0x08005c3d   Thumb Code    34  port.o(.text)
    xPortSysTickHandler                      0x08005c5f   Thumb Code    40  port.o(.text)
    vPortValidateInterruptPriority           0x08005c87   Thumb Code    72  port.o(.text)
    pvPortMalloc                             0x08005d69   Thumb Code   214  heap_4.o(.text)
    vPortFree                                0x08005e3f   Thumb Code    96  heap_4.o(.text)
    xPortGetFreeHeapSize                     0x08005e9f   Thumb Code     8  heap_4.o(.text)
    xPortGetMinimumEverFreeHeapSize          0x08005ea7   Thumb Code     8  heap_4.o(.text)
    vPortInitialiseBlocks                    0x08005eaf   Thumb Code     2  heap_4.o(.text)
    systemInit                               0x08005f35   Thumb Code    98  system.o(.text)
    oled_show                                0x08005f9d   Thumb Code   652  show.o(.text)
    show_task                                0x08006229   Thumb Code    22  show.o(.text)
    MPU6050_Read_Len                         0x080062c1   Thumb Code   106  mpu6050.o(.text)
    MPU6050_Get_Gyroscope                    0x0800632b   Thumb Code   124  mpu6050.o(.text)
    MPU6050_Get_Accelerometer                0x080063a7   Thumb Code    46  mpu6050.o(.text)
    MPU6050_task                             0x080063d5   Thumb Code    58  mpu6050.o(.text)
    MPU6050_Write_Byte                       0x0800640f   Thumb Code    60  mpu6050.o(.text)
    MPU6050_Set_LPF                          0x0800644b   Thumb Code    46  mpu6050.o(.text)
    MPU6050_Set_Rate                         0x08006479   Thumb Code    44  mpu6050.o(.text)
    MPU6050_Read_Byte                        0x080064a5   Thumb Code    58  mpu6050.o(.text)
    MPU6050_Set_Accel_Fsr                    0x080064df   Thumb Code     8  mpu6050.o(.text)
    MPU6050_Set_Gyro_Fsr                     0x080064e7   Thumb Code     8  mpu6050.o(.text)
    MPU6050_Init                             0x080064ef   Thumb Code   114  mpu6050.o(.text)
    MPU6050_Write_Len                        0x08006561   Thumb Code    80  mpu6050.o(.text)
    myabs                                    0x080065b9   Thumb Code     8  balance.o(.text)
    Set_Pwm                                  0x080065c1   Thumb Code   150  balance.o(.text)
    target_limit_int                         0x08006657   Thumb Code    16  balance.o(.text)
    Limit_Pwm                                0x08006667   Thumb Code    64  balance.o(.text)
    Position_PID_D                           0x080066a7   Thumb Code   132  balance.o(.text)
    Position_PID_C                           0x0800672b   Thumb Code   132  balance.o(.text)
    Position_PID_B                           0x080067af   Thumb Code   132  balance.o(.text)
    Position_PID_A                           0x08006833   Thumb Code   132  balance.o(.text)
    Key                                      0x080068b7   Thumb Code    24  balance.o(.text)
    Get_Encoder                              0x080068cf   Thumb Code    66  balance.o(.text)
    Balance_task                             0x08006911   Thumb Code   126  balance.o(.text)
    target_limit_float                       0x0800698f   Thumb Code    68  balance.o(.text)
    float_abs                                0x080069d3   Thumb Code    12  balance.o(.text)
    __use_no_semihosting                     0x080069df   Thumb Code     2  use_no_semi_2.o(.text)
    __2printf                                0x080069e1   Thumb Code    20  noretval__2printf.o(.text)
    __2sprintf                               0x080069f9   Thumb Code    34  noretval__2sprintf.o(.text)
    __printf                                 0x08006a21   Thumb Code   104  __printf.o(.text)
    _printf_str                              0x08006a89   Thumb Code    82  _printf_str.o(.text)
    _printf_int_dec                          0x08006add   Thumb Code   104  _printf_dec.o(.text)
    strcpy                                   0x08006b55   Thumb Code    72  strcpy.o(.text)
    strlen                                   0x08006b9d   Thumb Code    62  strlen.o(.text)
    __aeabi_memcpy                           0x08006bdb   Thumb Code     0  rt_memcpy_v6.o(.text)
    __rt_memcpy                              0x08006bdb   Thumb Code   138  rt_memcpy_v6.o(.text)
    _memcpy_lastbytes                        0x08006c41   Thumb Code     0  rt_memcpy_v6.o(.text)
    __aeabi_memset                           0x08006c65   Thumb Code    16  aeabi_memset.o(.text)
    __use_two_region_memory                  0x08006c75   Thumb Code     2  heapauxi.o(.text)
    __rt_heap_escrow$2region                 0x08006c77   Thumb Code     2  heapauxi.o(.text)
    __rt_heap_expand$2region                 0x08006c79   Thumb Code     2  heapauxi.o(.text)
    __I$use$semihosting                      0x08006c7b   Thumb Code     0  use_no_semi.o(.text)
    __use_no_semihosting_swi                 0x08006c7b   Thumb Code     2  use_no_semi.o(.text)
    _printf_int_common                       0x08006c7d   Thumb Code   178  _printf_intcommon.o(.text)
    _printf_char_common                      0x08006d3b   Thumb Code    32  _printf_char_common.o(.text)
    _sputc                                   0x08006d61   Thumb Code    10  _sputc.o(.text)
    _printf_cs_common                        0x08006d6b   Thumb Code    20  _printf_char.o(.text)
    _printf_char                             0x08006d7f   Thumb Code    16  _printf_char.o(.text)
    _printf_string                           0x08006d8f   Thumb Code     8  _printf_char.o(.text)
    _printf_char_file                        0x08006d99   Thumb Code    32  _printf_char_file.o(.text)
    __aeabi_memcpy4                          0x08006dbd   Thumb Code     0  rt_memcpy_w.o(.text)
    __aeabi_memcpy8                          0x08006dbd   Thumb Code     0  rt_memcpy_w.o(.text)
    __rt_memcpy_w                            0x08006dbd   Thumb Code   100  rt_memcpy_w.o(.text)
    _memcpy_lastbytes_aligned                0x08006e05   Thumb Code     0  rt_memcpy_w.o(.text)
    __aeabi_memclr                           0x08006e21   Thumb Code     0  rt_memclr.o(.text)
    __rt_memclr                              0x08006e21   Thumb Code    68  rt_memclr.o(.text)
    _memset                                  0x08006e25   Thumb Code     0  rt_memclr.o(.text)
    ferror                                   0x08006e65   Thumb Code     8  ferror.o(.text)
    __aeabi_memclr4                          0x08006e6d   Thumb Code     0  rt_memclr_w.o(.text)
    __aeabi_memclr8                          0x08006e6d   Thumb Code     0  rt_memclr_w.o(.text)
    __rt_memclr_w                            0x08006e6d   Thumb Code    78  rt_memclr_w.o(.text)
    _memset_w                                0x08006e71   Thumb Code     0  rt_memclr_w.o(.text)
    __user_setup_stackheap                   0x08006ebb   Thumb Code    74  sys_stackheap_outer.o(.text)
    exit                                     0x08006f05   Thumb Code    12  exit.o(.text)
    __user_libspace                          0x08006f11   Thumb Code     8  libspace.o(.text)
    __user_perproc_libspace                  0x08006f11   Thumb Code     0  libspace.o(.text)
    __user_perthread_libspace                0x08006f11   Thumb Code     0  libspace.o(.text)
    __aeabi_fadd                             0x08006f19   Thumb Code     0  faddsub_clz.o(x$fpl$fadd)
    _fadd                                    0x08006f19   Thumb Code   196  faddsub_clz.o(x$fpl$fadd)
    __fpl_fcmp_Inf                           0x08006fdd   Thumb Code    24  fcmpi.o(x$fpl$fcmpinf)
    __aeabi_f2iz                             0x08006ff5   Thumb Code     0  ffix.o(x$fpl$ffix)
    _ffix                                    0x08006ff5   Thumb Code    54  ffix.o(x$fpl$ffix)
    __aeabi_i2f                              0x0800702d   Thumb Code     0  fflt_clz.o(x$fpl$fflt)
    _fflt                                    0x0800702d   Thumb Code    48  fflt_clz.o(x$fpl$fflt)
    __aeabi_cfcmple                          0x0800705d   Thumb Code     0  fleqf.o(x$fpl$fleqf)
    _fcmple                                  0x0800705d   Thumb Code   104  fleqf.o(x$fpl$fleqf)
    __fpl_fcmple_InfNaN                      0x080070af   Thumb Code     0  fleqf.o(x$fpl$fleqf)
    __aeabi_fmul                             0x080070c5   Thumb Code     0  fmul.o(x$fpl$fmul)
    _fmul                                    0x080070c5   Thumb Code   258  fmul.o(x$fpl$fmul)
    __fpl_fnaninf                            0x080071c7   Thumb Code   140  fnaninf.o(x$fpl$fnaninf)
    __fpl_fretinf                            0x08007253   Thumb Code    10  fretinf.o(x$fpl$fretinf)
    __aeabi_cfrcmple                         0x0800725d   Thumb Code     0  frleqf.o(x$fpl$frleqf)
    _frcmple                                 0x0800725d   Thumb Code    98  frleqf.o(x$fpl$frleqf)
    __aeabi_fsub                             0x080072c1   Thumb Code     0  faddsub_clz.o(x$fpl$fsub)
    _fsub                                    0x080072c1   Thumb Code   234  faddsub_clz.o(x$fpl$fsub)
    __I$use$fp                               0x080073aa   Number         0  usenofp.o(x$fpl$usenofp)
    oled_asc2_1206                           0x080073aa   Data        1140  oled.o(.constdata)
    oled_asc2_1608                           0x0800781e   Data        1520  oled.o(.constdata)
    Region$$Table$$Base                      0x08007e10   Number         0  anon$$obj.o(Region$$Table)
    Region$$Table$$Limit                     0x08007e30   Number         0  anon$$obj.o(Region$$Table)
    StartTask_Handler                        0x20000000   Data           4  main.o(.data)
    SystemCoreClock                          0x20000004   Data           4  system_stm32f10x.o(.data)
    AHBPrescTable                            0x20000008   Data          16  system_stm32f10x.o(.data)
    Led_Count                                0x20000018   Data           4  led.o(.data)
    TIM1CH1_CAPTURE_STA                      0x20000024   Data           1  timer.o(.data)
    TIM1CH2_CAPTURE_STA                      0x20000025   Data           1  timer.o(.data)
    TIM1CH3_CAPTURE_STA                      0x20000026   Data           1  timer.o(.data)
    TIM1CH4_CAPTURE_STA                      0x20000027   Data           1  timer.o(.data)
    TIM1CH1_CAPTURE_UPVAL                    0x20000028   Data           2  timer.o(.data)
    TIM1CH1_CAPTURE_DOWNVAL                  0x2000002a   Data           2  timer.o(.data)
    TIM1CH2_CAPTURE_UPVAL                    0x2000002c   Data           2  timer.o(.data)
    TIM1CH2_CAPTURE_DOWNVAL                  0x2000002e   Data           2  timer.o(.data)
    TIM1CH3_CAPTURE_UPVAL                    0x20000030   Data           2  timer.o(.data)
    TIM1CH3_CAPTURE_DOWNVAL                  0x20000032   Data           2  timer.o(.data)
    TIM1CH4_CAPTURE_UPVAL                    0x20000034   Data           2  timer.o(.data)
    TIM1CH4_CAPTURE_DOWNVAL                  0x20000036   Data           2  timer.o(.data)
    Remoter_Ch1                              0x20000038   Data           4  timer.o(.data)
    Remoter_Ch2                              0x2000003c   Data           4  timer.o(.data)
    Remoter_Ch3                              0x20000040   Data           4  timer.o(.data)
    Remoter_Ch4                              0x20000044   Data           4  timer.o(.data)
    L_Remoter_Ch1                            0x20000048   Data           4  timer.o(.data)
    L_Remoter_Ch2                            0x2000004c   Data           4  timer.o(.data)
    L_Remoter_Ch3                            0x20000050   Data           4  timer.o(.data)
    L_Remoter_Ch4                            0x20000054   Data           4  timer.o(.data)
    TIM1_T1                                  0x20000058   Data           4  timer.o(.data)
    TIM1_T2                                  0x2000005c   Data           4  timer.o(.data)
    TIM1_T3                                  0x20000060   Data           4  timer.o(.data)
    TIM1_T4                                  0x20000064   Data           4  timer.o(.data)
    control_mode                             0x20000068   Data           1  can.o(.data)
    armingFlags                              0x20000069   Data           1  can.o(.data)
    RC_Velocity                              0x2000006a   Data           2  can.o(.data)
    __stdout                                 0x20000074   Data           4  usart.o(.data)
    pxCurrentTCB                             0x2000008c   Data           4  tasks.o(.data)
    Flag_Mpu6050                             0x20000100   Data           4  mpu6050.o(.data)
    Deviation_Count                          0x20000104   Data           4  mpu6050.o(.data)
    gyro                                     0x20000108   Data           6  mpu6050.o(.data)
    accel                                    0x2000010e   Data           6  mpu6050.o(.data)
    Deviation_gyro                           0x20000114   Data           6  mpu6050.o(.data)
    Original_gyro                            0x2000011a   Data           6  mpu6050.o(.data)
    Position_KP                              0x20000120   Data           4  balance.o(.data)
    Position_KI                              0x20000124   Data           4  balance.o(.data)
    Position_KD                              0x20000128   Data           4  balance.o(.data)
    OLED_GRAM                                0x2000016c   Data        1024  oled.o(.bss)
    can_sent                                 0x2000056c   Data          16  can.o(.bss)
    can_receive                              0x2000057c   Data          16  can.o(.bss)
    xQueueRegistry                           0x2000058c   Data          64  queue.o(.bss)
    MOTOR_A                                  0x200058d8   Data          12  balance.o(.bss)
    MOTOR_B                                  0x200058e4   Data          12  balance.o(.bss)
    MOTOR_C                                  0x200058f0   Data          12  balance.o(.bss)
    MOTOR_D                                  0x200058fc   Data          12  balance.o(.bss)
    __libspace_start                         0x20005908   Data          96  libspace.o(.bss)
    __temporary_stack_top$libspace           0x20005968   Data           0  libspace.o(.bss)



==============================================================================

Memory Map of the image

  Image Entry point : 0x08000131

  Load Region LR_IROM1 (Base: 0x08000000, Size: 0x00007f9c, Max: 0x00040000, ABSOLUTE, COMPRESSED[0x00007e60])

    Execution Region ER_IROM1 (Base: 0x08000000, Size: 0x00007e30, Max: 0x00040000, ABSOLUTE)

    Base Addr    Size         Type   Attr      Idx    E Section Name        Object

    0x08000000   0x00000130   Data   RO          511    RESET               startup_stm32f10x_hd.o
    0x08000130   0x00000008   Code   RO          962  * !!!main             c_w.l(__main.o)
    0x08000138   0x00000034   Code   RO         1170    !!!scatter          c_w.l(__scatter.o)
    0x0800016c   0x0000005a   Code   RO         1168    !!dczerorl2         c_w.l(__dczerorl2.o)
    0x080001c6   0x00000002   PAD
    0x080001c8   0x0000001c   Code   RO         1172    !!handler_zi        c_w.l(__scatter_zi.o)
    0x080001e4   0x00000000   Code   RO          951    .ARM.Collect$$_printf_percent$$00000000  c_w.l(_printf_percent.o)
    0x080001e4   0x00000006   Code   RO          949    .ARM.Collect$$_printf_percent$$00000009  c_w.l(_printf_d.o)
    0x080001ea   0x00000006   Code   RO          950    .ARM.Collect$$_printf_percent$$0000000A  c_w.l(_printf_u.o)
    0x080001f0   0x00000006   Code   RO          947    .ARM.Collect$$_printf_percent$$00000013  c_w.l(_printf_c.o)
    0x080001f6   0x00000006   Code   RO          948    .ARM.Collect$$_printf_percent$$00000014  c_w.l(_printf_s.o)
    0x080001fc   0x00000004   Code   RO          999    .ARM.Collect$$_printf_percent$$00000017  c_w.l(_printf_percent_end.o)
    0x08000200   0x00000002   Code   RO         1043    .ARM.Collect$$libinit$$00000000  c_w.l(libinit.o)
    0x08000202   0x00000000   Code   RO         1050    .ARM.Collect$$libinit$$00000002  c_w.l(libinit2.o)
    0x08000202   0x00000000   Code   RO         1052    .ARM.Collect$$libinit$$00000004  c_w.l(libinit2.o)
    0x08000202   0x00000000   Code   RO         1055    .ARM.Collect$$libinit$$0000000A  c_w.l(libinit2.o)
    0x08000202   0x00000000   Code   RO         1057    .ARM.Collect$$libinit$$0000000C  c_w.l(libinit2.o)
    0x08000202   0x00000000   Code   RO         1059    .ARM.Collect$$libinit$$0000000E  c_w.l(libinit2.o)
    0x08000202   0x00000000   Code   RO         1062    .ARM.Collect$$libinit$$00000011  c_w.l(libinit2.o)
    0x08000202   0x00000000   Code   RO         1064    .ARM.Collect$$libinit$$00000013  c_w.l(libinit2.o)
    0x08000202   0x00000000   Code   RO         1066    .ARM.Collect$$libinit$$00000015  c_w.l(libinit2.o)
    0x08000202   0x00000000   Code   RO         1068    .ARM.Collect$$libinit$$00000017  c_w.l(libinit2.o)
    0x08000202   0x00000000   Code   RO         1070    .ARM.Collect$$libinit$$00000019  c_w.l(libinit2.o)
    0x08000202   0x00000000   Code   RO         1072    .ARM.Collect$$libinit$$0000001B  c_w.l(libinit2.o)
    0x08000202   0x00000000   Code   RO         1074    .ARM.Collect$$libinit$$0000001D  c_w.l(libinit2.o)
    0x08000202   0x00000000   Code   RO         1076    .ARM.Collect$$libinit$$0000001F  c_w.l(libinit2.o)
    0x08000202   0x00000000   Code   RO         1078    .ARM.Collect$$libinit$$00000021  c_w.l(libinit2.o)
    0x08000202   0x00000000   Code   RO         1080    .ARM.Collect$$libinit$$00000023  c_w.l(libinit2.o)
    0x08000202   0x00000000   Code   RO         1082    .ARM.Collect$$libinit$$00000025  c_w.l(libinit2.o)
    0x08000202   0x00000000   Code   RO         1086    .ARM.Collect$$libinit$$0000002C  c_w.l(libinit2.o)
    0x08000202   0x00000000   Code   RO         1088    .ARM.Collect$$libinit$$0000002E  c_w.l(libinit2.o)
    0x08000202   0x00000000   Code   RO         1090    .ARM.Collect$$libinit$$00000030  c_w.l(libinit2.o)
    0x08000202   0x00000000   Code   RO         1092    .ARM.Collect$$libinit$$00000032  c_w.l(libinit2.o)
    0x08000202   0x00000002   Code   RO         1093    .ARM.Collect$$libinit$$00000033  c_w.l(libinit2.o)
    0x08000204   0x00000002   Code   RO         1111    .ARM.Collect$$libshutdown$$00000000  c_w.l(libshutdown.o)
    0x08000206   0x00000000   Code   RO         1122    .ARM.Collect$$libshutdown$$00000003  c_w.l(libshutdown2.o)
    0x08000206   0x00000000   Code   RO         1125    .ARM.Collect$$libshutdown$$00000006  c_w.l(libshutdown2.o)
    0x08000206   0x00000000   Code   RO         1128    .ARM.Collect$$libshutdown$$00000009  c_w.l(libshutdown2.o)
    0x08000206   0x00000000   Code   RO         1130    .ARM.Collect$$libshutdown$$0000000B  c_w.l(libshutdown2.o)
    0x08000206   0x00000000   Code   RO         1133    .ARM.Collect$$libshutdown$$0000000E  c_w.l(libshutdown2.o)
    0x08000206   0x00000002   Code   RO         1134    .ARM.Collect$$libshutdown$$0000000F  c_w.l(libshutdown2.o)
    0x08000208   0x00000000   Code   RO          988    .ARM.Collect$$rtentry$$00000000  c_w.l(__rtentry.o)
    0x08000208   0x00000000   Code   RO         1012    .ARM.Collect$$rtentry$$00000002  c_w.l(__rtentry2.o)
    0x08000208   0x00000006   Code   RO         1024    .ARM.Collect$$rtentry$$00000004  c_w.l(__rtentry4.o)
    0x0800020e   0x00000000   Code   RO         1014    .ARM.Collect$$rtentry$$00000009  c_w.l(__rtentry2.o)
    0x0800020e   0x00000004   Code   RO         1015    .ARM.Collect$$rtentry$$0000000A  c_w.l(__rtentry2.o)
    0x08000212   0x00000000   Code   RO         1017    .ARM.Collect$$rtentry$$0000000C  c_w.l(__rtentry2.o)
    0x08000212   0x00000008   Code   RO         1018    .ARM.Collect$$rtentry$$0000000D  c_w.l(__rtentry2.o)
    0x0800021a   0x00000002   Code   RO         1047    .ARM.Collect$$rtexit$$00000000  c_w.l(rtexit.o)
    0x0800021c   0x00000000   Code   RO         1095    .ARM.Collect$$rtexit$$00000002  c_w.l(rtexit2.o)
    0x0800021c   0x00000004   Code   RO         1096    .ARM.Collect$$rtexit$$00000003  c_w.l(rtexit2.o)
    0x08000220   0x00000006   Code   RO         1097    .ARM.Collect$$rtexit$$00000004  c_w.l(rtexit2.o)
    0x08000226   0x00000002   PAD
    0x08000228   0x00000096   Code   RO          790    .emb_text           port.o
    0x080002be   0x00000002   PAD
    0x080002c0   0x00000100   Code   RO            1    .text               main.o
    0x080003c0   0x0000000c   Code   RO          226    .text               stm32f10x_it.o
    0x080003cc   0x00000158   Code   RO          267    .text               system_stm32f10x.o
    0x08000524   0x00000314   Code   RO          285    .text               encoder.o
    0x08000838   0x00000228   Code   RO          297    .text               ioi2c.o
    0x08000a60   0x00000054   Code   RO          309    .text               led.o
    0x08000ab4   0x00000198   Code   RO          327    .text               motor.o
    0x08000c4c   0x00000398   Code   RO          339    .text               oled.o
    0x08000fe4   0x000000b0   Code   RO          375    .text               key.o
    0x08001094   0x0000032c   Code   RO          389    .text               timer.o
    0x080013c0   0x00000594   Code   RO          411    .text               can.o
    0x08001954   0x000000f8   Code   RO          431    .text               delay.o
    0x08001a4c   0x00000034   Code   RO          456    .text               sys.o
    0x08001a80   0x000000a0   Code   RO          472    .text               usart.o
    0x08001b20   0x00000040   Code   RO          512    .text               startup_stm32f10x_hd.o
    0x08001b60   0x000000b0   Code   RO          516    .text               misc.o
    0x08001c10   0x00000264   Code   RO          528    .text               stm32f10x_gpio.o
    0x08001e74   0x000002b8   Code   RO          540    .text               stm32f10x_rcc.o
    0x0800212c   0x00000328   Code   RO          554    .text               stm32f10x_usart.o
    0x08002454   0x00000af0   Code   RO          566    .text               stm32f10x_tim.o
    0x08002f44   0x00000708   Code   RO          591    .text               stm32f10x_can.o
    0x0800364c   0x00000098   Code   RO          639    .text               stm32f10x_bkp.o
    0x080036e4   0x000000ac   Code   RO          651    .text               stm32f10x_pwr.o
    0x08003790   0x00000088   Code   RO          712    .text               list.o
    0x08003818   0x00000aac   Code   RO          724    .text               queue.o
    0x080042c4   0x0000134c   Code   RO          743    .text               tasks.o
    0x08005610   0x00000518   Code   RO          775    .text               timers.o
    0x08005b28   0x000001f8   Code   RO          791    .text               port.o
    0x08005d20   0x00000214   Code   RO          821    .text               heap_4.o
    0x08005f34   0x00000068   Code   RO          836    .text               system.o
    0x08005f9c   0x00000324   Code   RO          854    .text               show.o
    0x080062c0   0x000002f8   Code   RO          866    .text               mpu6050.o
    0x080065b8   0x00000426   Code   RO          887    .text               balance.o
    0x080069de   0x00000002   Code   RO          911    .text               c_w.l(use_no_semi_2.o)
    0x080069e0   0x00000018   Code   RO          917    .text               c_w.l(noretval__2printf.o)
    0x080069f8   0x00000028   Code   RO          919    .text               c_w.l(noretval__2sprintf.o)
    0x08006a20   0x00000068   Code   RO          921    .text               c_w.l(__printf.o)
    0x08006a88   0x00000052   Code   RO          923    .text               c_w.l(_printf_str.o)
    0x08006ada   0x00000002   PAD
    0x08006adc   0x00000078   Code   RO          925    .text               c_w.l(_printf_dec.o)
    0x08006b54   0x00000048   Code   RO          952    .text               c_w.l(strcpy.o)
    0x08006b9c   0x0000003e   Code   RO          954    .text               c_w.l(strlen.o)
    0x08006bda   0x0000008a   Code   RO          956    .text               c_w.l(rt_memcpy_v6.o)
    0x08006c64   0x00000010   Code   RO          958    .text               c_w.l(aeabi_memset.o)
    0x08006c74   0x00000006   Code   RO          960    .text               c_w.l(heapauxi.o)
    0x08006c7a   0x00000002   Code   RO          986    .text               c_w.l(use_no_semi.o)
    0x08006c7c   0x000000b2   Code   RO          989    .text               c_w.l(_printf_intcommon.o)
    0x08006d2e   0x00000002   PAD
    0x08006d30   0x00000030   Code   RO          991    .text               c_w.l(_printf_char_common.o)
    0x08006d60   0x0000000a   Code   RO          993    .text               c_w.l(_sputc.o)
    0x08006d6a   0x0000002c   Code   RO          995    .text               c_w.l(_printf_char.o)
    0x08006d96   0x00000002   PAD
    0x08006d98   0x00000024   Code   RO          997    .text               c_w.l(_printf_char_file.o)
    0x08006dbc   0x00000064   Code   RO         1000    .text               c_w.l(rt_memcpy_w.o)
    0x08006e20   0x00000044   Code   RO         1002    .text               c_w.l(rt_memclr.o)
    0x08006e64   0x00000008   Code   RO         1028    .text               c_w.l(ferror.o)
    0x08006e6c   0x0000004e   Code   RO         1032    .text               c_w.l(rt_memclr_w.o)
    0x08006eba   0x0000004a   Code   RO         1034    .text               c_w.l(sys_stackheap_outer.o)
    0x08006f04   0x0000000c   Code   RO         1036    .text               c_w.l(exit.o)
    0x08006f10   0x00000008   Code   RO         1044    .text               c_w.l(libspace.o)
    0x08006f18   0x000000c4   Code   RO          964    x$fpl$fadd          fz_ws.l(faddsub_clz.o)
    0x08006fdc   0x00000018   Code   RO         1004    x$fpl$fcmpinf       fz_ws.l(fcmpi.o)
    0x08006ff4   0x00000036   Code   RO          970    x$fpl$ffix          fz_ws.l(ffix.o)
    0x0800702a   0x00000002   PAD
    0x0800702c   0x00000030   Code   RO          975    x$fpl$fflt          fz_ws.l(fflt_clz.o)
    0x0800705c   0x00000068   Code   RO          980    x$fpl$fleqf         fz_ws.l(fleqf.o)
    0x080070c4   0x00000102   Code   RO          982    x$fpl$fmul          fz_ws.l(fmul.o)
    0x080071c6   0x0000008c   Code   RO         1006    x$fpl$fnaninf       fz_ws.l(fnaninf.o)
    0x08007252   0x0000000a   Code   RO         1008    x$fpl$fretinf       fz_ws.l(fretinf.o)
    0x0800725c   0x00000062   Code   RO          984    x$fpl$frleqf        fz_ws.l(frleqf.o)
    0x080072be   0x00000002   PAD
    0x080072c0   0x000000ea   Code   RO          966    x$fpl$fsub          fz_ws.l(faddsub_clz.o)
    0x080073aa   0x00000000   Code   RO         1010    x$fpl$usenofp       fz_ws.l(usenofp.o)
    0x080073aa   0x00000a64   Data   RO          341    .constdata          oled.o
    0x08007e0e   0x00000002   PAD
    0x08007e10   0x00000020   Data   RO         1166    Region$$Table       anon$$obj.o


    Execution Region RW_IRAM1 (Base: 0x20000000, Size: 0x00005f68, Max: 0x0000c000, ABSOLUTE, COMPRESSED[0x00000030])

    Base Addr    Size         Type   Attr      Idx    E Section Name        Object

    0x20000000   0x00000004   Data   RW            2    .data               main.o
    0x20000004   0x00000014   Data   RW          268    .data               system_stm32f10x.o
    0x20000018   0x00000004   Data   RW          310    .data               led.o
    0x2000001c   0x00000008   Data   RW          376    .data               key.o
    0x20000024   0x00000044   Data   RW          390    .data               timer.o
    0x20000068   0x00000004   Data   RW          413    .data               can.o
    0x2000006c   0x00000008   Data   RW          432    .data               delay.o
    0x20000074   0x00000004   Data   RW          475    .data               usart.o
    0x20000078   0x00000014   Data   RW          541    .data               stm32f10x_rcc.o
    0x2000008c   0x0000003c   Data   RW          745    .data               tasks.o
    0x200000c8   0x00000014   Data   RW          777    .data               timers.o
    0x200000dc   0x0000000c   Data   RW          792    .data               port.o
    0x200000e8   0x00000018   Data   RW          823    .data               heap_4.o
    0x20000100   0x00000004   Data   RW          867    .data               mpu6050.o
    0x20000104   0x0000001c   Data   RW          868    .data               mpu6050.o
    0x20000120   0x0000004c   Data   RW          891    .data               balance.o
    0x2000016c   0x00000400   Zero   RW          340    .bss                oled.o
    0x2000056c   0x00000020   Zero   RW          412    .bss                can.o
    0x2000058c   0x00000040   Zero   RW          725    .bss                queue.o
    0x200005cc   0x000002e4   Zero   RW          744    .bss                tasks.o
    0x200008b0   0x00000028   Zero   RW          776    .bss                timers.o
    0x200008d8   0x00005000   Zero   RW          822    .bss                heap_4.o
    0x200058d8   0x00000030   Zero   RW          888    .bss                balance.o
    0x20005908   0x00000060   Zero   RW         1045    .bss                c_w.l(libspace.o)
    0x20005968   0x00000200   Zero   RW          510    HEAP                startup_stm32f10x_hd.o
    0x20005b68   0x00000400   Zero   RW          509    STACK               startup_stm32f10x_hd.o


==============================================================================

Image component sizes


      Code (inc. data)   RO Data    RW Data    ZI Data      Debug   Object Name

      1062         32          0         76         48       4966   balance.o
      1428         56          0          4         32       5176   can.o
       248         12          0          8          0       1699   delay.o
       788         28          0          0          0       2463   encoder.o
         0          0          0          0          0       9364   event_groups.o
       532         66          0         24      20480       3108   heap_4.o
       552          8          0          0          0       1892   ioi2c.o
       176         14          0          8          0       1535   key.o
        84         12          0          4          0        860   led.o
       136          0          0          0          0       1642   list.o
       256        104          0          4          0     276778   main.o
       176         14          0          0          0       1685   misc.o
       408         22          0          0          0       1189   motor.o
       760          8          0         32          0       4181   mpu6050.o
       920         22       2660          0       1024       4101   oled.o
       654         94          0         12          0       7653   port.o
      2732         52          0          0         64      13668   queue.o
       804        130          0          0          0       1042   show.o
        64         26        304          0       1536        796   startup_stm32f10x_hd.o
       152          8          0          0          0       3328   stm32f10x_bkp.o
      1800         44          0          0          0       7284   stm32f10x_can.o
       612         36          0          0          0       4961   stm32f10x_gpio.o
        12          0          0          0          0        891   stm32f10x_it.o
       172         12          0          0          0       1775   stm32f10x_pwr.o
       696         32          0         20          0       8080   stm32f10x_rcc.o
      2800         84          0          0          0      18182   stm32f10x_tim.o
       808         22          0          0          0       7288   stm32f10x_usart.o
        52         10          0          0          0        792   sys.o
       104          6          0          0          0        517   system.o
       344         34          0         20          0       1743   system_stm32f10x.o
      4940        180          0         60        740      28966   tasks.o
       812         18          0         68          0       3124   timer.o
      1304        128          0         20         40       7580   timers.o
       160         14          0          4          0       2830   usart.o

    ----------------------------------------------------------------------
     26550       1328       2998        364      23964     441139   Object Totals
         0          0         32          0          0          0   (incl. Generated)
         2          0          2          0          0          0   (incl. Padding)

    ----------------------------------------------------------------------

      Code (inc. data)   RO Data    RW Data    ZI Data      Debug   Library Member Name

        90          0          0          0          0          0   __dczerorl2.o
         8          0          0          0          0         68   __main.o
       104          0          0          0          0         84   __printf.o
         0          0          0          0          0          0   __rtentry.o
        12          0          0          0          0          0   __rtentry2.o
         6          0          0          0          0          0   __rtentry4.o
        52          8          0          0          0          0   __scatter.o
        28          0          0          0          0          0   __scatter_zi.o
         6          0          0          0          0          0   _printf_c.o
        44          0          0          0          0        108   _printf_char.o
        48          6          0          0          0         96   _printf_char_common.o
        36          4          0          0          0         80   _printf_char_file.o
         6          0          0          0          0          0   _printf_d.o
       120         16          0          0          0         92   _printf_dec.o
       178          0          0          0          0         88   _printf_intcommon.o
         0          0          0          0          0          0   _printf_percent.o
         4          0          0          0          0          0   _printf_percent_end.o
         6          0          0          0          0          0   _printf_s.o
        82          0          0          0          0         80   _printf_str.o
         6          0          0          0          0          0   _printf_u.o
        10          0          0          0          0         68   _sputc.o
        16          0          0          0          0         68   aeabi_memset.o
        12          0          0          0          0         72   exit.o
         8          0          0          0          0         68   ferror.o
         6          0          0          0          0        152   heapauxi.o
         2          0          0          0          0          0   libinit.o
         2          0          0          0          0          0   libinit2.o
         2          0          0          0          0          0   libshutdown.o
         2          0          0          0          0          0   libshutdown2.o
         8          4          0          0         96         68   libspace.o
        24          4          0          0          0         84   noretval__2printf.o
        40          6          0          0          0         84   noretval__2sprintf.o
        68          0          0          0          0         68   rt_memclr.o
        78          0          0          0          0         80   rt_memclr_w.o
       138          0          0          0          0         68   rt_memcpy_v6.o
       100          0          0          0          0         80   rt_memcpy_w.o
         2          0          0          0          0          0   rtexit.o
        10          0          0          0          0          0   rtexit2.o
        72          0          0          0          0         80   strcpy.o
        62          0          0          0          0         76   strlen.o
        74          0          0          0          0         80   sys_stackheap_outer.o
         2          0          0          0          0         68   use_no_semi.o
         2          0          0          0          0         68   use_no_semi_2.o
       430          8          0          0          0        168   faddsub_clz.o
        24          0          0          0          0         68   fcmpi.o
        54          4          0          0          0         84   ffix.o
        48          0          0          0          0         68   fflt_clz.o
       104          4          0          0          0         84   fleqf.o
       258          4          0          0          0         84   fmul.o
       140          4          0          0          0         84   fnaninf.o
        10          0          0          0          0         68   fretinf.o
        98          0          0          0          0         68   frleqf.o
         0          0          0          0          0          0   usenofp.o

    ----------------------------------------------------------------------
      2756         72          0          0         96       2804   Library Totals
        14          0          0          0          0          0   (incl. Padding)

    ----------------------------------------------------------------------

      Code (inc. data)   RO Data    RW Data    ZI Data      Debug   Library Name

      1576         48          0          0         96       2028   c_w.l
      1166         24          0          0          0        776   fz_ws.l

    ----------------------------------------------------------------------
      2756         72          0          0         96       2804   Library Totals

    ----------------------------------------------------------------------

==============================================================================


      Code (inc. data)   RO Data    RW Data    ZI Data      Debug   

     29306       1400       2998        364      24060     437907   Grand Totals
     29306       1400       2998         48      24060     437907   ELF Image Totals (compressed)
     29306       1400       2998         48          0          0   ROM Totals

==============================================================================

    Total RO  Size (Code + RO Data)                32304 (  31.55kB)
    Total RW  Size (RW Data + ZI Data)             24424 (  23.85kB)
    Total ROM Size (Code + RO Data + RW Data)      32352 (  31.59kB)

==============================================================================

