<html>
<body>
<pre>
<h1>µVision Build Log</h1>
<h2>Tool Versions:</h2>
IDE-Version: ¦ÌVision V5.43.1.0
Copyright (C) 2025 ARM Ltd and ARM Germany GmbH. All rights reserved.
License Information: y Ò»ÃÎËéÇ§³î, m, LIC=TIVNB-2NETL-AR3XW-QC1SN-K5DI1-7ZTPI
 
Tool Versions:
Toolchain:       MDK-ARM Plus  Version: 5.43.0.0
Toolchain Path:  C:\Users\Ò»ÃÎËéÇ§³î\AppData\Local\Keil_v5\ARM\ARMCC\Bin
C Compiler:      Armcc.exe V5.06 update 6 (build 750)
Assembler:       Armasm.exe V5.06 update 6 (build 750)
Linker/Locator:  ArmLink.exe V5.06 update 6 (build 750)
Library Manager: ArmAr.exe V5.06 update 6 (build 750)
Hex Converter:   FromElf.exe V5.06 update 6 (build 750)
CPU DLL:         SARMCM3.DLL V5.43.0.0
Dialog DLL:      DCM.DLL V1.17.5.0
Target DLL:      STLink\ST-LINKIII-KEIL_SWO.dll V3.3.1.0
Dialog DLL:      TCM.DLL V1.56.6.0
 
<h2>Project:</h2>
C:\Users\Ò»ÃÎËéÇ§³î\Desktop\1.ËÄ×ã»úÆ÷ÈËÔ´Âë\QuadrupedF405£¨Ö÷¿Ø£©\QuadrupedF405£¨Ö÷¿Ø£©\USER\QuadrupedF405.uvprojx
Project File Date:  09/29/2025

<h2>Output:</h2>
*** Using Compiler 'V5.06 update 6 (build 750)', folder: 'C:\Users\Ò»ÃÎËéÇ§³î\AppData\Local\Keil_v5\ARM\ARMCC\Bin'
Rebuild target 'FreeRTOS'
compiling DataScope_DP.C...
compiling stm32f4xx_it.c...
compiling Inverse.c...
compiling system_stm32f4xx.c...
compiling get_control.c...
compiling pid.c...
compiling oled.c...
compiling key.c...
compiling Quadruped.c...
compiling system.c...
compiling show.c...
compiling main.c...
compiling led.c...
compiling IOI2C.c...
compiling MPU6050.c...
assembling startup_stm32f40_41xxx.s...
compiling inv_mpu_dmp_motion_driver.c...
compiling adc.c...
compiling inv_mpu.c...
compiling sys.c...
compiling motor.c...
compiling usartx.c...
compiling delay.c...
compiling misc.c...
compiling BEE.c...
compiling pstwo.c...
compiling can.c...
compiling encoder.c...
compiling stm32f4xx_gpio.c...
compiling timer.c...
compiling stm32f4xx_syscfg.c...
compiling stm32f4xx_rcc.c...
compiling stm32f4xx_usart.c...
compiling usart.c...
compiling stm32f4xx_pwr.c...
compiling stm32f4xx_tim.c...
compiling stm32f4xx_adc.c...
compiling stm32f4xx_can.c...
compiling croutine.c...
compiling list.c...
compiling event_groups.c...
compiling timers.c...
compiling queue.c...
compiling heap_4.c...
compiling port.c...
compiling tasks.c...
linking...
Program Size: Code=49282 RO-data=6718 RW-data=652 ZI-data=25132  
FromELF: creating hex file...
"..\OBJ\Quadruped.axf" - 0 Error(s), 0 Warning(s).

<h2>Software Packages used:</h2>

Package Vendor: Keil
                https://www.keil.com/pack/Keil.STM32F4xx_DFP.3.1.1.pack
                Keil::STM32F4xx_DFP@3.1.1
                STMicroelectronics STM32F4 Series Device Support

<h2>Collection of Component include folders:</h2>

<h2>Collection of Component Files used:</h2>
Build Time Elapsed:  00:00:05
</pre>
</body>
</html>
