Component: ARM Compiler 5.06 update 6 (build 750) Tool: armlink [4d35ed]

==============================================================================

Section Cross References

    main.o(i.main) refers to system.o(i.systemInit) for systemInit
    main.o(i.main) refers to tasks.o(i.xTaskCreate) for xTaskCreate
    main.o(i.main) refers to tasks.o(i.vTaskStartScheduler) for vTaskStartScheduler
    main.o(i.main) refers to main.o(.data) for .data
    main.o(i.main) refers to main.o(i.start_task) for start_task
    main.o(i.start_task) refers to port.o(i.vPortEnterCritical) for vPortEnterCritical
    main.o(i.start_task) refers to tasks.o(i.xTaskCreate) for xTaskCreate
    main.o(i.start_task) refers to tasks.o(i.vTaskDelete) for vTaskDelete
    main.o(i.start_task) refers to port.o(i.vPortExitCritical) for vPortExitCritical
    main.o(i.start_task) refers to quadruped.o(i.Quadruped_task) for Quadruped_task
    main.o(i.start_task) refers to mpu6050.o(i.MPU6050_task) for MPU6050_task
    main.o(i.start_task) refers to show.o(i.show_task) for show_task
    main.o(i.start_task) refers to led.o(i.led_task) for led_task
    main.o(i.start_task) refers to bee.o(i.bee_task) for bee_task
    main.o(i.start_task) refers to key.o(i.key_task) for key_task
    main.o(i.start_task) refers to usartx.o(i.sent_task) for sent_task
    main.o(i.start_task) refers to get_control.o(i.getcontrol_task) for getcontrol_task
    main.o(i.start_task) refers to timer.o(i.Remote_Check_task) for Remote_Check_task
    main.o(i.start_task) refers to main.o(.data) for .data
    system_stm32f4xx.o(i.SystemCoreClockUpdate) refers to system_stm32f4xx.o(.data) for .data
    system_stm32f4xx.o(i.SystemInit) refers to system_stm32f4xx.o(i.SetSysClock) for SetSysClock
    system.o(i.systemInit) refers to misc.o(i.NVIC_PriorityGroupConfig) for NVIC_PriorityGroupConfig
    system.o(i.systemInit) refers to delay.o(i.delay_init) for delay_init
    system.o(i.systemInit) refers to usart.o(i.uart1_init) for uart1_init
    system.o(i.systemInit) refers to usart.o(i.usart2_init) for usart2_init
    system.o(i.systemInit) refers to usartx.o(i.usart3_init) for usart3_init
    system.o(i.systemInit) refers to led.o(i.LED_Init) for LED_Init
    system.o(i.systemInit) refers to oled.o(i.OLED_Init) for OLED_Init
    system.o(i.systemInit) refers to adc.o(i.Adc_Init) for Adc_Init
    system.o(i.systemInit) refers to key.o(i.KEY_Init) for KEY_Init
    system.o(i.systemInit) refers to ioi2c.o(i.IIC_Init) for IIC_Init
    system.o(i.systemInit) refers to mpu6050.o(i.MPU6050_initialize) for MPU6050_initialize
    system.o(i.systemInit) refers to mpu6050.o(i.DMP_Init) for DMP_Init
    system.o(i.systemInit) refers to bee.o(i.Bee_Init) for Bee_Init
    system.o(i.systemInit) refers to encoder.o(i.Encoder_Init_TIM2) for Encoder_Init_TIM2
    system.o(i.systemInit) refers to encoder.o(i.Encoder_Init_TIM3) for Encoder_Init_TIM3
    system.o(i.systemInit) refers to encoder.o(i.Encoder_Init_TIM4) for Encoder_Init_TIM4
    system.o(i.systemInit) refers to encoder.o(i.Encoder_Init_TIM5) for Encoder_Init_TIM5
    system.o(i.systemInit) refers to motor.o(i.MiniBalance_PWM_Init) for MiniBalance_PWM_Init
    system.o(i.systemInit) refers to motor.o(i.MiniBalance_Motor_Init) for MiniBalance_Motor_Init
    system.o(i.systemInit) refers to pstwo.o(i.PS2_Init) for PS2_Init
    system.o(i.systemInit) refers to pstwo.o(i.PS2_SetInit) for PS2_SetInit
    system.o(i.systemInit) refers to can.o(i.CAN1_Mode_Init) for CAN1_Mode_Init
    system.o(i.systemInit) refers to timer.o(i.TIM1_Cap_Init) for TIM1_Cap_Init
    system.o(i.systemInit) refers to pid.o(i.allPidInit) for allPidInit
    system.o(i.systemInit) refers to quadruped.o(i.LegPositionInit) for LegPositionInit
    system.o(i.systemInit) refers to system.o(.data) for .data
    quadruped.o(i.FootTrajectoryLeg1) refers to dflt_clz.o(x$fpl$dflt) for __aeabi_i2d
    quadruped.o(i.FootTrajectoryLeg1) refers to dmul.o(x$fpl$dmul) for __aeabi_dmul
    quadruped.o(i.FootTrajectoryLeg1) refers to ddiv.o(x$fpl$ddiv) for __aeabi_ddiv
    quadruped.o(i.FootTrajectoryLeg1) refers to d2f.o(x$fpl$d2f) for __aeabi_d2f
    quadruped.o(i.FootTrajectoryLeg1) refers to drleqf.o(x$fpl$drleqf) for __aeabi_cdrcmple
    quadruped.o(i.FootTrajectoryLeg1) refers to f2d.o(x$fpl$f2d) for __aeabi_f2d
    quadruped.o(i.FootTrajectoryLeg1) refers to daddsub_clz.o(x$fpl$dsub) for __aeabi_dsub
    quadruped.o(i.FootTrajectoryLeg1) refers to daddsub_clz.o(x$fpl$dadd) for __aeabi_dadd
    quadruped.o(i.FootTrajectoryLeg1) refers to sinf.o(i.__hardfp_sinf) for __hardfp_sinf
    quadruped.o(i.FootTrajectoryLeg1) refers to cosf.o(i.__hardfp_cosf) for __hardfp_cosf
    quadruped.o(i.FootTrajectoryLeg1) refers to quadruped.o(.bss) for .bss
    quadruped.o(i.FootTrajectoryLeg2) refers to dflt_clz.o(x$fpl$dflt) for __aeabi_i2d
[...]
    mpu_run_self_test                        0x080085a9   Thumb Code   234  inv_mpu.o(i.mpu_run_self_test)
    mpu_set_accel_fsr                        0x08008699   Thumb Code    98  inv_mpu.o(i.mpu_set_accel_fsr)
    mpu_set_bypass                           0x08008701   Thumb Code   214  inv_mpu.o(i.mpu_set_bypass)
    mpu_set_dmp_state                        0x080087dd   Thumb Code   114  inv_mpu.o(i.mpu_set_dmp_state)
    mpu_set_gyro_fsr                         0x08008855   Thumb Code   104  inv_mpu.o(i.mpu_set_gyro_fsr)
    mpu_set_int_latched                      0x080088c1   Thumb Code    94  inv_mpu.o(i.mpu_set_int_latched)
    mpu_set_lpf                              0x08008925   Thumb Code   102  inv_mpu.o(i.mpu_set_lpf)
    mpu_set_sample_rate                      0x08008991   Thumb Code   116  inv_mpu.o(i.mpu_set_sample_rate)
    mpu_set_sensors                          0x08008a09   Thumb Code   178  inv_mpu.o(i.mpu_set_sensors)
    mpu_write_mem                            0x08008ac1   Thumb Code    80  inv_mpu.o(i.mpu_write_mem)
    myabs                                    0x08008b15   Thumb Code     8  motor.o(i.myabs)
    myget_ms                                 0x08008b1d   Thumb Code     2  inv_mpu.o(i.myget_ms)
    oled_pow                                 0x08008b1f   Thumb Code    16  oled.o(i.oled_pow)
    oled_show                                0x08008b31   Thumb Code   814  show.o(i.oled_show)
    pidInit                                  0x08008ea9   Thumb Code    54  pid.o(i.pidInit)
    pidUpdate                                0x08008ee5   Thumb Code   140  pid.o(i.pidUpdate)
    pvPortMalloc                             0x080097d5   Thumb Code   214  heap_4.o(i.pvPortMalloc)
    pvTaskIncrementMutexHeldCount            0x080098e9   Thumb Code    18  tasks.o(i.pvTaskIncrementMutexHeldCount)
    pxPortInitialiseStack                    0x08009901   Thumb Code    40  port.o(i.pxPortInitialiseStack)
    sent_task                                0x080099d9   Thumb Code    26  usartx.o(i.sent_task)
    show_task                                0x08009a49   Thumb Code   114  show.o(i.show_task)
    sqrt                                     0x08009acd   Thumb Code   110  sqrt.o(i.sqrt)
    sqrtf                                    0x08009b3b   Thumb Code    62  sqrtf.o(i.sqrtf)
    start_task                               0x08009b79   Thumb Code   184  main.o(i.start_task)
    subtract_Zero                            0x08009cd9   Thumb Code    54  mpu6050.o(i.subtract_Zero)
    systemInit                               0x08009d19   Thumb Code   156  system.o(i.systemInit)
    target_limit_float                       0x08009db9   Thumb Code    32  get_control.o(i.target_limit_float)
    uart1_init                               0x08009dd9   Thumb Code   162  usart.o(i.uart1_init)
    usart2_init                              0x08009e85   Thumb Code   164  usart.o(i.usart2_init)
    usart3_init                              0x08009f31   Thumb Code   162  usartx.o(i.usart3_init)
    usart3_send                              0x08009fdd   Thumb Code    14  usartx.o(i.usart3_send)
    usart3_sent_data                         0x08009ff1   Thumb Code    22  usartx.o(i.usart3_sent_data)
    usart_control                            0x0800a00d   Thumb Code    34  get_control.o(i.usart_control)
    usart_data_transition                    0x0800a039   Thumb Code   154  usartx.o(i.usart_data_transition)
    uxListRemove                             0x0800a0e5   Thumb Code    36  list.o(i.uxListRemove)
    vListInitialise                          0x0800a109   Thumb Code    22  list.o(i.vListInitialise)
    vListInitialiseItem                      0x0800a11f   Thumb Code     6  list.o(i.vListInitialiseItem)
    vListInsert                              0x0800a125   Thumb Code    48  list.o(i.vListInsert)
    vListInsertEnd                           0x0800a155   Thumb Code    24  list.o(i.vListInsertEnd)
    vPortEnterCritical                       0x0800a16d   Thumb Code    50  port.o(i.vPortEnterCritical)
    vPortExitCritical                        0x0800a1e5   Thumb Code    34  port.o(i.vPortExitCritical)
    vPortFree                                0x0800a249   Thumb Code    94  heap_4.o(i.vPortFree)
    vPortSetupTimerInterrupt                 0x0800a2e5   Thumb Code    26  port.o(i.vPortSetupTimerInterrupt)
    vPortValidateInterruptPriority           0x0800a305   Thumb Code    70  port.o(i.vPortValidateInterruptPriority)
    vQueueAddToRegistry                      0x0800a391   Thumb Code    32  queue.o(i.vQueueAddToRegistry)
    vQueueWaitForMessageRestricted           0x0800a3b5   Thumb Code    68  queue.o(i.vQueueWaitForMessageRestricted)
    vTaskDelay                               0x0800a3f9   Thumb Code    62  tasks.o(i.vTaskDelay)
    vTaskDelayUntil                          0x0800a465   Thumb Code   128  tasks.o(i.vTaskDelayUntil)
    vTaskDelete                              0x0800a511   Thumb Code   152  tasks.o(i.vTaskDelete)
    vTaskMissedYield                         0x0800a5dd   Thumb Code     8  tasks.o(i.vTaskMissedYield)
    vTaskPlaceOnEventList                    0x0800a5e9   Thumb Code    44  tasks.o(i.vTaskPlaceOnEventList)
    vTaskPlaceOnEventListRestricted          0x0800a63d   Thumb Code    52  tasks.o(i.vTaskPlaceOnEventListRestricted)
    vTaskPriorityInherit                     0x0800a699   Thumb Code   124  tasks.o(i.vTaskPriorityInherit)
    vTaskSetTimeOutState                     0x0800a71d   Thumb Code    30  tasks.o(i.vTaskSetTimeOutState)
    vTaskStartScheduler                      0x0800a765   Thumb Code    96  tasks.o(i.vTaskStartScheduler)
    vTaskSuspendAll                          0x0800a7f9   Thumb Code    10  tasks.o(i.vTaskSuspendAll)
    vTaskSwitchContext                       0x0800a809   Thumb Code    80  tasks.o(i.vTaskSwitchContext)
    xPortStartScheduler                      0x0800a885   Thumb Code   196  port.o(i.xPortStartScheduler)
    xPortSysTickHandler                      0x0800a999   Thumb Code    38  port.o(i.xPortSysTickHandler)
    xQueueGenericCreate                      0x0800a9c5   Thumb Code    82  queue.o(i.xQueueGenericCreate)
    xQueueGenericReceive                     0x0800aa3d   Thumb Code   348  queue.o(i.xQueueGenericReceive)
    xQueueGenericReset                       0x0800abc1   Thumb Code   128  queue.o(i.xQueueGenericReset)
    xQueueGenericSend                        0x0800ac69   Thumb Code   350  queue.o(i.xQueueGenericSend)
    xQueueGenericSendFromISR                 0x0800adf1   Thumb Code   188  queue.o(i.xQueueGenericSendFromISR)
    xTaskCheckForTimeOut                     0x0800aed1   Thumb Code    94  tasks.o(i.xTaskCheckForTimeOut)
    xTaskCreate                              0x0800af59   Thumb Code    86  tasks.o(i.xTaskCreate)
    xTaskGetSchedulerState                   0x0800afb1   Thumb Code    22  tasks.o(i.xTaskGetSchedulerState)
    xTaskGetTickCount                        0x0800afcd   Thumb Code     6  tasks.o(i.xTaskGetTickCount)
    xTaskIncrementTick                       0x0800afd9   Thumb Code   188  tasks.o(i.xTaskIncrementTick)
    xTaskPriorityDisinherit                  0x0800b0c1   Thumb Code   136  tasks.o(i.xTaskPriorityDisinherit)
    xTaskRemoveFromEventList                 0x0800b175   Thumb Code   102  tasks.o(i.xTaskRemoveFromEventList)
    xTaskResumeAll                           0x0800b20d   Thumb Code   180  tasks.o(i.xTaskResumeAll)
    xTimerCreate                             0x0800b2f1   Thumb Code    74  timers.o(i.xTimerCreate)
    xTimerCreateTimerTask                    0x0800b365   Thumb Code    58  timers.o(i.xTimerCreateTimerTask)
    xTimerGenericCommand                     0x0800b3d9   Thumb Code    98  timers.o(i.xTimerGenericCommand)
    __aeabi_dneg                             0x0800b469   Thumb Code     0  basic.o(x$fpl$basic)
    _dneg                                    0x0800b469   Thumb Code     6  basic.o(x$fpl$basic)
    __aeabi_fneg                             0x0800b46f   Thumb Code     0  basic.o(x$fpl$basic)
    _fneg                                    0x0800b46f   Thumb Code     6  basic.o(x$fpl$basic)
    _dabs                                    0x0800b475   Thumb Code     6  basic.o(x$fpl$basic)
    _fabs                                    0x0800b47b   Thumb Code     6  basic.o(x$fpl$basic)
    __aeabi_d2f                              0x0800b481   Thumb Code     0  d2f.o(x$fpl$d2f)
    _d2f                                     0x0800b481   Thumb Code    98  d2f.o(x$fpl$d2f)
    __aeabi_dadd                             0x0800b4e5   Thumb Code     0  daddsub_clz.o(x$fpl$dadd)
    _dadd                                    0x0800b4e5   Thumb Code   332  daddsub_clz.o(x$fpl$dadd)
    __fpl_dcheck_NaN1                        0x0800b635   Thumb Code    10  dcheck1.o(x$fpl$dcheck1)
    __fpl_dcmp_Inf                           0x0800b645   Thumb Code    24  dcmpi.o(x$fpl$dcmpinf)
    __aeabi_ddiv                             0x0800b65d   Thumb Code     0  ddiv.o(x$fpl$ddiv)
    _ddiv                                    0x0800b65d   Thumb Code   552  ddiv.o(x$fpl$ddiv)
    __aeabi_d2iz                             0x0800b90d   Thumb Code     0  dfix.o(x$fpl$dfix)
    _dfix                                    0x0800b90d   Thumb Code    94  dfix.o(x$fpl$dfix)
    __aeabi_i2d                              0x0800b96b   Thumb Code     0  dflt_clz.o(x$fpl$dflt)
    _dflt                                    0x0800b96b   Thumb Code    46  dflt_clz.o(x$fpl$dflt)
    __aeabi_ui2d                             0x0800b999   Thumb Code     0  dflt_clz.o(x$fpl$dfltu)
    _dfltu                                   0x0800b999   Thumb Code    38  dflt_clz.o(x$fpl$dfltu)
    __aeabi_cdcmple                          0x0800b9c1   Thumb Code     0  dleqf.o(x$fpl$dleqf)
    _dcmple                                  0x0800b9c1   Thumb Code   120  dleqf.o(x$fpl$dleqf)
    __fpl_dcmple_InfNaN                      0x0800ba23   Thumb Code     0  dleqf.o(x$fpl$dleqf)
    __aeabi_dmul                             0x0800ba39   Thumb Code     0  dmul.o(x$fpl$dmul)
    _dmul                                    0x0800ba39   Thumb Code   332  dmul.o(x$fpl$dmul)
    __fpl_dnaninf                            0x0800bb8d   Thumb Code   156  dnaninf.o(x$fpl$dnaninf)
    __fpl_dretinf                            0x0800bc29   Thumb Code    12  dretinf.o(x$fpl$dretinf)
    __aeabi_cdrcmple                         0x0800bc35   Thumb Code     0  drleqf.o(x$fpl$drleqf)
    _drcmple                                 0x0800bc35   Thumb Code   108  drleqf.o(x$fpl$drleqf)
    __aeabi_drsub                            0x0800bca1   Thumb Code     0  daddsub_clz.o(x$fpl$drsb)
    _drsb                                    0x0800bca1   Thumb Code    22  daddsub_clz.o(x$fpl$drsb)
    _dsqrt                                   0x0800bcb9   Thumb Code   404  dsqrt_umaal.o(x$fpl$dsqrt)
    __aeabi_dsub                             0x0800be51   Thumb Code     0  daddsub_clz.o(x$fpl$dsub)
    _dsub                                    0x0800be51   Thumb Code   464  daddsub_clz.o(x$fpl$dsub)
    __aeabi_f2d                              0x0800c025   Thumb Code     0  f2d.o(x$fpl$f2d)
    _f2d                                     0x0800c025   Thumb Code    86  f2d.o(x$fpl$f2d)
    __fpl_fnaninf                            0x0800c07b   Thumb Code   140  fnaninf.o(x$fpl$fnaninf)
    _fp_init                                 0x0800c107   Thumb Code    10  fpinit.o(x$fpl$fpinit)
    __fplib_config_fpu_vfp                   0x0800c10f   Thumb Code     0  fpinit.o(x$fpl$fpinit)
    __fplib_config_pureend_doubles           0x0800c10f   Thumb Code     0  fpinit.o(x$fpl$fpinit)
    __fpl_fretinf                            0x0800c111   Thumb Code    10  fretinf.o(x$fpl$fretinf)
    __fpl_return_NaN                         0x0800c11b   Thumb Code   100  retnan.o(x$fpl$retnan)
    __ARM_scalbn                             0x0800c17f   Thumb Code    92  scalbn.o(x$fpl$scalbn)
    __fpl_cmpreturn                          0x0800c1db   Thumb Code    48  trapv.o(x$fpl$trapveneer)
    __I$use$fp                               0x0800c20a   Number         0  usenofp.o(x$fpl$usenofp)
    oled_asc2_1206                           0x0800c20a   Data        1140  oled.o(.constdata)
    oled_asc2_1608                           0x0800c67e   Data        1520  oled.o(.constdata)
    hw                                       0x0800cc6e   Data          12  inv_mpu.o(.constdata)
    reg                                      0x0800cc7a   Data          27  inv_mpu.o(.constdata)
    test                                     0x0800cc98   Data          40  inv_mpu.o(.constdata)
    __mathlib_zero                           0x0800da28   Data           8  qnan.o(.constdata)
    Region$$Table$$Base                      0x0800daa0   Number         0  anon$$obj.o(Region$$Table)
    Region$$Table$$Limit                     0x0800dac0   Number         0  anon$$obj.o(Region$$Table)
    StartTask_Handler                        0x20000000   Data           4  main.o(.data)
    SystemCoreClock                          0x20000004   Data           4  system_stm32f4xx.o(.data)
    AHBPrescTable                            0x20000008   Data          16  system_stm32f4xx.o(.data)
    armingFlags                              0x20000018   Data           1  system.o(.data)
    APP_ON_Flag                              0x20000019   Data           1  system.o(.data)
    PS2_ON_Flag                              0x2000001a   Data           1  system.o(.data)
    USART_ON_FLAG                            0x2000001b   Data           1  system.o(.data)
    Remote_ON_Flag                           0x2000001c   Data           1  system.o(.data)
    APP_START_STOP_FLAG                      0x2000001d   Data           1  system.o(.data)
    start_up_15_second                       0x2000001e   Data           1  system.o(.data)
    Remote_key_control_flag                  0x2000001f   Data           1  system.o(.data)
    START_COUNT                              0x20000020   Data           1  system.o(.data)
    RUN_Control                              0x20000021   Data           1  system.o(.data)
    Flag_Direction                           0x20000022   Data           1  system.o(.data)
    PID_Send                                 0x20000023   Data           1  system.o(.data)
    Flag_Pose                                0x20000024   Data           1  system.o(.data)
    Turn_Flag                                0x20000025   Data           1  system.o(.data)
    USART_KEY                                0x20000026   Data           1  system.o(.data)
    APP_KEY                                  0x20000027   Data           1  system.o(.data)
    Remote_KEY                               0x20000028   Data           1  system.o(.data)
    flag_idle                                0x2000002c   Data           1  quadruped.o(.data)
    Time_t                                   0x20000030   Data           4  quadruped.o(.data)
    Time2_t                                  0x20000034   Data           4  quadruped.o(.data)
    TarTargectoryLeftX                       0x20000038   Data           4  quadruped.o(.data)
    TarTargectoryRightX                      0x2000003c   Data           4  quadruped.o(.data)
    time_start                               0x20000040   Data           4  quadruped.o(.data)
    Target_1A                                0x20000044   Data           4  quadruped.o(.data)
    Target_1B                                0x20000048   Data           4  quadruped.o(.data)
    Target_2A                                0x2000004c   Data           4  quadruped.o(.data)
    Target_2B                                0x20000050   Data           4  quadruped.o(.data)
    Target_3A                                0x20000054   Data           4  quadruped.o(.data)
    Target_3B                                0x20000058   Data           4  quadruped.o(.data)
    Target_4A                                0x2000005c   Data           4  quadruped.o(.data)
    Target_4B                                0x20000060   Data           4  quadruped.o(.data)
    i                                        0x20000065   Data           1  show.o(.data)
    Flag_Show                                0x20000066   Data           1  show.o(.data)
    Send_Count                               0x20000067   Data           1  show.o(.data)
    Voltage_Count                            0x20000068   Data           4  show.o(.data)
    Voltage_All                              0x2000006c   Data           4  show.o(.data)
    Voltage                                  0x20000070   Data           4  show.o(.data)
    Power_Voltage                            0x20000074   Data           4  show.o(.data)
    RC_Velocity                              0x2000007e   Data           2  get_control.o(.data)
    move_x                                   0x200000a0   Data           4  get_control.o(.data)
    move_z                                   0x200000a4   Data           4  get_control.o(.data)
    pose_x                                   0x200000a8   Data           4  get_control.o(.data)
    pose_y                                   0x200000ac   Data           4  get_control.o(.data)
    smooth_pose_x                            0x200000b0   Data           4  get_control.o(.data)
    smooth_pose_y                            0x200000b4   Data           4  get_control.o(.data)
    move_y                                   0x200000b8   Data           4  get_control.o(.data)
    sensors                                  0x200000c8   Data           2  mpu6050.o(.data)
    q0                                       0x200000cc   Data           4  mpu6050.o(.data)
    q1                                       0x200000d0   Data           4  mpu6050.o(.data)
    q2                                       0x200000d4   Data           4  mpu6050.o(.data)
    q3                                       0x200000d8   Data           4  mpu6050.o(.data)
    Pitch                                    0x200000e0   Data           4  mpu6050.o(.data)
    Roll                                     0x200000e4   Data           4  mpu6050.o(.data)
    Yaw                                      0x200000e8   Data           4  mpu6050.o(.data)
    gyro                                     0x200000ec   Data           6  mpu6050.o(.data)
    accel                                    0x200000f2   Data           6  mpu6050.o(.data)
    Motor_A                                  0x20000130   Data           4  motor.o(.data)
    Motor_B                                  0x20000134   Data           4  motor.o(.data)
    Motor_C                                  0x20000138   Data           4  motor.o(.data)
    Motor_D                                  0x2000013c   Data           4  motor.o(.data)
    Comd                                     0x20000146   Data           2  pstwo.o(.data)
    Handkey                                  0x20000148   Data           2  pstwo.o(.data)
    PS2_LX                                   0x2000014c   Data           4  pstwo.o(.data)
    PS2_LY                                   0x20000150   Data           4  pstwo.o(.data)
    PS2_RX                                   0x20000154   Data           4  pstwo.o(.data)
    PS2_RY                                   0x20000158   Data           4  pstwo.o(.data)
    PS2_KEY                                  0x2000016c   Data           4  pstwo.o(.data)
    MASK                                     0x20000170   Data          32  pstwo.o(.data)
    bee_count                                0x20000190   Data           4  bee.o(.data)
    slave_gyro                               0x20000194   Data           6  can.o(.data)
    slave_accel                              0x2000019a   Data           6  can.o(.data)
    Remote_Check_flag                        0x200001a0   Data           1  timer.o(.data)
    TIM1CH1_CAPTURE_STA                      0x200001a1   Data           1  timer.o(.data)
    TIM1CH2_CAPTURE_STA                      0x200001a2   Data           1  timer.o(.data)
    TIM1CH3_CAPTURE_STA                      0x200001a3   Data           1  timer.o(.data)
    TIM1CH4_CAPTURE_STA                      0x200001a4   Data           1  timer.o(.data)
    TIM1CH1_CAPTURE_UPVAL                    0x200001a6   Data           2  timer.o(.data)
    TIM1CH1_CAPTURE_DOWNVAL                  0x200001a8   Data           2  timer.o(.data)
    TIM1CH2_CAPTURE_UPVAL                    0x200001aa   Data           2  timer.o(.data)
    TIM1CH2_CAPTURE_DOWNVAL                  0x200001ac   Data           2  timer.o(.data)
    TIM1CH3_CAPTURE_UPVAL                    0x200001ae   Data           2  timer.o(.data)
    TIM1CH3_CAPTURE_DOWNVAL                  0x200001b0   Data           2  timer.o(.data)
    TIM1CH4_CAPTURE_UPVAL                    0x200001b2   Data           2  timer.o(.data)
    TIM1CH4_CAPTURE_DOWNVAL                  0x200001b4   Data           2  timer.o(.data)
    Remote_count                             0x200001b8   Data           4  timer.o(.data)
    Remoter_Ch1                              0x200001bc   Data           4  timer.o(.data)
    Remoter_Ch2                              0x200001c0   Data           4  timer.o(.data)
    Remoter_Ch3                              0x200001c4   Data           4  timer.o(.data)
    Remoter_Ch4                              0x200001c8   Data           4  timer.o(.data)
    L_Remoter_Ch1                            0x200001cc   Data           4  timer.o(.data)
    L_Remoter_Ch2                            0x200001d0   Data           4  timer.o(.data)
    L_Remoter_Ch3                            0x200001d4   Data           4  timer.o(.data)
    L_Remoter_Ch4                            0x200001d8   Data           4  timer.o(.data)
    TIM1_T1                                  0x200001dc   Data           4  timer.o(.data)
    TIM1_T2                                  0x200001e0   Data           4  timer.o(.data)
    TIM1_T3                                  0x200001e4   Data           4  timer.o(.data)
    TIM1_T4                                  0x200001e8   Data           4  timer.o(.data)
    Usart2_Receive                           0x200001f4   Data           1  usart.o(.data)
    Usart_Receive                            0x200001f9   Data           1  usart.o(.data)
    USART_RX_STA                             0x200001fa   Data           2  usart.o(.data)
    __stdout                                 0x20000204   Data           4  usart.o(.data)
    pxCurrentTCB                             0x20000218   Data           4  tasks.o(.data)
    control                                  0x2000028c   Data          16  quadruped.o(.bss)
    RelAttitude                              0x2000029c   Data          16  quadruped.o(.bss)
    TarAttitude                              0x200002ac   Data          16  quadruped.o(.bss)
    MotorInit                                0x200002bc   Data          32  quadruped.o(.bss)
    TarTragectoryOut                         0x200002dc   Data          32  quadruped.o(.bss)
    EncoderTarget                            0x200002fc   Data          16  quadruped.o(.bss)
    TargetMotorAngle                         0x2000030c   Data          32  inverse.o(.bss)
    LegTarPosition                           0x2000032c   Data          32  inverse.o(.bss)
    pid                                      0x2000034c   Data         416  pid.o(.bss)
    OLED_GRAM                                0x200004ec   Data        1024  oled.o(.bss)
    ZERO                                     0x200008ec   Data          36  mpu6050.o(.bss)
    buffer                                   0x20000910   Data          14  mpu6050.o(.bss)
    MPU6050_FIFO                             0x2000091e   Data         132  mpu6050.o(.bss)
    USART_Send_Data                          0x200009b4   Data          24  usartx.o(.bss)
    Receive_Data                             0x200009cc   Data          11  usartx.o(.bss)
    Data                                     0x200009d7   Data           9  pstwo.o(.bss)
    CAN_Send_Data                            0x200009e0   Data          16  can.o(.bss)
    CAN_Receive_Data                         0x200009f0   Data          16  can.o(.bss)
    EncoderState                             0x20000a00   Data          16  encoder.o(.bss)
    USART_RX_BUF                             0x20000a42   Data         200  usart.o(.bss)
    xQueueRegistry                           0x20000b0c   Data          64  queue.o(.bss)
    __libspace_start                         0x20005e58   Data          96  libspace.o(.bss)
    __temporary_stack_top$libspace           0x20005eb8   Data           0  libspace.o(.bss)



==============================================================================

Memory Map of the image

  Image Entry point : 0x08000189

  Load Region LR_IROM1 (Base: 0x08000000, Size: 0x0000dd4c, Max: 0x00100000, ABSOLUTE, COMPRESSED[0x0000db38])

    Execution Region ER_IROM1 (Exec base: 0x08000000, Load base: 0x08000000, Size: 0x0000dac0, Max: 0x00100000, ABSOLUTE)

    Exec Addr    Load Addr    Size         Type   Attr      Idx    E Section Name        Object

    0x08000000   0x08000000   0x00000188   Data   RO         2424    RESET               startup_stm32f40_41xxx.o
    0x08000188   0x08000188   0x00000008   Code   RO         5309  * !!!main             c_w.l(__main.o)
    0x08000190   0x08000190   0x00000034   Code   RO         5729    !!!scatter          c_w.l(__scatter.o)
    0x080001c4   0x080001c4   0x0000005a   Code   RO         5727    !!dczerorl2         c_w.l(__dczerorl2.o)
    0x0800021e   0x0800021e   0x00000002   PAD
    0x08000220   0x08000220   0x0000001c   Code   RO         5731    !!handler_zi        c_w.l(__scatter_zi.o)
    0x0800023c   0x0800023c   0x00000000   Code   RO         5294    .ARM.Collect$$_printf_percent$$00000000  c_w.l(_printf_percent.o)
    0x0800023c   0x0800023c   0x00000006   Code   RO         5292    .ARM.Collect$$_printf_percent$$00000009  c_w.l(_printf_d.o)
    0x08000242   0x08000242   0x00000006   Code   RO         5291    .ARM.Collect$$_printf_percent$$00000014  c_w.l(_printf_s.o)
    0x08000248   0x08000248   0x00000004   Code   RO         5456    .ARM.Collect$$_printf_percent$$00000017  c_w.l(_printf_percent_end.o)
    0x0800024c   0x0800024c   0x00000002   Code   RO         5596    .ARM.Collect$$libinit$$00000000  c_w.l(libinit.o)
    0x0800024e   0x0800024e   0x00000004   Code   RO         5605    .ARM.Collect$$libinit$$00000001  c_w.l(libinit2.o)
    0x08000252   0x08000252   0x00000000   Code   RO         5608    .ARM.Collect$$libinit$$00000004  c_w.l(libinit2.o)
    0x08000252   0x08000252   0x00000000   Code   RO         5611    .ARM.Collect$$libinit$$0000000A  c_w.l(libinit2.o)
    0x08000252   0x08000252   0x00000000   Code   RO         5613    .ARM.Collect$$libinit$$0000000C  c_w.l(libinit2.o)
    0x08000252   0x08000252   0x00000000   Code   RO         5615    .ARM.Collect$$libinit$$0000000E  c_w.l(libinit2.o)
    0x08000252   0x08000252   0x00000000   Code   RO         5618    .ARM.Collect$$libinit$$00000011  c_w.l(libinit2.o)
    0x08000252   0x08000252   0x00000000   Code   RO         5620    .ARM.Collect$$libinit$$00000013  c_w.l(libinit2.o)
    0x08000252   0x08000252   0x00000000   Code   RO         5622    .ARM.Collect$$libinit$$00000015  c_w.l(libinit2.o)
    0x08000252   0x08000252   0x00000000   Code   RO         5624    .ARM.Collect$$libinit$$00000017  c_w.l(libinit2.o)
    0x08000252   0x08000252   0x00000000   Code   RO         5626    .ARM.Collect$$libinit$$00000019  c_w.l(libinit2.o)
    0x08000252   0x08000252   0x00000000   Code   RO         5628    .ARM.Collect$$libinit$$0000001B  c_w.l(libinit2.o)
    0x08000252   0x08000252   0x00000000   Code   RO         5630    .ARM.Collect$$libinit$$0000001D  c_w.l(libinit2.o)
    0x08000252   0x08000252   0x00000000   Code   RO         5632    .ARM.Collect$$libinit$$0000001F  c_w.l(libinit2.o)
    0x08000252   0x08000252   0x00000000   Code   RO         5634    .ARM.Collect$$libinit$$00000021  c_w.l(libinit2.o)
    0x08000252   0x08000252   0x00000000   Code   RO         5636    .ARM.Collect$$libinit$$00000023  c_w.l(libinit2.o)
    0x08000252   0x08000252   0x00000000   Code   RO         5638    .ARM.Collect$$libinit$$00000025  c_w.l(libinit2.o)
    0x08000252   0x08000252   0x00000000   Code   RO         5642    .ARM.Collect$$libinit$$0000002C  c_w.l(libinit2.o)
    0x08000252   0x08000252   0x00000000   Code   RO         5644    .ARM.Collect$$libinit$$0000002E  c_w.l(libinit2.o)
    0x08000252   0x08000252   0x00000000   Code   RO         5646    .ARM.Collect$$libinit$$00000030  c_w.l(libinit2.o)
    0x08000252   0x08000252   0x00000000   Code   RO         5648    .ARM.Collect$$libinit$$00000032  c_w.l(libinit2.o)
    0x08000252   0x08000252   0x00000002   Code   RO         5649    .ARM.Collect$$libinit$$00000033  c_w.l(libinit2.o)
    0x08000254   0x08000254   0x00000002   Code   RO         5679    .ARM.Collect$$libshutdown$$00000000  c_w.l(libshutdown.o)
    0x08000256   0x08000256   0x00000000   Code   RO         5693    .ARM.Collect$$libshutdown$$00000002  c_w.l(libshutdown2.o)
    0x08000256   0x08000256   0x00000000   Code   RO         5695    .ARM.Collect$$libshutdown$$00000004  c_w.l(libshutdown2.o)
    0x08000256   0x08000256   0x00000000   Code   RO         5698    .ARM.Collect$$libshutdown$$00000007  c_w.l(libshutdown2.o)
    0x08000256   0x08000256   0x00000000   Code   RO         5701    .ARM.Collect$$libshutdown$$0000000A  c_w.l(libshutdown2.o)
    0x08000256   0x08000256   0x00000000   Code   RO         5703    .ARM.Collect$$libshutdown$$0000000C  c_w.l(libshutdown2.o)
    0x08000256   0x08000256   0x00000000   Code   RO         5706    .ARM.Collect$$libshutdown$$0000000F  c_w.l(libshutdown2.o)
    0x08000256   0x08000256   0x00000002   Code   RO         5707    .ARM.Collect$$libshutdown$$00000010  c_w.l(libshutdown2.o)
    0x08000258   0x08000258   0x00000000   Code   RO         5441    .ARM.Collect$$rtentry$$00000000  c_w.l(__rtentry.o)
    0x08000258   0x08000258   0x00000000   Code   RO         5547    .ARM.Collect$$rtentry$$00000002  c_w.l(__rtentry2.o)
    0x08000258   0x08000258   0x00000006   Code   RO         5559    .ARM.Collect$$rtentry$$00000004  c_w.l(__rtentry4.o)
    0x0800025e   0x0800025e   0x00000000   Code   RO         5549    .ARM.Collect$$rtentry$$00000009  c_w.l(__rtentry2.o)
    0x0800025e   0x0800025e   0x00000004   Code   RO         5550    .ARM.Collect$$rtentry$$0000000A  c_w.l(__rtentry2.o)
    0x08000262   0x08000262   0x00000000   Code   RO         5552    .ARM.Collect$$rtentry$$0000000C  c_w.l(__rtentry2.o)
    0x08000262   0x08000262   0x00000008   Code   RO         5553    .ARM.Collect$$rtentry$$0000000D  c_w.l(__rtentry2.o)
    0x0800026a   0x0800026a   0x00000002   Code   RO         5599    .ARM.Collect$$rtexit$$00000000  c_w.l(rtexit.o)
    0x0800026c   0x0800026c   0x00000000   Code   RO         5653    .ARM.Collect$$rtexit$$00000002  c_w.l(rtexit2.o)
    0x0800026c   0x0800026c   0x00000004   Code   RO         5654    .ARM.Collect$$rtexit$$00000003  c_w.l(rtexit2.o)
    0x08000270   0x08000270   0x00000006   Code   RO         5655    .ARM.Collect$$rtexit$$00000004  c_w.l(rtexit2.o)
    0x08000276   0x08000276   0x00000002   PAD
    0x08000278   0x08000278   0x000000b6   Code   RO         5110    .emb_text           port.o
    0x0800032e   0x0800032e   0x00000002   PAD
    0x08000330   0x08000330   0x00000040   Code   RO         2425    .text               startup_stm32f40_41xxx.o
    0x08000370   0x08000370   0x00000002   Code   RO         5252    .text               c_w.l(use_no_semi_2.o)
    0x08000372   0x08000372   0x00000048   Code   RO         5254    .text               c_w.l(llsdiv.o)
    0x080003ba   0x080003ba   0x00000002   PAD
    0x080003bc   0x080003bc   0x00000018   Code   RO         5260    .text               c_w.l(noretval__2printf.o)
    0x080003d4   0x080003d4   0x00000068   Code   RO         5264    .text               c_w.l(__printf.o)
    0x0800043c   0x0800043c   0x00000052   Code   RO         5266    .text               c_w.l(_printf_str.o)
    0x0800048e   0x0800048e   0x00000002   PAD
    0x08000490   0x08000490   0x00000078   Code   RO         5268    .text               c_w.l(_printf_dec.o)
    0x08000508   0x08000508   0x00000058   Code   RO         5295    .text               c_w.l(memcmp.o)
    0x08000560   0x08000560   0x0000008a   Code   RO         5301    .text               c_w.l(rt_memcpy_v6.o)
    0x080005ea   0x080005ea   0x00000010   Code   RO         5303    .text               c_w.l(aeabi_memset.o)
    0x080005fa   0x080005fa   0x00000044   Code   RO         5305    .text               c_w.l(rt_memclr.o)
    0x0800063e   0x0800063e   0x00000006   Code   RO         5307    .text               c_w.l(heapauxi.o)
    0x08000644   0x08000644   0x00000002   Code   RO         5439    .text               c_w.l(use_no_semi.o)
    0x08000646   0x08000646   0x000000ee   Code   RO         5442    .text               c_w.l(lludivv7m.o)
    0x08000734   0x08000734   0x00000016   Code   RO         5444    .text               c_w.l(_rserrno.o)
    0x0800074a   0x0800074a   0x000000b2   Code   RO         5446    .text               c_w.l(_printf_intcommon.o)
    0x080007fc   0x080007fc   0x00000030   Code   RO         5448    .text               c_w.l(_printf_char_common.o)
    0x0800082c   0x0800082c   0x0000002c   Code   RO         5452    .text               c_w.l(_printf_char.o)
    0x08000858   0x08000858   0x00000024   Code   RO         5454    .text               c_w.l(_printf_char_file.o)
    0x0800087c   0x0800087c   0x00000064   Code   RO         5457    .text               c_w.l(rt_memcpy_w.o)
    0x080008e0   0x080008e0   0x0000004e   Code   RO         5459    .text               c_w.l(rt_memclr_w.o)
    0x0800092e   0x0800092e   0x00000002   PAD
    0x08000930   0x08000930   0x00000008   Code   RO         5568    .text               c_w.l(rt_errno_addr_intlibspace.o)
    0x08000938   0x08000938   0x00000008   Code   RO         5572    .text               c_w.l(ferror.o)
    0x08000940   0x08000940   0x00000008   Code   RO         5582    .text               c_w.l(libspace.o)
    0x08000948   0x08000948   0x0000004a   Code   RO         5585    .text               c_w.l(sys_stackheap_outer.o)
    0x08000992   0x08000992   0x00000012   Code   RO         5589    .text               c_w.l(exit.o)
    0x080009a4   0x080009a4   0x00000014   Code   RO         3826    i.ADC_Cmd           stm32f4xx_adc.o
    0x080009b8   0x080009b8   0x0000002c   Code   RO         3827    i.ADC_CommonInit    stm32f4xx_adc.o
    0x080009e4   0x080009e4   0x00000006   Code   RO         3838    i.ADC_GetConversionValue  stm32f4xx_adc.o
    0x080009ea   0x080009ea   0x0000000e   Code   RO         3839    i.ADC_GetFlagStatus  stm32f4xx_adc.o
    0x080009f8   0x080009f8   0x0000004c   Code   RO         3846    i.ADC_Init          stm32f4xx_adc.o
    0x08000a44   0x08000a44   0x00000074   Code   RO         3851    i.ADC_RegularChannelConfig  stm32f4xx_adc.o
    0x08000ab8   0x08000ab8   0x0000000a   Code   RO         3853    i.ADC_SoftwareStartConv  stm32f4xx_adc.o
    0x08000ac2   0x08000ac2   0x00000002   PAD
    0x08000ac4   0x08000ac4   0x000000fc   Code   RO          653    i.APP_Show          show.o
    0x08000bc0   0x08000bc0   0x00000080   Code   RO         1819    i.Adc_Init          adc.o
    0x08000c40   0x08000c40   0x00000034   Code   RO         1985    i.Bee_Init          bee.o
    0x08000c74   0x08000c74   0x00000002   Code   RO          296    i.BusFault_Handler  stm32f4xx_it.o
    0x08000c76   0x08000c76   0x00000002   PAD
    0x08000c78   0x08000c78   0x00000188   Code   RO         2040    i.CAN1_Mode_Init    can.o
    0x08000e00   0x08000e00   0x0000005c   Code   RO         2042    i.CAN1_RX0_IRQHandler  can.o
    0x08000e5c   0x08000e5c   0x00000094   Code   RO         2044    i.CAN1_Rx_Msg       can.o
    0x08000ef0   0x08000ef0   0x00000040   Code   RO         2045    i.CAN1_SEND         can.o
    0x08000f30   0x08000f30   0x00000036   Code   RO         2048    i.CAN1_Send_Num     can.o
    0x08000f66   0x08000f66   0x00000002   PAD
    0x08000f68   0x08000f68   0x000000ac   Code   RO         2049    i.CAN1_Tx_Msg       can.o
    0x08001014   0x08001014   0x00000064   Code   RO         2050    i.CAN1_Tx_Staus     can.o
    0x08001078   0x08001078   0x00000010   Code   RO         4074    i.CAN_ITConfig      stm32f4xx_can.o
    0x08001088   0x08001088   0x0000005c   Code   RO         2051    i.CAN_ReceiveData   can.o
    0x080010e4   0x080010e4   0x00000080   Code   RO         2052    i.CAN_data_transition  can.o
    0x08001164   0x08001164   0x00000038   Code   RO         1752    i.Check_Sum         usartx.o
    0x0800119c   0x0800119c   0x00000224   Code   RO         1084    i.DMP_Init          mpu6050.o
    0x080013c0   0x080013c0   0x00000002   Code   RO          297    i.DebugMon_Handler  stm32f4xx_it.o
    0x080013c2   0x080013c2   0x00000002   PAD
    0x080013c4   0x080013c4   0x000000e4   Code   RO         2139    i.Encoder_Init_TIM2  encoder.o
    0x080014a8   0x080014a8   0x000000bc   Code   RO         2140    i.Encoder_Init_TIM3  encoder.o
    0x08001564   0x08001564   0x000000bc   Code   RO         2141    i.Encoder_Init_TIM4  encoder.o
    0x08001620   0x08001620   0x000000bc   Code   RO         2142    i.Encoder_Init_TIM5  encoder.o
    0x080016dc   0x080016dc   0x0000014c   Code   RO          462    i.FootTrajectoryLeg1  quadruped.o
    0x08001828   0x08001828   0x0000014c   Code   RO          463    i.FootTrajectoryLeg2  quadruped.o
    0x08001974   0x08001974   0x0000014c   Code   RO          464    i.FootTrajectoryLeg3  quadruped.o
    0x08001ac0   0x08001ac0   0x0000014c   Code   RO          465    i.FootTrajectoryLeg4  quadruped.o
    0x08001c0c   0x08001c0c   0x00000078   Code   RO         2476    i.GPIO_Init         stm32f4xx_gpio.o
    0x08001c84   0x08001c84   0x00000020   Code   RO         2477    i.GPIO_PinAFConfig  stm32f4xx_gpio.o
    0x08001ca4   0x08001ca4   0x00000030   Code   RO         1820    i.Get_Adc           adc.o
    0x08001cd4   0x08001cd4   0x000000b0   Code   RO          728    i.Get_RC            get_control.o
    0x08001d84   0x08001d84   0x00000064   Code   RO         1821    i.Get_battery_volt  adc.o
    0x08001de8   0x08001de8   0x00000002   Code   RO          298    i.HardFault_Handler  stm32f4xx_it.o
    0x08001dea   0x08001dea   0x0000003e   Code   RO          969    i.I2C_ReadOneByte   ioi2c.o
    0x08001e28   0x08001e28   0x00000040   Code   RO          970    i.IIC_Ack           ioi2c.o
    0x08001e68   0x08001e68   0x00000044   Code   RO          971    i.IIC_Init          ioi2c.o
    0x08001eac   0x08001eac   0x00000040   Code   RO          972    i.IIC_NAck          ioi2c.o
    0x08001eec   0x08001eec   0x00000068   Code   RO          973    i.IIC_Read_Byte     ioi2c.o
    0x08001f54   0x08001f54   0x00000060   Code   RO          974    i.IIC_Send_Byte     ioi2c.o
    0x08001fb4   0x08001fb4   0x00000050   Code   RO          975    i.IIC_Start         ioi2c.o
    0x08002004   0x08002004   0x00000040   Code   RO          976    i.IIC_Stop          ioi2c.o
    0x08002044   0x08002044   0x00000054   Code   RO          977    i.IIC_Wait_Ack      ioi2c.o
    0x08002098   0x08002098   0x0000000e   Code   RO          978    i.IICreadByte       ioi2c.o
    0x080020a6   0x080020a6   0x00000030   Code   RO          980    i.IICwriteBit       ioi2c.o
    0x080020d6   0x080020d6   0x00000054   Code   RO          981    i.IICwriteBits      ioi2c.o
    0x0800212a   0x0800212a   0x0000000c   Code   RO          982    i.IICwriteByte      ioi2c.o
    0x08002136   0x08002136   0x00000044   Code   RO          983    i.IICwriteBytes     ioi2c.o
    0x0800217a   0x0800217a   0x00000002   PAD
    0x0800217c   0x0800217c   0x00000084   Code   RO          532    i.InverseKinematicsLegAngle1  inverse.o
    0x08002200   0x08002200   0x00000084   Code   RO          533    i.InverseKinematicsLegAngle2  inverse.o
    0x08002284   0x08002284   0x00000030   Code   RO          917    i.KEY_Init          key.o
    0x080022b4   0x080022b4   0x00000030   Code   RO          802    i.LED_Init          led.o
    0x080022e4   0x080022e4   0x00000020   Code   RO          466    i.LegPositionInit   quadruped.o
    0x08002304   0x08002304   0x0000003c   Code   RO          918    i.Long_Press        key.o
    0x08002340   0x08002340   0x0000002a   Code   RO         1089    i.MPU6050_initialize  mpu6050.o
    0x0800236a   0x0800236a   0x00000012   Code   RO         1091    i.MPU6050_setClockSource  mpu6050.o
    0x0800237c   0x0800237c   0x00000012   Code   RO         1092    i.MPU6050_setFullScaleAccelRange  mpu6050.o
    0x0800238e   0x0800238e   0x00000012   Code   RO         1093    i.MPU6050_setFullScaleGyroRange  mpu6050.o
    0x080023a0   0x080023a0   0x0000000c   Code   RO         1094    i.MPU6050_setI2CBypassEnabled  mpu6050.o
    0x080023ac   0x080023ac   0x0000000c   Code   RO         1095    i.MPU6050_setI2CMasterModeEnabled  mpu6050.o
    0x080023b8   0x080023b8   0x0000000c   Code   RO         1096    i.MPU6050_setSleepEnabled  mpu6050.o
    0x080023c4   0x080023c4   0x0000006c   Code   RO         1097    i.MPU6050_task      mpu6050.o
    0x08002430   0x08002430   0x00000002   Code   RO          299    i.MemManage_Handler  stm32f4xx_it.o
    0x08002432   0x08002432   0x00000002   PAD
    0x08002434   0x08002434   0x000000a8   Code   RO         1702    i.MiniBalance_Motor_Init  motor.o
    0x080024dc   0x080024dc   0x000000f8   Code   RO         1703    i.MiniBalance_PWM_Init  motor.o
    0x080025d4   0x080025d4   0x00000248   Code   RO          467    i.MotorOutputChoose  quadruped.o
    0x0800281c   0x0800281c   0x00000002   Code   RO          300    i.NMI_Handler       stm32f4xx_it.o
    0x0800281e   0x0800281e   0x00000002   PAD
    0x08002820   0x08002820   0x00000064   Code   RO         2431    i.NVIC_Init         misc.o
    0x08002884   0x08002884   0x00000014   Code   RO         2432    i.NVIC_PriorityGroupConfig  misc.o
    0x08002898   0x08002898   0x0000002c   Code   RO          828    i.OLED_Clear        oled.o
    0x080028c4   0x080028c4   0x0000003c   Code   RO          831    i.OLED_DrawPoint    oled.o
    0x08002900   0x08002900   0x00000124   Code   RO          832    i.OLED_Init         oled.o
    0x08002a24   0x08002a24   0x00000048   Code   RO          833    i.OLED_Refresh_Gram  oled.o
    0x08002a6c   0x08002a6c   0x00000084   Code   RO          834    i.OLED_ShowChar     oled.o
    0x08002af0   0x08002af0   0x00000078   Code   RO          835    i.OLED_ShowNumber   oled.o
    0x08002b68   0x08002b68   0x0000003e   Code   RO          836    i.OLED_ShowString   oled.o
    0x08002ba6   0x08002ba6   0x00000002   PAD
    0x08002ba8   0x08002ba8   0x00000044   Code   RO          837    i.OLED_WR_Byte      oled.o
    0x08002bec   0x08002bec   0x0000008c   Code   RO         1853    i.PS2_Cmd           pstwo.o
    0x08002c78   0x08002c78   0x0000005c   Code   RO         1855    i.PS2_EnterConfing  pstwo.o
    0x08002cd4   0x08002cd4   0x0000005c   Code   RO         1856    i.PS2_ExitConfing   pstwo.o
    0x08002d30   0x08002d30   0x00000074   Code   RO         1857    i.PS2_Init          pstwo.o
    0x08002da4   0x08002da4   0x0000001e   Code   RO         1860    i.PS2_SetInit       pstwo.o
    0x08002dc2   0x08002dc2   0x00000002   PAD
    0x08002dc4   0x08002dc4   0x00000044   Code   RO         1861    i.PS2_ShortPoll     pstwo.o
    0x08002e08   0x08002e08   0x00000058   Code   RO         1862    i.PS2_TurnOnAnalogMode  pstwo.o
    0x08002e60   0x08002e60   0x000000dc   Code   RO          729    i.PS2_control       get_control.o
    0x08002f3c   0x08002f3c   0x0000000c   Code   RO         3698    i.PWR_BackupAccessCmd  stm32f4xx_pwr.o
    0x08002f48   0x08002f48   0x000000b0   Code   RO         1704    i.PowerOutputControl  motor.o
    0x08002ff8   0x08002ff8   0x0000049a   Code   RO          468    i.Quadruped_task    quadruped.o
    0x08003492   0x08003492   0x00000002   PAD
    0x08003494   0x08003494   0x00000018   Code   RO         2573    i.RCC_AHB1PeriphClockCmd  stm32f4xx_rcc.o
    0x080034ac   0x080034ac   0x00000018   Code   RO         2582    i.RCC_APB1PeriphClockCmd  stm32f4xx_rcc.o
    0x080034c4   0x080034c4   0x00000018   Code   RO         2585    i.RCC_APB2PeriphClockCmd  stm32f4xx_rcc.o
    0x080034dc   0x080034dc   0x00000018   Code   RO         2587    i.RCC_APB2PeriphResetCmd  stm32f4xx_rcc.o
    0x080034f4   0x080034f4   0x00000090   Code   RO         2594    i.RCC_GetClocksFreq  stm32f4xx_rcc.o
    0x08003584   0x08003584   0x0000001c   Code   RO         2603    i.RCC_LSEConfig     stm32f4xx_rcc.o
    0x080035a0   0x080035a0   0x000001a0   Code   RO         1099    i.Read_DMP          mpu6050.o
    0x08003740   0x08003740   0x00000040   Code   RO         2143    i.Read_Encoder      encoder.o
    0x08003780   0x08003780   0x00000064   Code   RO         2219    i.Remote_Check_task  timer.o
    0x080037e4   0x080037e4   0x0000013c   Code   RO          730    i.Remote_control    get_control.o
    0x08003920   0x08003920   0x000000b4   Code   RO          378    i.SetSysClock       system_stm32f4xx.o
    0x080039d4   0x080039d4   0x000000a8   Code   RO         1705    i.Set_Pwm           motor.o
    0x08003a7c   0x08003a7c   0x000000f4   Code   RO          731    i.Smooth_pose       get_control.o
    0x08003b70   0x08003b70   0x00000018   Code   RO         2435    i.SysTick_CLKSourceConfig  misc.o
    0x08003b88   0x08003b88   0x00000020   Code   RO         2267    i.SysTick_Handler   delay.o
    0x08003ba8   0x08003ba8   0x0000005c   Code   RO          380    i.SystemInit        system_stm32f4xx.o
    0x08003c04   0x08003c04   0x0000002e   Code   RO         3151    i.TI1_Config        stm32f4xx_tim.o
    0x08003c32   0x08003c32   0x00000036   Code   RO         3152    i.TI2_Config        stm32f4xx_tim.o
    0x08003c68   0x08003c68   0x00000228   Code   RO         2220    i.TIM1_CC_IRQHandler  timer.o
    0x08003e90   0x08003e90   0x0000010c   Code   RO         2221    i.TIM1_Cap_Init     timer.o
    0x08003f9c   0x08003f9c   0x0000000c   Code   RO         2222    i.TIM1_UP_TIM10_IRQHandler  timer.o
    0x08003fa8   0x08003fa8   0x00000010   Code   RO         2144    i.TIM2_IRQHandler   encoder.o
    0x08003fb8   0x08003fb8   0x00000014   Code   RO         2145    i.TIM3_IRQHandler   encoder.o
    0x08003fcc   0x08003fcc   0x00000014   Code   RO         2146    i.TIM4_IRQHandler   encoder.o
    0x08003fe0   0x08003fe0   0x00000014   Code   RO         2147    i.TIM5_IRQHandler   encoder.o
    0x08003ff4   0x08003ff4   0x00000014   Code   RO         3153    i.TIM_ARRPreloadConfig  stm32f4xx_tim.o
    0x08004008   0x08004008   0x00000006   Code   RO         3159    i.TIM_ClearFlag     stm32f4xx_tim.o
    0x0800400e   0x0800400e   0x00000006   Code   RO         3160    i.TIM_ClearITPendingBit  stm32f4xx_tim.o
    0x08004014   0x08004014   0x00000014   Code   RO         3165    i.TIM_Cmd           stm32f4xx_tim.o
    0x08004028   0x08004028   0x00000016   Code   RO         3167    i.TIM_CtrlPWMOutputs  stm32f4xx_tim.o
    0x0800403e   0x0800403e   0x00000032   Code   RO         3174    i.TIM_EncoderInterfaceConfig  stm32f4xx_tim.o
    0x08004070   0x08004070   0x00000004   Code   RO         3180    i.TIM_GetCapture1   stm32f4xx_tim.o
    0x08004074   0x08004074   0x00000004   Code   RO         3181    i.TIM_GetCapture2   stm32f4xx_tim.o
    0x08004078   0x08004078   0x00000004   Code   RO         3182    i.TIM_GetCapture3   stm32f4xx_tim.o
    0x0800407c   0x0800407c   0x00000004   Code   RO         3183    i.TIM_GetCapture4   stm32f4xx_tim.o
    0x08004080   0x08004080   0x00000018   Code   RO         3186    i.TIM_GetITStatus   stm32f4xx_tim.o
    0x08004098   0x08004098   0x000000ac   Code   RO         3188    i.TIM_ICInit        stm32f4xx_tim.o
    0x08004144   0x08004144   0x00000010   Code   RO         3189    i.TIM_ICStructInit  stm32f4xx_tim.o
    0x08004154   0x08004154   0x00000010   Code   RO         3190    i.TIM_ITConfig      stm32f4xx_tim.o
    0x08004164   0x08004164   0x00000060   Code   RO         3194    i.TIM_OC1Init       stm32f4xx_tim.o
    0x080041c4   0x080041c4   0x0000000c   Code   RO         3196    i.TIM_OC1PolarityConfig  stm32f4xx_tim.o
    0x080041d0   0x080041d0   0x0000000c   Code   RO         3197    i.TIM_OC1PreloadConfig  stm32f4xx_tim.o
    0x080041dc   0x080041dc   0x00000080   Code   RO         3199    i.TIM_OC2Init       stm32f4xx_tim.o
    0x0800425c   0x0800425c   0x00000014   Code   RO         3201    i.TIM_OC2PolarityConfig  stm32f4xx_tim.o
    0x08004270   0x08004270   0x00000014   Code   RO         3202    i.TIM_OC2PreloadConfig  stm32f4xx_tim.o
    0x08004284   0x08004284   0x0000007c   Code   RO         3204    i.TIM_OC3Init       stm32f4xx_tim.o
    0x08004300   0x08004300   0x00000014   Code   RO         3206    i.TIM_OC3PolarityConfig  stm32f4xx_tim.o
    0x08004314   0x08004314   0x0000000c   Code   RO         3207    i.TIM_OC3PreloadConfig  stm32f4xx_tim.o
    0x08004320   0x08004320   0x00000060   Code   RO         3209    i.TIM_OC4Init       stm32f4xx_tim.o
    0x08004380   0x08004380   0x00000014   Code   RO         3210    i.TIM_OC4PolarityConfig  stm32f4xx_tim.o
    0x08004394   0x08004394   0x00000014   Code   RO         3211    i.TIM_OC4PreloadConfig  stm32f4xx_tim.o
    0x080043a8   0x080043a8   0x00000004   Code   RO         3231    i.TIM_SetCounter    stm32f4xx_tim.o
    0x080043ac   0x080043ac   0x00000010   Code   RO         3232    i.TIM_SetIC1Prescaler  stm32f4xx_tim.o
    0x080043bc   0x080043bc   0x00000018   Code   RO         3233    i.TIM_SetIC2Prescaler  stm32f4xx_tim.o
    0x080043d4   0x080043d4   0x00000010   Code   RO         3234    i.TIM_SetIC3Prescaler  stm32f4xx_tim.o
    0x080043e4   0x080043e4   0x00000018   Code   RO         3235    i.TIM_SetIC4Prescaler  stm32f4xx_tim.o
    0x080043fc   0x080043fc   0x0000007c   Code   RO         3237    i.TIM_TimeBaseInit  stm32f4xx_tim.o
    0x08004478   0x08004478   0x00000012   Code   RO         3238    i.TIM_TimeBaseStructInit  stm32f4xx_tim.o
    0x0800448a   0x0800448a   0x00000002   PAD
    0x0800448c   0x0800448c   0x00000064   Code   RO         2347    i.USART1_IRQHandler  usart.o
    0x080044f0   0x080044f0   0x00000204   Code   RO         2348    i.USART2_IRQHandler  usart.o
    0x080046f4   0x080046f4   0x000001f4   Code   RO         1753    i.USART3_IRQHandler  usartx.o
    0x080048e8   0x080048e8   0x00000006   Code   RO         2963    i.USART_ClearFlag   stm32f4xx_usart.o
    0x080048ee   0x080048ee   0x00000014   Code   RO         2967    i.USART_Cmd         stm32f4xx_usart.o
    0x08004902   0x08004902   0x0000003e   Code   RO         2971    i.USART_GetITStatus  stm32f4xx_usart.o
    0x08004940   0x08004940   0x00000030   Code   RO         2973    i.USART_ITConfig    stm32f4xx_usart.o
    0x08004970   0x08004970   0x000000ac   Code   RO         2974    i.USART_Init        stm32f4xx_usart.o
    0x08004a1c   0x08004a1c   0x00000008   Code   RO         2981    i.USART_ReceiveData  stm32f4xx_usart.o
    0x08004a24   0x08004a24   0x0000003c   Code   RO         2148    i.UpdataEncoder     encoder.o
    0x08004a60   0x08004a60   0x00000064   Code   RO          469    i.UpdataFlags       quadruped.o
    0x08004ac4   0x08004ac4   0x000000a0   Code   RO          535    i.UpdataTargerAngles  inverse.o
    0x08004b64   0x08004b64   0x00000002   Code   RO          301    i.UsageFault_Handler  stm32f4xx_it.o
    0x08004b66   0x08004b66   0x00000030   Code   RO         5510    i.__ARM_fpclassify  m_wm.l(fpclassify.o)
    0x08004b96   0x08004b96   0x00000026   Code   RO         5512    i.__ARM_fpclassifyf  m_wm.l(fpclassifyf.o)
    0x08004bbc   0x08004bbc   0x00000118   Code   RO         5339    i.__hardfp_acosf    m_wm.l(acosf.o)
    0x08004cd4   0x08004cd4   0x00000004   PAD
    0x08004cd8   0x08004cd8   0x00000360   Code   RO         5351    i.__hardfp_asin     m_wm.l(asin.o)
    0x08005038   0x08005038   0x000002d8   Code   RO         5476    i.__hardfp_atan     m_wm.l(atan.o)
    0x08005310   0x08005310   0x000001f0   Code   RO         5365    i.__hardfp_atan2    m_wm.l(atan2.o)
    0x08005500   0x08005500   0x00000160   Code   RO         5377    i.__hardfp_atanf    m_wm.l(atanf.o)
    0x08005660   0x08005660   0x00000150   Code   RO         5389    i.__hardfp_cosf     m_wm.l(cosf.o)
    0x080057b0   0x080057b0   0x00000c50   Code   RO         5401    i.__hardfp_pow      m_wm.l(pow.o)
    0x08006400   0x08006400   0x00000190   Code   RO         5415    i.__hardfp_sinf     m_wm.l(sinf.o)
    0x08006590   0x08006590   0x0000003a   Code   RO         5427    i.__hardfp_sqrtf    m_wm.l(sqrtf.o)
    0x080065ca   0x080065ca   0x000000f8   Code   RO         5528    i.__kernel_poly     m_wm.l(poly.o)
    0x080066c2   0x080066c2   0x00000006   PAD
    0x080066c8   0x080066c8   0x00000030   Code   RO         5490    i.__mathlib_dbl_divzero  m_wm.l(dunder.o)
    0x080066f8   0x080066f8   0x00000014   Code   RO         5491    i.__mathlib_dbl_infnan  m_wm.l(dunder.o)
    0x0800670c   0x0800670c   0x00000014   Code   RO         5492    i.__mathlib_dbl_infnan2  m_wm.l(dunder.o)
    0x08006720   0x08006720   0x00000020   Code   RO         5493    i.__mathlib_dbl_invalid  m_wm.l(dunder.o)
    0x08006740   0x08006740   0x00000020   Code   RO         5494    i.__mathlib_dbl_overflow  m_wm.l(dunder.o)
    0x08006760   0x08006760   0x00000020   Code   RO         5496    i.__mathlib_dbl_underflow  m_wm.l(dunder.o)
    0x08006780   0x08006780   0x00000006   Code   RO         5515    i.__mathlib_flt_infnan  m_wm.l(funder.o)
    0x08006786   0x08006786   0x00000002   PAD
    0x08006788   0x08006788   0x00000010   Code   RO         5517    i.__mathlib_flt_invalid  m_wm.l(funder.o)
    0x08006798   0x08006798   0x00000010   Code   RO         5520    i.__mathlib_flt_underflow  m_wm.l(funder.o)
    0x080067a8   0x080067a8   0x00000154   Code   RO         5531    i.__mathlib_rredf2  m_wm.l(rredf.o)
    0x080068fc   0x080068fc   0x00000002   Code   RO         2349    i._sys_exit         usart.o
    0x080068fe   0x080068fe   0x00000002   PAD
    0x08006900   0x08006900   0x00000090   Code   RO         1230    i.accel_self_test   inv_mpu.o
    0x08006990   0x08006990   0x00000108   Code   RO          579    i.allPidInit        pid.o
    0x08006a98   0x08006a98   0x00000010   Code   RO         5478    i.atan              m_wm.l(atan.o)
    0x08006aa8   0x08006aa8   0x00000084   Code   RO         1986    i.bee               bee.o
    0x08006b2c   0x08006b2c   0x00000014   Code   RO         1987    i.bee_flash         bee.o
    0x08006b40   0x08006b40   0x00000044   Code   RO         1990    i.bee_task          bee.o
    0x08006b84   0x08006b84   0x0000008c   Code   RO          920    i.click_N_Double    key.o
    0x08006c10   0x08006c10   0x00000010   Code   RO          580    i.constrain         pid.o
    0x08006c20   0x08006c20   0x00000020   Code   RO          581    i.constrainf        pid.o
    0x08006c40   0x08006c40   0x00000078   Code   RO          732    i.control_transition  get_control.o
    0x08006cb8   0x08006cb8   0x00000038   Code   RO         2268    i.delay_init        delay.o
    0x08006cf0   0x08006cf0   0x00000038   Code   RO         2269    i.delay_ms          delay.o
    0x08006d28   0x08006d28   0x00000034   Code   RO         2270    i.delay_us          delay.o
    0x08006d5c   0x08006d5c   0x0000003a   Code   RO         1527    i.dmp_enable_6x_lp_quat  inv_mpu_dmp_motion_driver.o
    0x08006d96   0x08006d96   0x00000002   PAD
    0x08006d98   0x08006d98   0x000001dc   Code   RO         1528    i.dmp_enable_feature  inv_mpu_dmp_motion_driver.o
    0x08006f74   0x08006f74   0x00000038   Code   RO         1529    i.dmp_enable_gyro_cal  inv_mpu_dmp_motion_driver.o
    0x08006fac   0x08006fac   0x0000003a   Code   RO         1530    i.dmp_enable_lp_quat  inv_mpu_dmp_motion_driver.o
    0x08006fe6   0x08006fe6   0x00000002   PAD
    0x08006fe8   0x08006fe8   0x00000014   Code   RO         1535    i.dmp_load_motion_driver_firmware  inv_mpu_dmp_motion_driver.o
    0x08006ffc   0x08006ffc   0x0000014c   Code   RO         1536    i.dmp_read_fifo     inv_mpu_dmp_motion_driver.o
    0x08007148   0x08007148   0x000000d8   Code   RO         1539    i.dmp_set_accel_bias  inv_mpu_dmp_motion_driver.o
    0x08007220   0x08007220   0x00000064   Code   RO         1540    i.dmp_set_fifo_rate  inv_mpu_dmp_motion_driver.o
    0x08007284   0x08007284   0x000000cc   Code   RO         1541    i.dmp_set_gyro_bias  inv_mpu_dmp_motion_driver.o
    0x08007350   0x08007350   0x0000010c   Code   RO         1543    i.dmp_set_orientation  inv_mpu_dmp_motion_driver.o
    0x0800745c   0x0800745c   0x00000030   Code   RO         1546    i.dmp_set_shake_reject_thresh  inv_mpu_dmp_motion_driver.o
    0x0800748c   0x0800748c   0x00000020   Code   RO         1547    i.dmp_set_shake_reject_time  inv_mpu_dmp_motion_driver.o
    0x080074ac   0x080074ac   0x00000020   Code   RO         1548    i.dmp_set_shake_reject_timeout  inv_mpu_dmp_motion_driver.o
    0x080074cc   0x080074cc   0x00000040   Code   RO         1549    i.dmp_set_tap_axes  inv_mpu_dmp_motion_driver.o
    0x0800750c   0x0800750c   0x00000022   Code   RO         1550    i.dmp_set_tap_count  inv_mpu_dmp_motion_driver.o
    0x0800752e   0x0800752e   0x00000002   PAD
    0x08007530   0x08007530   0x00000160   Code   RO         1551    i.dmp_set_tap_thresh  inv_mpu_dmp_motion_driver.o
    0x08007690   0x08007690   0x00000020   Code   RO         1552    i.dmp_set_tap_time  inv_mpu_dmp_motion_driver.o
    0x080076b0   0x080076b0   0x00000020   Code   RO         1553    i.dmp_set_tap_time_multi  inv_mpu_dmp_motion_driver.o
    0x080076d0   0x080076d0   0x00000018   Code   RO         5506    i.fabs              m_wm.l(fabs.o)
    0x080076e8   0x080076e8   0x00000010   Code   RO          733    i.float_abs         get_control.o
    0x080076f8   0x080076f8   0x00000018   Code   RO         2351    i.fputc             usart.o
    0x08007710   0x08007710   0x0000001c   Code   RO         2272    i.getSysTickCnt     delay.o
    0x0800772c   0x0800772c   0x000000b4   Code   RO         1231    i.get_accel_prod_shift  inv_mpu.o
    0x080077e0   0x080077e0   0x00000314   Code   RO         1232    i.get_st_biases     inv_mpu.o
    0x08007af4   0x08007af4   0x00000028   Code   RO         1101    i.get_zero          mpu6050.o
    0x08007b1c   0x08007b1c   0x000000e0   Code   RO          734    i.getcontrol_task   get_control.o
    0x08007bfc   0x08007bfc   0x000000d4   Code   RO         1233    i.gyro_self_test    inv_mpu.o
    0x08007cd0   0x08007cd0   0x0000006e   Code   RO          984    i.i2cRead           ioi2c.o
    0x08007d3e   0x08007d3e   0x00000054   Code   RO          985    i.i2cWrite          ioi2c.o
    0x08007d92   0x08007d92   0x00000048   Code   RO         1102    i.inv_row_2_scale   mpu6050.o
    0x08007dda   0x08007dda   0x00000002   PAD
    0x08007ddc   0x08007ddc   0x000000a0   Code   RO          921    i.key_task          key.o
    0x08007e7c   0x08007e7c   0x00000030   Code   RO          803    i.led_task          led.o
    0x08007eac   0x08007eac   0x00000038   Code   RO            4    i.main              main.o
    0x08007ee4   0x08007ee4   0x00000058   Code   RO         1234    i.mpu_configure_fifo  inv_mpu.o
    0x08007f3c   0x08007f3c   0x0000003c   Code   RO         1235    i.mpu_get_accel_fsr  inv_mpu.o
    0x08007f78   0x08007f78   0x00000044   Code   RO         1237    i.mpu_get_accel_sens  inv_mpu.o
    0x08007fbc   0x08007fbc   0x00000034   Code   RO         1243    i.mpu_get_gyro_fsr  inv_mpu.o
    0x08007ff0   0x08007ff0   0x0000004c   Code   RO         1245    i.mpu_get_gyro_sens  inv_mpu.o
    0x0800803c   0x0800803c   0x00000038   Code   RO         1247    i.mpu_get_lpf       inv_mpu.o
    0x08008074   0x08008074   0x0000001c   Code   RO         1249    i.mpu_get_sample_rate  inv_mpu.o
    0x08008090   0x08008090   0x00000188   Code   RO         1251    i.mpu_init          inv_mpu.o
    0x08008218   0x08008218   0x000000a4   Code   RO         1252    i.mpu_load_firmware  inv_mpu.o
    0x080082bc   0x080082bc   0x000000b8   Code   RO         1253    i.mpu_lp_accel_mode  inv_mpu.o
    0x08008374   0x08008374   0x00000090   Code   RO         1256    i.mpu_read_fifo_stream  inv_mpu.o
    0x08008404   0x08008404   0x00000054   Code   RO         1257    i.mpu_read_mem      inv_mpu.o
    0x08008458   0x08008458   0x00000150   Code   RO         1260    i.mpu_reset_fifo    inv_mpu.o
    0x080085a8   0x080085a8   0x000000f0   Code   RO         1261    i.mpu_run_self_test  inv_mpu.o
    0x08008698   0x08008698   0x00000068   Code   RO         1263    i.mpu_set_accel_fsr  inv_mpu.o
    0x08008700   0x08008700   0x000000dc   Code   RO         1264    i.mpu_set_bypass    inv_mpu.o
    0x080087dc   0x080087dc   0x00000078   Code   RO         1266    i.mpu_set_dmp_state  inv_mpu.o
    0x08008854   0x08008854   0x0000006c   Code   RO         1267    i.mpu_set_gyro_fsr  inv_mpu.o
    0x080088c0   0x080088c0   0x00000064   Code   RO         1268    i.mpu_set_int_latched  inv_mpu.o
    0x08008924   0x08008924   0x0000006c   Code   RO         1270    i.mpu_set_lpf       inv_mpu.o
    0x08008990   0x08008990   0x00000078   Code   RO         1271    i.mpu_set_sample_rate  inv_mpu.o
    0x08008a08   0x08008a08   0x000000b8   Code   RO         1272    i.mpu_set_sensors   inv_mpu.o
    0x08008ac0   0x08008ac0   0x00000054   Code   RO         1273    i.mpu_write_mem     inv_mpu.o
    0x08008b14   0x08008b14   0x00000008   Code   RO         1706    i.myabs             motor.o
    0x08008b1c   0x08008b1c   0x00000002   Code   RO         1274    i.myget_ms          inv_mpu.o
    0x08008b1e   0x08008b1e   0x00000010   Code   RO          838    i.oled_pow          oled.o
    0x08008b2e   0x08008b2e   0x00000002   PAD
    0x08008b30   0x08008b30   0x00000378   Code   RO          655    i.oled_show         show.o
    0x08008ea8   0x08008ea8   0x0000003c   Code   RO          583    i.pidInit           pid.o
    0x08008ee4   0x08008ee4   0x0000008c   Code   RO          587    i.pidUpdate         pid.o
    0x08008f70   0x08008f70   0x00000070   Code   RO         4629    i.prvAddCurrentTaskToDelayedList  tasks.o
    0x08008fe0   0x08008fe0   0x000000d0   Code   RO         4630    i.prvAddNewTaskToReadyList  tasks.o
    0x080090b0   0x080090b0   0x00000050   Code   RO         4982    i.prvCheckForValidListAndQueue  timers.o
    0x08009100   0x08009100   0x00000054   Code   RO         4631    i.prvCheckTasksWaitingTermination  tasks.o
    0x08009154   0x08009154   0x00000026   Code   RO         4403    i.prvCopyDataFromQueue  queue.o
    0x0800917a   0x0800917a   0x0000006c   Code   RO         4404    i.prvCopyDataToQueue  queue.o
    0x080091e6   0x080091e6   0x00000014   Code   RO         4632    i.prvDeleteTCB      tasks.o
    0x080091fa   0x080091fa   0x00000002   PAD
    0x080091fc   0x080091fc   0x0000004c   Code   RO         5195    i.prvHeapInit       heap_4.o
    0x08009248   0x08009248   0x00000028   Code   RO         4633    i.prvIdleTask       tasks.o
    0x08009270   0x08009270   0x000000c0   Code   RO         4634    i.prvInitialiseNewTask  tasks.o
    0x08009330   0x08009330   0x0000004c   Code   RO         5196    i.prvInsertBlockIntoFreeList  heap_4.o
    0x0800937c   0x0800937c   0x00000038   Code   RO         4983    i.prvInsertTimerInActiveList  timers.o
    0x080093b4   0x080093b4   0x0000001a   Code   RO         4405    i.prvIsQueueEmpty   queue.o
    0x080093ce   0x080093ce   0x00000002   PAD
    0x080093d0   0x080093d0   0x00000090   Code   RO         4406    i.prvNotifyQueueSetContainer  queue.o
    0x08009460   0x08009460   0x00000060   Code   RO         4984    i.prvProcessExpiredTimer  timers.o
    0x080094c0   0x080094c0   0x000000f0   Code   RO         4985    i.prvProcessReceivedCommands  timers.o
    0x080095b0   0x080095b0   0x0000006c   Code   RO         4986    i.prvProcessTimerOrBlockTask  timers.o
    0x0800961c   0x0800961c   0x00000020   Code   RO         4636    i.prvResetNextTaskUnblockTime  tasks.o
    0x0800963c   0x0800963c   0x00000028   Code   RO         4987    i.prvSampleTimeNow  timers.o
    0x08009664   0x08009664   0x0000006c   Code   RO         4988    i.prvSwitchTimerLists  timers.o
    0x080096d0   0x080096d0   0x00000064   Code   RO         5111    i.prvTaskExitError  port.o
    0x08009734   0x08009734   0x00000028   Code   RO         4989    i.prvTimerTask      timers.o
    0x0800975c   0x0800975c   0x00000078   Code   RO         4407    i.prvUnlockQueue    queue.o
    0x080097d4   0x080097d4   0x00000114   Code   RO         5197    i.pvPortMalloc      heap_4.o
    0x080098e8   0x080098e8   0x00000018   Code   RO         4638    i.pvTaskIncrementMutexHeldCount  tasks.o
    0x08009900   0x08009900   0x0000002c   Code   RO         5112    i.pxPortInitialiseStack  port.o
    0x0800992c   0x0800992c   0x000000ac   Code   RO         1103    i.run_self_test     mpu6050.o
    0x080099d8   0x080099d8   0x0000001a   Code   RO         1754    i.sent_task         usartx.o
    0x080099f2   0x080099f2   0x00000002   PAD
    0x080099f4   0x080099f4   0x00000054   Code   RO         1275    i.set_int_enable    inv_mpu.o
    0x08009a48   0x08009a48   0x00000084   Code   RO          656    i.show_task         show.o
    0x08009acc   0x08009acc   0x0000006e   Code   RO         5536    i.sqrt              m_wm.l(sqrt.o)
    0x08009b3a   0x08009b3a   0x0000003e   Code   RO         5429    i.sqrtf             m_wm.l(sqrtf.o)
    0x08009b78   0x08009b78   0x00000160   Code   RO            5    i.start_task        main.o
    0x08009cd8   0x08009cd8   0x00000040   Code   RO         1104    i.subtract_Zero     mpu6050.o
    0x08009d18   0x08009d18   0x000000a0   Code   RO          415    i.systemInit        system.o
    0x08009db8   0x08009db8   0x00000020   Code   RO          735    i.target_limit_float  get_control.o
    0x08009dd8   0x08009dd8   0x000000ac   Code   RO         2352    i.uart1_init        usart.o
    0x08009e84   0x08009e84   0x000000ac   Code   RO         2354    i.usart2_init       usart.o
    0x08009f30   0x08009f30   0x000000ac   Code   RO         1755    i.usart3_init       usartx.o
    0x08009fdc   0x08009fdc   0x00000014   Code   RO         1756    i.usart3_send       usartx.o
    0x08009ff0   0x08009ff0   0x0000001c   Code   RO         1757    i.usart3_sent_data  usartx.o
    0x0800a00c   0x0800a00c   0x0000002c   Code   RO          736    i.usart_control     get_control.o
    0x0800a038   0x0800a038   0x000000ac   Code   RO         1758    i.usart_data_transition  usartx.o
    0x0800a0e4   0x0800a0e4   0x00000024   Code   RO         4358    i.uxListRemove      list.o
    0x0800a108   0x0800a108   0x00000016   Code   RO         4359    i.vListInitialise   list.o
    0x0800a11e   0x0800a11e   0x00000006   Code   RO         4360    i.vListInitialiseItem  list.o
    0x0800a124   0x0800a124   0x00000030   Code   RO         4361    i.vListInsert       list.o
    0x0800a154   0x0800a154   0x00000018   Code   RO         4362    i.vListInsertEnd    list.o
    0x0800a16c   0x0800a16c   0x00000078   Code   RO         5114    i.vPortEnterCritical  port.o
    0x0800a1e4   0x0800a1e4   0x00000064   Code   RO         5115    i.vPortExitCritical  port.o
    0x0800a248   0x0800a248   0x0000009c   Code   RO         5198    i.vPortFree         heap_4.o
    0x0800a2e4   0x0800a2e4   0x00000020   Code   RO         5116    i.vPortSetupTimerInterrupt  port.o
    0x0800a304   0x0800a304   0x0000008c   Code   RO         5117    i.vPortValidateInterruptPriority  port.o
    0x0800a390   0x0800a390   0x00000024   Code   RO         4413    i.vQueueAddToRegistry  queue.o
    0x0800a3b4   0x0800a3b4   0x00000044   Code   RO         4417    i.vQueueWaitForMessageRestricted  queue.o
    0x0800a3f8   0x0800a3f8   0x0000006c   Code   RO         4646    i.vTaskDelay        tasks.o
    0x0800a464   0x0800a464   0x000000ac   Code   RO         4647    i.vTaskDelayUntil   tasks.o
    0x0800a510   0x0800a510   0x000000cc   Code   RO         4648    i.vTaskDelete       tasks.o
    0x0800a5dc   0x0800a5dc   0x0000000c   Code   RO         4652    i.vTaskMissedYield  tasks.o
    0x0800a5e8   0x0800a5e8   0x00000054   Code   RO         4654    i.vTaskPlaceOnEventList  tasks.o
    0x0800a63c   0x0800a63c   0x0000005c   Code   RO         4655    i.vTaskPlaceOnEventListRestricted  tasks.o
    0x0800a698   0x0800a698   0x00000084   Code   RO         4657    i.vTaskPriorityInherit  tasks.o
    0x0800a71c   0x0800a71c   0x00000048   Code   RO         4661    i.vTaskSetTimeOutState  tasks.o
    0x0800a764   0x0800a764   0x00000094   Code   RO         4662    i.vTaskStartScheduler  tasks.o
    0x0800a7f8   0x0800a7f8   0x00000010   Code   RO         4664    i.vTaskSuspendAll   tasks.o
    0x0800a808   0x0800a808   0x0000007c   Code   RO         4665    i.vTaskSwitchContext  tasks.o
    0x0800a884   0x0800a884   0x00000114   Code   RO         5118    i.xPortStartScheduler  port.o
    0x0800a998   0x0800a998   0x0000002c   Code   RO         5119    i.xPortSysTickHandler  port.o
    0x0800a9c4   0x0800a9c4   0x00000078   Code   RO         4422    i.xQueueGenericCreate  queue.o
    0x0800aa3c   0x0800aa3c   0x00000184   Code   RO         4423    i.xQueueGenericReceive  queue.o
    0x0800abc0   0x0800abc0   0x000000a8   Code   RO         4424    i.xQueueGenericReset  queue.o
    0x0800ac68   0x0800ac68   0x00000188   Code   RO         4425    i.xQueueGenericSend  queue.o
    0x0800adf0   0x0800adf0   0x000000e0   Code   RO         4426    i.xQueueGenericSendFromISR  queue.o
    0x0800aed0   0x0800aed0   0x00000088   Code   RO         4666    i.xTaskCheckForTimeOut  tasks.o
    0x0800af58   0x0800af58   0x00000056   Code   RO         4667    i.xTaskCreate       tasks.o
    0x0800afae   0x0800afae   0x00000002   PAD
    0x0800afb0   0x0800afb0   0x0000001c   Code   RO         4671    i.xTaskGetSchedulerState  tasks.o
    0x0800afcc   0x0800afcc   0x0000000c   Code   RO         4672    i.xTaskGetTickCount  tasks.o
    0x0800afd8   0x0800afd8   0x000000e8   Code   RO         4674    i.xTaskIncrementTick  tasks.o
    0x0800b0c0   0x0800b0c0   0x000000b4   Code   RO         4677    i.xTaskPriorityDisinherit  tasks.o
    0x0800b174   0x0800b174   0x00000098   Code   RO         4678    i.xTaskRemoveFromEventList  tasks.o
    0x0800b20c   0x0800b20c   0x000000e4   Code   RO         4680    i.xTaskResumeAll    tasks.o
    0x0800b2f0   0x0800b2f0   0x00000074   Code   RO         4992    i.xTimerCreate      timers.o
    0x0800b364   0x0800b364   0x00000074   Code   RO         4993    i.xTimerCreateTimerTask  timers.o
    0x0800b3d8   0x0800b3d8   0x00000090   Code   RO         4994    i.xTimerGenericCommand  timers.o
    0x0800b468   0x0800b468   0x00000018   Code   RO         5461    x$fpl$basic         fz_wm.l(basic.o)
    0x0800b480   0x0800b480   0x00000062   Code   RO         5311    x$fpl$d2f           fz_wm.l(d2f.o)
    0x0800b4e2   0x0800b4e2   0x00000002   PAD
    0x0800b4e4   0x0800b4e4   0x00000150   Code   RO         5313    x$fpl$dadd          fz_wm.l(daddsub_clz.o)
    0x0800b634   0x0800b634   0x00000010   Code   RO         5576    x$fpl$dcheck1       fz_wm.l(dcheck1.o)
    0x0800b644   0x0800b644   0x00000018   Code   RO         5578    x$fpl$dcmpinf       fz_wm.l(dcmpi.o)
    0x0800b65c   0x0800b65c   0x000002b0   Code   RO         5320    x$fpl$ddiv          fz_wm.l(ddiv.o)
    0x0800b90c   0x0800b90c   0x0000005e   Code   RO         5323    x$fpl$dfix          fz_wm.l(dfix.o)
    0x0800b96a   0x0800b96a   0x0000002e   Code   RO         5328    x$fpl$dflt          fz_wm.l(dflt_clz.o)
    0x0800b998   0x0800b998   0x00000026   Code   RO         5327    x$fpl$dfltu         fz_wm.l(dflt_clz.o)
    0x0800b9be   0x0800b9be   0x00000002   PAD
    0x0800b9c0   0x0800b9c0   0x00000078   Code   RO         5463    x$fpl$dleqf         fz_wm.l(dleqf.o)
    0x0800ba38   0x0800ba38   0x00000154   Code   RO         5333    x$fpl$dmul          fz_wm.l(dmul.o)
    0x0800bb8c   0x0800bb8c   0x0000009c   Code   RO         5465    x$fpl$dnaninf       fz_wm.l(dnaninf.o)
    0x0800bc28   0x0800bc28   0x0000000c   Code   RO         5467    x$fpl$dretinf       fz_wm.l(dretinf.o)
    0x0800bc34   0x0800bc34   0x0000006c   Code   RO         5335    x$fpl$drleqf        fz_wm.l(drleqf.o)
    0x0800bca0   0x0800bca0   0x00000016   Code   RO         5314    x$fpl$drsb          fz_wm.l(daddsub_clz.o)
    0x0800bcb6   0x0800bcb6   0x00000002   PAD
    0x0800bcb8   0x0800bcb8   0x00000198   Code   RO         5580    x$fpl$dsqrt         fz_wm.l(dsqrt_umaal.o)
    0x0800be50   0x0800be50   0x000001d4   Code   RO         5315    x$fpl$dsub          fz_wm.l(daddsub_clz.o)
    0x0800c024   0x0800c024   0x00000056   Code   RO         5337    x$fpl$f2d           fz_wm.l(f2d.o)
    0x0800c07a   0x0800c07a   0x0000008c   Code   RO         5469    x$fpl$fnaninf       fz_wm.l(fnaninf.o)
    0x0800c106   0x0800c106   0x0000000a   Code   RO         5667    x$fpl$fpinit        fz_wm.l(fpinit.o)
    0x0800c110   0x0800c110   0x0000000a   Code   RO         5471    x$fpl$fretinf       fz_wm.l(fretinf.o)
    0x0800c11a   0x0800c11a   0x00000064   Code   RO         5597    x$fpl$retnan        fz_wm.l(retnan.o)
    0x0800c17e   0x0800c17e   0x0000005c   Code   RO         5473    x$fpl$scalbn        fz_wm.l(scalbn.o)
    0x0800c1da   0x0800c1da   0x00000030   Code   RO         5650    x$fpl$trapveneer    fz_wm.l(trapv.o)
    0x0800c20a   0x0800c20a   0x00000000   Code   RO         5475    x$fpl$usenofp       fz_wm.l(usenofp.o)
    0x0800c20a   0x0800c20a   0x00000a64   Data   RO          840    .constdata          oled.o
    0x0800cc6e   0x0800cc6e   0x0000000c   Data   RO         1276    .constdata          inv_mpu.o
    0x0800cc7a   0x0800cc7a   0x0000001b   Data   RO         1277    .constdata          inv_mpu.o
    0x0800cc95   0x0800cc95   0x00000003   PAD
    0x0800cc98   0x0800cc98   0x00000028   Data   RO         1278    .constdata          inv_mpu.o
    0x0800ccc0   0x0800ccc0   0x00000bf6   Data   RO         1555    .constdata          inv_mpu_dmp_motion_driver.o
    0x0800d8b6   0x0800d8b6   0x00000002   PAD
    0x0800d8b8   0x0800d8b8   0x00000050   Data   RO         5354    .constdata          m_wm.l(asin.o)
    0x0800d908   0x0800d908   0x00000088   Data   RO         5404    .constdata          m_wm.l(pow.o)
    0x0800d990   0x0800d990   0x00000098   Data   RO         5479    .constdata          m_wm.l(atan.o)
    0x0800da28   0x0800da28   0x00000008   Data   RO         5530    .constdata          m_wm.l(qnan.o)
    0x0800da30   0x0800da30   0x00000020   Data   RO         5532    .constdata          m_wm.l(rredf.o)
    0x0800da50   0x0800da50   0x0000004e   Data   RO         1279    .conststring        inv_mpu.o
    0x0800da9e   0x0800da9e   0x00000002   PAD
    0x0800daa0   0x0800daa0   0x00000020   Data   RO         5725    Region$$Table       anon$$obj.o


    Execution Region RW_IRAM1 (Exec base: 0x20000000, Load base: 0x0800dac0, Size: 0x000064b8, Max: 0x00020000, ABSOLUTE, COMPRESSED[0x00000078])

    Exec Addr    Load Addr    Size         Type   Attr      Idx    E Section Name        Object

    0x20000000   COMPRESSED   0x00000004   Data   RW            6    .data               main.o
    0x20000004   COMPRESSED   0x00000014   Data   RW          381    .data               system_stm32f4xx.o
    0x20000018   COMPRESSED   0x00000001   Data   RW          416    .data               system.o
    0x20000019   COMPRESSED   0x00000001   Data   RW          417    .data               system.o
    0x2000001a   COMPRESSED   0x00000001   Data   RW          418    .data               system.o
    0x2000001b   COMPRESSED   0x00000001   Data   RW          419    .data               system.o
    0x2000001c   COMPRESSED   0x00000001   Data   RW          420    .data               system.o
    0x2000001d   COMPRESSED   0x00000001   Data   RW          421    .data               system.o
    0x2000001e   COMPRESSED   0x00000001   Data   RW          422    .data               system.o
    0x2000001f   COMPRESSED   0x00000001   Data   RW          423    .data               system.o
    0x20000020   COMPRESSED   0x00000001   Data   RW          424    .data               system.o
    0x20000021   COMPRESSED   0x00000001   Data   RW          425    .data               system.o
    0x20000022   COMPRESSED   0x00000001   Data   RW          426    .data               system.o
    0x20000023   COMPRESSED   0x00000001   Data   RW          427    .data               system.o
    0x20000024   COMPRESSED   0x00000001   Data   RW          428    .data               system.o
    0x20000025   COMPRESSED   0x00000001   Data   RW          429    .data               system.o
    0x20000026   COMPRESSED   0x00000001   Data   RW          430    .data               system.o
    0x20000027   COMPRESSED   0x00000001   Data   RW          431    .data               system.o
    0x20000028   COMPRESSED   0x00000001   Data   RW          432    .data               system.o
    0x20000029   COMPRESSED   0x00000003   PAD
    0x2000002c   COMPRESSED   0x00000038   Data   RW          472    .data               quadruped.o
    0x20000064   COMPRESSED   0x00000014   Data   RW          657    .data               show.o
    0x20000078   COMPRESSED   0x00000040   Data   RW          737    .data               get_control.o
    0x200000b8   COMPRESSED   0x00000004   Data   RW          738    .data               get_control.o
    0x200000bc   COMPRESSED   0x0000000c   Data   RW          922    .data               key.o
    0x200000c8   COMPRESSED   0x00000039   Data   RW         1106    .data               mpu6050.o
    0x20000101   COMPRESSED   0x00000003   PAD
    0x20000104   COMPRESSED   0x0000002c   Data   RW         1280    .data               inv_mpu.o
    0x20000130   COMPRESSED   0x00000010   Data   RW         1707    .data               motor.o
    0x20000140   COMPRESSED   0x00000001   Data   RW         1761    .data               usartx.o
    0x20000141   COMPRESSED   0x00000003   PAD
    0x20000144   COMPRESSED   0x0000004c   Data   RW         1871    .data               pstwo.o
    0x20000190   COMPRESSED   0x00000004   Data   RW         1991    .data               bee.o
    0x20000194   COMPRESSED   0x0000000c   Data   RW         2054    .data               can.o
    0x200001a0   COMPRESSED   0x0000004c   Data   RW         2223    .data               timer.o
    0x200001ec   COMPRESSED   0x00000008   Data   RW         2273    .data               delay.o
    0x200001f4   COMPRESSED   0x00000010   Data   RW         2356    .data               usart.o
    0x20000204   COMPRESSED   0x00000004   Data   RW         2357    .data               usart.o
    0x20000208   COMPRESSED   0x00000010   Data   RW         2626    .data               stm32f4xx_rcc.o
    0x20000218   COMPRESSED   0x0000003c   Data   RW         4683    .data               tasks.o
    0x20000254   COMPRESSED   0x00000014   Data   RW         5002    .data               timers.o
    0x20000268   COMPRESSED   0x0000000c   Data   RW         5120    .data               port.o
    0x20000274   COMPRESSED   0x00000018   Data   RW         5203    .data               heap_4.o
    0x2000028c        -       0x00000080   Zero   RW          470    .bss                quadruped.o
    0x2000030c        -       0x00000020   Zero   RW          536    .bss                inverse.o
    0x2000032c        -       0x00000020   Zero   RW          537    .bss                inverse.o
    0x2000034c        -       0x000001a0   Zero   RW          588    .bss                pid.o
    0x200004ec        -       0x00000400   Zero   RW          839    .bss                oled.o
    0x200008ec        -       0x000000b6   Zero   RW         1105    .bss                mpu6050.o
    0x200009a2   COMPRESSED   0x00000002   PAD
    0x200009a4        -       0x00000010   Zero   RW         1554    .bss                inv_mpu_dmp_motion_driver.o
    0x200009b4        -       0x00000023   Zero   RW         1759    .bss                usartx.o
    0x200009d7        -       0x00000009   Zero   RW         1870    .bss                pstwo.o
    0x200009e0        -       0x00000020   Zero   RW         2053    .bss                can.o
    0x20000a00        -       0x00000010   Zero   RW         2149    .bss                encoder.o
    0x20000a10        -       0x000000fa   Zero   RW         2355    .bss                usart.o
    0x20000b0a   COMPRESSED   0x00000002   PAD
    0x20000b0c        -       0x00000040   Zero   RW         4437    .bss                queue.o
    0x20000b4c        -       0x000002e4   Zero   RW         4682    .bss                tasks.o
    0x20000e30        -       0x00000028   Zero   RW         5001    .bss                timers.o
    0x20000e58        -       0x00005000   Zero   RW         5202    .bss                heap_4.o
    0x20005e58        -       0x00000060   Zero   RW         5583    .bss                c_w.l(libspace.o)
    0x20005eb8        -       0x00000200   Zero   RW         2423    HEAP                startup_stm32f40_41xxx.o
    0x200060b8        -       0x00000400   Zero   RW         2422    STACK               startup_stm32f40_41xxx.o


==============================================================================

Image component sizes


      Code (inc. data)   RO Data    RW Data    ZI Data      Debug   Object Name

       276         44          0          0          0       1948   adc.o
       272         46          0          4          0       3232   bee.o
      1242         88          0         12         32       8019   can.o
       224         22          0          8          0       3525   delay.o
       992         70          0          0         16       7554   encoder.o
         0          0          0          0          0       8072   event_groups.o
      1392        152          0         68          0       8057   get_control.o
       584        138          0         24      20480       4511   heap_4.o
      4530        288        157         44          0      29338   inv_mpu.o
      2414        132       3062          0         16      21566   inv_mpu_dmp_motion_driver.o
       424         36          0          0         64       4165   inverse.o
      1106         66          0          0          0      11949   ioi2c.o
       408         48          0         12          0       3436   key.o
        96         14          0          0          0       1182   led.o
       136          0          0          0          0       3582   list.o
       408        190          0          4          0     347399   main.o
       144         14          0          0          0       2345   misc.o
       768         72          0         16          0       4421   motor.o
      1552        424          0         57        182      22055   mpu6050.o
       866         42       2660          0       1024       9708   oled.o
       512         44          0          0        416       5282   pid.o
      1038        382          0         12          0      11529   port.o
       626         40          0         76          9       8368   pstwo.o
      3222        270          0         56        128       9247   quadruped.o
      1832        236          0          0         64      14269   queue.o
      1272        182          0         20          0       3152   show.o
        64         26        392          0       1536        884   startup_stm32f40_41xxx.o
       286         20          0          0          0       6090   stm32f4xx_adc.o
        16          0          0          0          0       1687   stm32f4xx_can.o
       152          0          0          0          0       1947   stm32f4xx_gpio.o
        12          0          0          0          0       3057   stm32f4xx_it.o
        12          6          0          0          0        590   stm32f4xx_pwr.o
       268         42          0         16          0       6336   stm32f4xx_rcc.o
      1274         60          0          0          0      26192   stm32f4xx_tim.o
       316          8          0          0          0       5416   stm32f4xx_usart.o
       160          4          0         17          0       1652   system.o
       272         36          0         20          0       1997   system_stm32f4xx.o
      2930        714          0         60        740      32653   tasks.o
       932         42          0         76          0       4977   timer.o
      1144        260          0         20         40      10798   timers.o
       986        112          0         20        250       7463   usart.o
       974        130          0          1         35       6391   usartx.o

    ----------------------------------------------------------------------
     36178       4500       6310        652      25036     676041   Object Totals
         0          0         32          0          0          0   (incl. Generated)
        44          0          7          9          4          0   (incl. Padding)

    ----------------------------------------------------------------------

      Code (inc. data)   RO Data    RW Data    ZI Data      Debug   Library Member Name

        90          0          0          0          0          0   __dczerorl2.o
         8          0          0          0          0         68   __main.o
       104          0          0          0          0         84   __printf.o
         0          0          0          0          0          0   __rtentry.o
        12          0          0          0          0          0   __rtentry2.o
         6          0          0          0          0          0   __rtentry4.o
        52          8          0          0          0          0   __scatter.o
        28          0          0          0          0          0   __scatter_zi.o
        44          0          0          0          0        108   _printf_char.o
        48          6          0          0          0         96   _printf_char_common.o
        36          4          0          0          0         80   _printf_char_file.o
         6          0          0          0          0          0   _printf_d.o
       120         16          0          0          0         92   _printf_dec.o
       178          0          0          0          0         88   _printf_intcommon.o
         0          0          0          0          0          0   _printf_percent.o
         4          0          0          0          0          0   _printf_percent_end.o
         6          0          0          0          0          0   _printf_s.o
        82          0          0          0          0         80   _printf_str.o
        22          0          0          0          0        100   _rserrno.o
        16          0          0          0          0         68   aeabi_memset.o
        18          0          0          0          0         80   exit.o
         8          0          0          0          0         68   ferror.o
         6          0          0          0          0        152   heapauxi.o
         2          0          0          0          0          0   libinit.o
         6          0          0          0          0          0   libinit2.o
         2          0          0          0          0          0   libshutdown.o
         2          0          0          0          0          0   libshutdown2.o
         8          4          0          0         96         68   libspace.o
        72          0          0          0          0         76   llsdiv.o
       238          0          0          0          0        100   lludivv7m.o
        88          0          0          0          0         76   memcmp.o
        24          4          0          0          0         84   noretval__2printf.o
         8          4          0          0          0         68   rt_errno_addr_intlibspace.o
        68          0          0          0          0         68   rt_memclr.o
        78          0          0          0          0         80   rt_memclr_w.o
       138          0          0          0          0         68   rt_memcpy_v6.o
       100          0          0          0          0         80   rt_memcpy_w.o
         2          0          0          0          0          0   rtexit.o
        10          0          0          0          0          0   rtexit2.o
        74          0          0          0          0         80   sys_stackheap_outer.o
         2          0          0          0          0         68   use_no_semi.o
         2          0          0          0          0         68   use_no_semi_2.o
        24          0          0          0          0        164   basic.o
        98          4          0          0          0        140   d2f.o
       826         16          0          0          0        492   daddsub_clz.o
        16          4          0          0          0        116   dcheck1.o
        24          0          0          0          0        116   dcmpi.o
       688        140          0          0          0        256   ddiv.o
        94          4          0          0          0        140   dfix.o
        84          0          0          0          0        232   dflt_clz.o
       120          4          0          0          0        140   dleqf.o
       340         12          0          0          0        152   dmul.o
       156          4          0          0          0        140   dnaninf.o
        12          0          0          0          0        116   dretinf.o
       108          0          0          0          0        128   drleqf.o
       408         56          0          0          0        168   dsqrt_umaal.o
        86          4          0          0          0        132   f2d.o
       140          4          0          0          0        132   fnaninf.o
        10          0          0          0          0        116   fpinit.o
        10          0          0          0          0        116   fretinf.o
       100          0          0          0          0        116   retnan.o
        92          0          0          0          0        116   scalbn.o
        48          0          0          0          0        116   trapv.o
         0          0          0          0          0          0   usenofp.o
       280         46          0          0          0        176   acosf.o
       864         94         80          0          0        280   asin.o
       744        106        152          0          0        352   atan.o
       496         64          0          0          0        192   atan2.o
       352         56          0          0          0        172   atanf.o
       336         56          0          0          0        136   cosf.o
       184         44          0          0          0        744   dunder.o
        24          0          0          0          0        124   fabs.o
        48          0          0          0          0        124   fpclassify.o
        38          0          0          0          0        116   fpclassifyf.o
        38         12          0          0          0        348   funder.o
       248          0          0          0          0        152   poly.o
      3152        296        136          0          0        352   pow.o
         0          0          8          0          0          0   qnan.o
       340         24         32          0          0        160   rredf.o
       400         56          0          0          0        212   sinf.o
       110          0          0          0          0        148   sqrt.o
       120          0          0          0          0        272   sqrtf.o

    ----------------------------------------------------------------------
     13104       1156        408          0         96       9552   Library Totals
        28          4          0          0          0          0   (incl. Padding)

    ----------------------------------------------------------------------

      Code (inc. data)   RO Data    RW Data    ZI Data      Debug   Library Name

      1818         46          0          0         96       2148   c_w.l
      3484        252          0          0          0       3344   fz_wm.l
      7774        854        408          0          0       4060   m_wm.l

    ----------------------------------------------------------------------
     13104       1156        408          0         96       9552   Library Totals

    ----------------------------------------------------------------------

==============================================================================


      Code (inc. data)   RO Data    RW Data    ZI Data      Debug   

     49282       5656       6718        652      25132     649049   Grand Totals
     49282       5656       6718        120      25132     649049   ELF Image Totals (compressed)
     49282       5656       6718        120          0          0   ROM Totals

==============================================================================

    Total RO  Size (Code + RO Data)                56000 (  54.69kB)
    Total RW  Size (RW Data + ZI Data)             25784 (  25.18kB)
    Total ROM Size (Code + RO Data + RW Data)      56120 (  54.80kB)

==============================================================================

